<?xml version="1.0" encoding="ISO-8859-1" ?>
<link_info>
   <banner>TMS320C2000 Linker PC v22.6.1.LTS</banner>
   <copyright>Copyright (c) 1996-2018 Texas Instruments Incorporated</copyright>
   <link_time>0x674fc1a7</link_time>
   <link_errors>0x0</link_errors>
   <output_file>TNR_DCAC_3P4D_50kHz_old.out</output_file>
   <entry_point>
      <name>_c_int00</name>
      <address>0xca94</address>
   </entry_point>
   <input_file_list>
      <input_file id="fl-2">
         <path>.\_1_PV_DC_AC\source\</path>
         <kind>object</kind>
         <file>PV_DevInit_F28377S.obj</file>
         <name>PV_DevInit_F28377S.obj</name>
      </input_file>
      <input_file id="fl-3">
         <path>.\_1_PV_DC_AC\source\</path>
         <kind>object</kind>
         <file>PV_Main.obj</file>
         <name>PV_Main.obj</name>
      </input_file>
      <input_file id="fl-4">
         <path>.\_1_PV_DC_AC\source\</path>
         <kind>object</kind>
         <file>PV_Task_C.obj</file>
         <name>PV_Task_C.obj</name>
      </input_file>
      <input_file id="fl-5">
         <path>.\_2_Libruary\Driver\source\</path>
         <kind>object</kind>
         <file>ADC_Conf.obj</file>
         <name>ADC_Conf.obj</name>
      </input_file>
      <input_file id="fl-6">
         <path>.\_2_Libruary\Driver\source\</path>
         <kind>object</kind>
         <file>PWM_3PHASE_Conf.obj</file>
         <name>PWM_3PHASE_Conf.obj</name>
      </input_file>
      <input_file id="fl-7">
         <path>.\_2_Libruary\Driver\source\</path>
         <kind>object</kind>
         <file>PWM_T_TYPE_Conf.obj</file>
         <name>PWM_T_TYPE_Conf.obj</name>
      </input_file>
      <input_file id="fl-8">
         <path>.\_2_Libruary\Driver\source\</path>
         <kind>object</kind>
         <file>hal.obj</file>
         <name>hal.obj</name>
      </input_file>
      <input_file id="fl-9">
         <path>.\_2_Libruary\Driver\source\</path>
         <kind>object</kind>
         <file>pga411.obj</file>
         <name>pga411.obj</name>
      </input_file>
      <input_file id="fl-a">
         <path>.\_3_Board\source\</path>
         <kind>object</kind>
         <file>Init_GPIO.obj</file>
         <name>Init_GPIO.obj</name>
      </input_file>
      <input_file id="fl-b">
         <path>.\_3_Board\source\</path>
         <kind>object</kind>
         <file>Led_debug.obj</file>
         <name>Led_debug.obj</name>
      </input_file>
      <input_file id="fl-c">
         <path>.\_3_Board\source\</path>
         <kind>object</kind>
         <file>delay.obj</file>
         <name>delay.obj</name>
      </input_file>
      <input_file id="fl-d">
         <path>.\_4_Device\F2837xD_common\driverlib\</path>
         <kind>object</kind>
         <file>can.obj</file>
         <name>can.obj</name>
      </input_file>
      <input_file id="fl-e">
         <path>.\_4_Device\F2837xD_common\driverlib\</path>
         <kind>object</kind>
         <file>clb.obj</file>
         <name>clb.obj</name>
      </input_file>
      <input_file id="fl-f">
         <path>.\_4_Device\F2837xD_common\driverlib\</path>
         <kind>object</kind>
         <file>clb_config.obj</file>
         <name>clb_config.obj</name>
      </input_file>
      <input_file id="fl-10">
         <path>.\_4_Device\F2837xD_common\driverlib\</path>
         <kind>object</kind>
         <file>interrupt.obj</file>
         <name>interrupt.obj</name>
      </input_file>
      <input_file id="fl-11">
         <path>.\_4_Device\F2837xD_common\driverlib\</path>
         <kind>object</kind>
         <file>sysctl.obj</file>
         <name>sysctl.obj</name>
      </input_file>
      <input_file id="fl-12">
         <path>.\_4_Device\F2837xD_common\driverlib\</path>
         <kind>object</kind>
         <file>systick.obj</file>
         <name>systick.obj</name>
      </input_file>
      <input_file id="fl-13">
         <path>.\_4_Device\F2837xD_common\driverlib\</path>
         <kind>object</kind>
         <file>uart.obj</file>
         <name>uart.obj</name>
      </input_file>
      <input_file id="fl-14">
         <path>.\_4_Device\F2837xD_common\source\</path>
         <kind>object</kind>
         <file>DelayUs.obj</file>
         <name>DelayUs.obj</name>
      </input_file>
      <input_file id="fl-15">
         <path>.\_4_Device\F2837xD_common\source\</path>
         <kind>object</kind>
         <file>F2837xD_CodeStartBranch.obj</file>
         <name>F2837xD_CodeStartBranch.obj</name>
      </input_file>
      <input_file id="fl-16">
         <path>.\_4_Device\F2837xD_common\source\</path>
         <kind>object</kind>
         <file>F2837xD_CpuTimers.obj</file>
         <name>F2837xD_CpuTimers.obj</name>
      </input_file>
      <input_file id="fl-17">
         <path>.\_4_Device\F2837xD_common\source\</path>
         <kind>object</kind>
         <file>F2837xD_DBGIER.obj</file>
         <name>F2837xD_DBGIER.obj</name>
      </input_file>
      <input_file id="fl-18">
         <path>.\_4_Device\F2837xD_common\source\</path>
         <kind>object</kind>
         <file>F2837xD_DefaultISR.obj</file>
         <name>F2837xD_DefaultISR.obj</name>
      </input_file>
      <input_file id="fl-19">
         <path>.\_4_Device\F2837xD_common\source\</path>
         <kind>object</kind>
         <file>F2837xD_Dma.obj</file>
         <name>F2837xD_Dma.obj</name>
      </input_file>
      <input_file id="fl-1a">
         <path>.\_4_Device\F2837xD_common\source\</path>
         <kind>object</kind>
         <file>F2837xD_ECap.obj</file>
         <name>F2837xD_ECap.obj</name>
      </input_file>
      <input_file id="fl-1b">
         <path>.\_4_Device\F2837xD_common\source\</path>
         <kind>object</kind>
         <file>F2837xD_TempSensorConv.obj</file>
         <name>F2837xD_TempSensorConv.obj</name>
      </input_file>
      <input_file id="fl-1c">
         <path>.\_4_Device\F2837xD_common\source\</path>
         <kind>object</kind>
         <file>F2837xD_Upp.obj</file>
         <name>F2837xD_Upp.obj</name>
      </input_file>
      <input_file id="fl-1d">
         <path>.\_4_Device\F2837xD_common\source\</path>
         <kind>object</kind>
         <file>F2837xD_sdfm_drivers.obj</file>
         <name>F2837xD_sdfm_drivers.obj</name>
      </input_file>
      <input_file id="fl-1e">
         <path>.\_4_Device\F2837xD_common\source\</path>
         <kind>object</kind>
         <file>F2837xD_struct.obj</file>
         <name>F2837xD_struct.obj</name>
      </input_file>
      <input_file id="fl-1f">
         <path>.\_4_Device\F2837xD_common\source\</path>
         <kind>object</kind>
         <file>F2837xD_usDelay.obj</file>
         <name>F2837xD_usDelay.obj</name>
      </input_file>
      <input_file id="fl-20">
         <path>.\_4_Device\F2837xD_headers\source\</path>
         <kind>object</kind>
         <file>F2837xD_GlobalVariableDefs.obj</file>
         <name>F2837xD_GlobalVariableDefs.obj</name>
      </input_file>
      <input_file id="fl-31">
         <kind>object</kind>
         <file>&lt;internal&gt;</file>
         <name>&lt;internal&gt;</name>
      </input_file>
      <input_file id="fl-32">
         <path>..\_2_Libruary\Math\CLAmath\lib\</path>
         <kind>archive</kind>
         <file>cla1_math_library_fpu32.lib</file>
         <name>CLAcosPU.obj</name>
      </input_file>
      <input_file id="fl-33">
         <path>..\_2_Libruary\Math\CLAmath\lib\</path>
         <kind>archive</kind>
         <file>cla1_math_library_fpu32.lib</file>
         <name>CLAsinPU.obj</name>
      </input_file>
      <input_file id="fl-34">
         <path>..\_2_Libruary\Math\CLAmath\lib\</path>
         <kind>archive</kind>
         <file>cla1_math_library_fpu32.lib</file>
         <name>CLASinCosTable.obj</name>
      </input_file>
      <input_file id="fl-40">
         <path>C:\ti\ccs1250\ccs\tools\compiler\ti-cgt-c2000_22.6.1.LTS\lib\</path>
         <kind>archive</kind>
         <file>rts2800_fpu32.lib</file>
         <name>boot28.asm.obj</name>
      </input_file>
      <input_file id="fl-41">
         <path>C:\ti\ccs1250\ccs\tools\compiler\ti-cgt-c2000_22.6.1.LTS\lib\</path>
         <kind>archive</kind>
         <file>rts2800_fpu32.lib</file>
         <name>fs_div28.asm.obj</name>
      </input_file>
      <input_file id="fl-42">
         <path>C:\ti\ccs1250\ccs\tools\compiler\ti-cgt-c2000_22.6.1.LTS\lib\</path>
         <kind>archive</kind>
         <file>rts2800_fpu32.lib</file>
         <name>cpy_tbl.c.obj</name>
      </input_file>
      <input_file id="fl-43">
         <path>C:\ti\ccs1250\ccs\tools\compiler\ti-cgt-c2000_22.6.1.LTS\lib\</path>
         <kind>archive</kind>
         <file>rts2800_fpu32.lib</file>
         <name>memcpy.c.obj</name>
      </input_file>
      <input_file id="fl-44">
         <path>C:\ti\ccs1250\ccs\tools\compiler\ti-cgt-c2000_22.6.1.LTS\lib\</path>
         <kind>archive</kind>
         <file>rts2800_fpu32.lib</file>
         <name>pre_init.c.obj</name>
      </input_file>
      <input_file id="fl-45">
         <path>C:\ti\ccs1250\ccs\tools\compiler\ti-cgt-c2000_22.6.1.LTS\lib\</path>
         <kind>archive</kind>
         <file>rts2800_fpu32.lib</file>
         <name>startup.c.obj</name>
      </input_file>
      <input_file id="fl-46">
         <path>C:\ti\ccs1250\ccs\tools\compiler\ti-cgt-c2000_22.6.1.LTS\lib\</path>
         <kind>archive</kind>
         <file>rts2800_fpu32.lib</file>
         <name>exit.c.obj</name>
      </input_file>
      <input_file id="fl-47">
         <path>C:\ti\ccs1250\ccs\tools\compiler\ti-cgt-c2000_22.6.1.LTS\lib\</path>
         <kind>archive</kind>
         <file>rts2800_fpu32.lib</file>
         <name>_lock.c.obj</name>
      </input_file>
      <input_file id="fl-48">
         <path>C:\ti\ccs1250\ccs\tools\compiler\ti-cgt-c2000_22.6.1.LTS\lib\</path>
         <kind>archive</kind>
         <file>rts2800_fpu32.lib</file>
         <name>args_main.c.obj</name>
      </input_file>
   </input_file_list>
   <object_component_list>
      <object_component id="oc-108">
         <name>codestart</name>
         <load_address>0x0</load_address>
         <run_address>0x0</run_address>
         <size>0x2</size>
         <input_file_ref idref="fl-15"/>
      </object_component>
      <object_component id="oc-13a">
         <name>ramfuncs</name>
         <load_address>0x2</load_address>
         <run_address>0x2</run_address>
         <size>0x4</size>
         <input_file_ref idref="fl-1f"/>
      </object_component>
      <object_component id="oc-f3">
         <name>ramfuncs</name>
         <load_address>0x6</load_address>
         <run_address>0x6</run_address>
         <size>0x4</size>
         <input_file_ref idref="fl-11"/>
      </object_component>
      <object_component id="oc-1fc">
         <name>.text</name>
         <load_address>0x400</load_address>
         <run_address>0x400</run_address>
         <size>0x3d0</size>
         <input_file_ref idref="fl-d"/>
      </object_component>
      <object_component id="oc-1fb">
         <name>.text</name>
         <load_address>0x7d0</load_address>
         <run_address>0x7d0</run_address>
         <size>0x29</size>
         <input_file_ref idref="fl-46"/>
      </object_component>
      <object_component id="oc-113">
         <name>.text</name>
         <load_address>0x7f9</load_address>
         <run_address>0x7f9</run_address>
         <size>0x3</size>
         <input_file_ref idref="fl-17"/>
      </object_component>
      <object_component id="oc-1f7">
         <name>.text</name>
         <load_address>0x7fc</load_address>
         <run_address>0x7fc</run_address>
         <size>0x2</size>
         <input_file_ref idref="fl-44"/>
      </object_component>
      <object_component id="oc-1f9">
         <name>.text</name>
         <load_address>0x7fe</load_address>
         <run_address>0x7fe</run_address>
         <size>0x1</size>
         <input_file_ref idref="fl-45"/>
      </object_component>
      <object_component id="oc-214">
         <name>.text</name>
         <load_address>0xbb00</load_address>
         <run_address>0xbb00</run_address>
         <size>0x75a</size>
         <input_file_ref idref="fl-2"/>
      </object_component>
      <object_component id="oc-21e">
         <name>.text</name>
         <load_address>0xc25a</load_address>
         <run_address>0xc25a</run_address>
         <size>0x96</size>
         <input_file_ref idref="fl-e"/>
      </object_component>
      <object_component id="oc-102">
         <name>.text</name>
         <load_address>0xc2f0</load_address>
         <run_address>0xc2f0</run_address>
         <size>0x10</size>
         <input_file_ref idref="fl-14"/>
      </object_component>
      <object_component id="oc-119">
         <name>.text:retain</name>
         <load_address>0xc300</load_address>
         <run_address>0xc300</run_address>
         <size>0x585</size>
         <input_file_ref idref="fl-18"/>
      </object_component>
      <object_component id="oc-218">
         <name>.text</name>
         <load_address>0xc885</load_address>
         <run_address>0xc885</run_address>
         <size>0x20f</size>
         <input_file_ref idref="fl-a"/>
      </object_component>
      <object_component id="oc-91">
         <name>.text</name>
         <load_address>0xca94</load_address>
         <run_address>0xca94</run_address>
         <size>0x56</size>
         <input_file_ref idref="fl-40"/>
      </object_component>
      <object_component id="oc-1fa">
         <name>.text</name>
         <load_address>0xcaea</load_address>
         <run_address>0xcaea</run_address>
         <size>0x12</size>
         <input_file_ref idref="fl-48"/>
      </object_component>
      <object_component id="oc-1fd">
         <name>.text</name>
         <load_address>0x14000</load_address>
         <run_address>0x14000</run_address>
         <size>0x9e5</size>
         <input_file_ref idref="fl-3"/>
      </object_component>
      <object_component id="oc-9c">
         <name>.text:retain</name>
         <load_address>0x149e5</load_address>
         <run_address>0x149e5</run_address>
         <size>0x41d</size>
         <input_file_ref idref="fl-3"/>
      </object_component>
      <object_component id="oc-215">
         <name>.text</name>
         <load_address>0x14e02</load_address>
         <run_address>0x14e02</run_address>
         <size>0x1e0</size>
         <input_file_ref idref="fl-5"/>
      </object_component>
      <object_component id="oc-209">
         <name>.text</name>
         <load_address>0x14fe2</load_address>
         <run_address>0x14fe2</run_address>
         <size>0x1d</size>
         <input_file_ref idref="fl-43"/>
      </object_component>
      <object_component id="oc-20c">
         <name>.text</name>
         <load_address>0x15000</load_address>
         <run_address>0x15000</run_address>
         <size>0x15a</size>
         <input_file_ref idref="fl-10"/>
      </object_component>
      <object_component id="oc-216">
         <name>.text</name>
         <load_address>0x1515a</load_address>
         <run_address>0x1515a</run_address>
         <size>0x140</size>
         <input_file_ref idref="fl-6"/>
      </object_component>
      <object_component id="oc-21c">
         <name>.text</name>
         <load_address>0x1529a</load_address>
         <run_address>0x1529a</run_address>
         <size>0xaa</size>
         <input_file_ref idref="fl-f"/>
      </object_component>
      <object_component id="oc-1cd">
         <name>.text</name>
         <load_address>0x15344</load_address>
         <run_address>0x15344</run_address>
         <size>0x88</size>
         <input_file_ref idref="fl-41"/>
      </object_component>
      <object_component id="oc-1f8">
         <name>.text</name>
         <load_address>0x153cc</load_address>
         <run_address>0x153cc</run_address>
         <size>0x24</size>
         <input_file_ref idref="fl-42"/>
      </object_component>
      <object_component id="oc-219">
         <name>.text</name>
         <load_address>0x153f0</load_address>
         <run_address>0x153f0</run_address>
         <size>0x20</size>
         <input_file_ref idref="fl-c"/>
      </object_component>
      <object_component id="oc-ed">
         <name>.text:retain</name>
         <load_address>0x15410</load_address>
         <run_address>0x15410</run_address>
         <size>0xf</size>
         <input_file_ref idref="fl-10"/>
      </object_component>
      <object_component id="oc-93">
         <name>.text:retain</name>
         <load_address>0x1541f</load_address>
         <run_address>0x1541f</run_address>
         <size>0xa</size>
         <input_file_ref idref="fl-2"/>
      </object_component>
      <object_component id="oc-21a">
         <name>.text</name>
         <load_address>0x15429</load_address>
         <run_address>0x15429</run_address>
         <size>0x9</size>
         <input_file_ref idref="fl-47"/>
      </object_component>
      <object_component id="oc-107">
         <name>.text</name>
         <load_address>0x15432</load_address>
         <run_address>0x15432</run_address>
         <size>0x8</size>
         <input_file_ref idref="fl-15"/>
      </object_component>
      <object_component id="oc-99">
         <name>.cinit</name>
         <load_address>0xcb00</load_address>
         <run_address>0xcb00</run_address>
         <size>0xff</size>
         <input_file_ref idref="fl-3"/>
      </object_component>
      <object_component id="oc-220">
         <name>.cinit:_TILE1HLCInstr</name>
         <load_address>0xcbff</load_address>
         <run_address>0xcbff</run_address>
         <size>0x23</size>
         <input_file_ref idref="fl-f"/>
      </object_component>
      <object_component id="oc-171">
         <name>.cinit:_TRIP_SEL</name>
         <load_address>0xcc22</load_address>
         <run_address>0xcc22</run_address>
         <size>0x21</size>
         <input_file_ref idref="fl-1e"/>
      </object_component>
      <object_component id="oc-1a5">
         <name>.cinit:_EPWM</name>
         <load_address>0xcc43</load_address>
         <run_address>0xcc43</run_address>
         <size>0x1d</size>
         <input_file_ref idref="fl-1e"/>
      </object_component>
      <object_component id="oc-1a4">
         <name>.cinit:_ePWM</name>
         <load_address>0xcc60</load_address>
         <run_address>0xcc60</run_address>
         <size>0x1d</size>
         <input_file_ref idref="fl-3"/>
      </object_component>
      <object_component id="oc-16a">
         <name>.cinit:_ECAP</name>
         <load_address>0xcc7d</load_address>
         <run_address>0xcc7d</run_address>
         <size>0x11</size>
         <input_file_ref idref="fl-1e"/>
      </object_component>
      <object_component id="oc-1e7">
         <name>.cinit</name>
         <load_address>0xcc8e</load_address>
         <run_address>0xcc8e</run_address>
         <size>0xe</size>
         <input_file_ref idref="fl-46"/>
      </object_component>
      <object_component id="oc-199">
         <name>.cinit:_ADC</name>
         <load_address>0xcc9c</load_address>
         <run_address>0xcc9c</run_address>
         <size>0xd</size>
         <input_file_ref idref="fl-1e"/>
      </object_component>
      <object_component id="oc-176">
         <name>.cinit:_EQEP</name>
         <load_address>0xcca9</load_address>
         <run_address>0xcca9</run_address>
         <size>0xb</size>
         <input_file_ref idref="fl-1e"/>
      </object_component>
      <object_component id="oc-156">
         <name>.cinit:_SPI</name>
         <load_address>0xccb4</load_address>
         <run_address>0xccb4</run_address>
         <size>0xb</size>
         <input_file_ref idref="fl-1e"/>
      </object_component>
      <object_component id="oc-20f">
         <name>.cinit:_ucTXMsgData</name>
         <load_address>0xccbf</load_address>
         <run_address>0xccbf</run_address>
         <size>0xb</size>
         <input_file_ref idref="fl-3"/>
      </object_component>
      <object_component id="oc-19f">
         <name>.cinit:_SDFM</name>
         <load_address>0xccca</load_address>
         <run_address>0xccca</run_address>
         <size>0x9</size>
         <input_file_ref idref="fl-1e"/>
      </object_component>
      <object_component id="oc-17a">
         <name>.cinit:_I2C</name>
         <load_address>0xccd3</load_address>
         <run_address>0xccd3</run_address>
         <size>0x7</size>
         <input_file_ref idref="fl-1e"/>
      </object_component>
      <object_component id="oc-180">
         <name>.cinit:_MCBSP</name>
         <load_address>0xccda</load_address>
         <run_address>0xccda</run_address>
         <size>0x7</size>
         <input_file_ref idref="fl-1e"/>
      </object_component>
      <object_component id="oc-151">
         <name>.cinit:_SCI</name>
         <load_address>0xcce1</load_address>
         <run_address>0xcce1</run_address>
         <size>0x7</size>
         <input_file_ref idref="fl-1e"/>
      </object_component>
      <object_component id="oc-20b">
         <name>.cinit:__lock</name>
         <load_address>0xcce8</load_address>
         <run_address>0xcce8</run_address>
         <size>0x5</size>
         <input_file_ref idref="fl-47"/>
      </object_component>
      <object_component id="oc-21b">
         <name>.cinit:__unlock</name>
         <load_address>0xcced</load_address>
         <run_address>0xcced</run_address>
         <size>0x5</size>
         <input_file_ref idref="fl-47"/>
      </object_component>
      <object_component id="oc-c8">
         <name>.cinit</name>
         <load_address>0xccf2</load_address>
         <run_address>0xccf2</run_address>
         <size>0x5</size>
         <input_file_ref idref="fl-9"/>
      </object_component>
      <object_component id="oc-210">
         <name>.switch:_SEND_CAN</name>
         <load_address>0xccfa</load_address>
         <run_address>0xccfa</run_address>
         <size>0x1a</size>
         <input_file_ref idref="fl-3"/>
      </object_component>
      <object_component id="oc-20d">
         <name>.econst:_g_ui16CANBitValues</name>
         <load_address>0xf000</load_address>
         <run_address>0xf000</run_address>
         <size>0x9</size>
         <input_file_ref idref="fl-d"/>
      </object_component>
      <object_component id="oc-1c6">
         <name>CLA1mathTables</name>
         <load_address>0x824e</load_address>
         <run_address>0x824e</run_address>
         <size>0x156</size>
         <input_file_ref idref="fl-34"/>
      </object_component>
      <object_component id="oc-ad">
         <name>Cla1Prog:_Cla1Task1</name>
         <load_address>0x8800</load_address>
         <run_address>0x8800</run_address>
         <size>0x1df8</size>
         <input_file_ref idref="fl-4"/>
      </object_component>
      <object_component id="oc-a6">
         <name>Cla1Prog:_Cla1Task8</name>
         <load_address>0xa5f8</load_address>
         <run_address>0xa5f8</run_address>
         <size>0x27e</size>
         <input_file_ref idref="fl-4"/>
      </object_component>
      <object_component id="oc-1ba">
         <name>Cla1Prog:_CLAcosPU</name>
         <load_address>0xa876</load_address>
         <run_address>0xa876</run_address>
         <size>0x38</size>
         <input_file_ref idref="fl-32"/>
      </object_component>
      <object_component id="oc-1c0">
         <name>Cla1Prog:_CLAsinPU</name>
         <load_address>0xa8ae</load_address>
         <run_address>0xa8ae</run_address>
         <size>0x38</size>
         <input_file_ref idref="fl-33"/>
      </object_component>
      <object_component id="oc-ac">
         <name>Cla1Prog:_Cla1Task2</name>
         <load_address>0xa8e6</load_address>
         <run_address>0xa8e6</run_address>
         <size>0x8</size>
         <input_file_ref idref="fl-4"/>
      </object_component>
      <object_component id="oc-ab">
         <name>Cla1Prog:_Cla1Task3</name>
         <load_address>0xa8ee</load_address>
         <run_address>0xa8ee</run_address>
         <size>0x8</size>
         <input_file_ref idref="fl-4"/>
      </object_component>
      <object_component id="oc-aa">
         <name>Cla1Prog:_Cla1Task4</name>
         <load_address>0xa8f6</load_address>
         <run_address>0xa8f6</run_address>
         <size>0x8</size>
         <input_file_ref idref="fl-4"/>
      </object_component>
      <object_component id="oc-a9">
         <name>Cla1Prog:_Cla1Task5</name>
         <load_address>0xa8fe</load_address>
         <run_address>0xa8fe</run_address>
         <size>0x8</size>
         <input_file_ref idref="fl-4"/>
      </object_component>
      <object_component id="oc-a8">
         <name>Cla1Prog:_Cla1Task6</name>
         <load_address>0xa906</load_address>
         <run_address>0xa906</run_address>
         <size>0x8</size>
         <input_file_ref idref="fl-4"/>
      </object_component>
      <object_component id="oc-a7">
         <name>Cla1Prog:_Cla1Task7</name>
         <load_address>0xa90e</load_address>
         <run_address>0xa90e</run_address>
         <size>0x8</size>
         <input_file_ref idref="fl-4"/>
      </object_component>
      <object_component id="oc-a2">
         <name>CLADataLS0</name>
         <uninitialized>true</uninitialized>
         <run_address>0x8000</run_address>
         <size>0x24e</size>
         <input_file_ref idref="fl-4"/>
      </object_component>
      <object_component id="oc-a4">
         <name>Cla1ToCpuMsgRAM</name>
         <uninitialized>true</uninitialized>
         <run_address>0x1480</run_address>
         <size>0x74</size>
         <input_file_ref idref="fl-4"/>
      </object_component>
      <object_component id="oc-a3">
         <name>CpuToCla1MsgRAM</name>
         <uninitialized>true</uninitialized>
         <run_address>0x1500</run_address>
         <size>0x3a</size>
         <input_file_ref idref="fl-4"/>
      </object_component>
      <object_component id="oc-ae">
         <name>.scratchpad:Cla1Prog:_Cla1Task1</name>
         <uninitialized>true</uninitialized>
         <run_address>0x84b4</run_address>
         <size>0x8</size>
         <input_file_ref idref="fl-4"/>
      </object_component>
      <object_component id="oc-1bb">
         <name>.scratchpad:Cla1Prog:_CLAcosPU</name>
         <uninitialized>true</uninitialized>
         <run_address>0x84bc</run_address>
         <size>0x2</size>
         <input_file_ref idref="fl-32"/>
      </object_component>
      <object_component id="oc-1c1">
         <name>.scratchpad:Cla1Prog:_CLAsinPU</name>
         <uninitialized>true</uninitialized>
         <run_address>0x84bc</run_address>
         <size>0x2</size>
         <input_file_ref idref="fl-33"/>
      </object_component>
      <object_component id="oc-a5">
         <name>.bss_cla</name>
         <uninitialized>true</uninitialized>
         <run_address>0x84a4</run_address>
         <size>0xf</size>
         <input_file_ref idref="fl-4"/>
      </object_component>
      <object_component id="oc-1c8">
         <name>.reset</name>
         <load_address>0x3fffc0</load_address>
         <run_address>0x3fffc0</run_address>
         <size>0x2</size>
         <input_file_ref idref="fl-40"/>
      </object_component>
      <object_component id="oc-1c7">
         <name>.stack</name>
         <uninitialized>true</uninitialized>
         <run_address>0xe000</run_address>
         <size>0x0</size>
         <input_file_ref idref="fl-40"/>
      </object_component>
      <object_component id="oc-2c0">
         <name>.stack</name>
         <uninitialized>true</uninitialized>
         <run_address>0xe000</run_address>
         <size>0x0</size>
      </object_component>
      <object_component id="oc-9a">
         <name>.ebss</name>
         <uninitialized>true</uninitialized>
         <run_address>0x11000</run_address>
         <size>0xbc</size>
         <input_file_ref idref="fl-3"/>
      </object_component>
      <object_component id="oc-211">
         <name>.ebss:_VTimer0</name>
         <uninitialized>true</uninitialized>
         <run_address>0x111a2</run_address>
         <size>0x4</size>
         <input_file_ref idref="fl-3"/>
      </object_component>
      <object_component id="oc-212">
         <name>.ebss:_VTimer1</name>
         <uninitialized>true</uninitialized>
         <run_address>0x111a6</run_address>
         <size>0x4</size>
         <input_file_ref idref="fl-3"/>
      </object_component>
      <object_component id="oc-213">
         <name>.ebss:_VTimer2</name>
         <uninitialized>true</uninitialized>
         <run_address>0x111aa</run_address>
         <size>0x4</size>
         <input_file_ref idref="fl-3"/>
      </object_component>
      <object_component id="oc-20e">
         <name>.ebss:_ucTXMsgData</name>
         <uninitialized>true</uninitialized>
         <run_address>0x11180</run_address>
         <size>0x8</size>
         <input_file_ref idref="fl-3"/>
      </object_component>
      <object_component id="oc-217">
         <name>.ebss:_ucRXMsgData</name>
         <uninitialized>true</uninitialized>
         <run_address>0x11176</run_address>
         <size>0x8</size>
         <input_file_ref idref="fl-3"/>
      </object_component>
      <object_component id="oc-207">
         <name>.ebss:_ePWM</name>
         <uninitialized>true</uninitialized>
         <run_address>0x1111a</run_address>
         <size>0x1a</size>
         <input_file_ref idref="fl-3"/>
      </object_component>
      <object_component id="oc-c9">
         <name>.ebss</name>
         <uninitialized>true</uninitialized>
         <run_address>0x1117e</run_address>
         <size>0x2</size>
         <input_file_ref idref="fl-9"/>
      </object_component>
      <object_component id="oc-21f">
         <name>.ebss:_TILE1HLCInstr</name>
         <uninitialized>true</uninitialized>
         <run_address>0x110c0</run_address>
         <size>0x20</size>
         <input_file_ref idref="fl-f"/>
      </object_component>
      <object_component id="oc-10e">
         <name>.ebss</name>
         <uninitialized>true</uninitialized>
         <run_address>0x11140</run_address>
         <size>0x18</size>
         <input_file_ref idref="fl-16"/>
      </object_component>
      <object_component id="oc-129">
         <name>.ebss</name>
         <uninitialized>true</uninitialized>
         <run_address>0x11188</run_address>
         <size>0x6</size>
         <input_file_ref idref="fl-1b"/>
      </object_component>
      <object_component id="oc-203">
         <name>.ebss:_I2C</name>
         <uninitialized>true</uninitialized>
         <run_address>0x110bc</run_address>
         <size>0x4</size>
         <input_file_ref idref="fl-1e"/>
      </object_component>
      <object_component id="oc-204">
         <name>.ebss:_MCBSP</name>
         <uninitialized>true</uninitialized>
         <run_address>0x1119a</run_address>
         <size>0x4</size>
         <input_file_ref idref="fl-1e"/>
      </object_component>
      <object_component id="oc-1fe">
         <name>.ebss:_SCI</name>
         <uninitialized>true</uninitialized>
         <run_address>0x1119e</run_address>
         <size>0x4</size>
         <input_file_ref idref="fl-1e"/>
      </object_component>
      <object_component id="oc-206">
         <name>.ebss:_SDFM</name>
         <uninitialized>true</uninitialized>
         <run_address>0x1118e</run_address>
         <size>0x6</size>
         <input_file_ref idref="fl-1e"/>
      </object_component>
      <object_component id="oc-202">
         <name>.ebss:_EQEP</name>
         <uninitialized>true</uninitialized>
         <run_address>0x11166</run_address>
         <size>0x8</size>
         <input_file_ref idref="fl-1e"/>
      </object_component>
      <object_component id="oc-1ff">
         <name>.ebss:_SPI</name>
         <uninitialized>true</uninitialized>
         <run_address>0x1116e</run_address>
         <size>0x8</size>
         <input_file_ref idref="fl-1e"/>
      </object_component>
      <object_component id="oc-205">
         <name>.ebss:_ADC</name>
         <uninitialized>true</uninitialized>
         <run_address>0x11134</run_address>
         <size>0xa</size>
         <input_file_ref idref="fl-1e"/>
      </object_component>
      <object_component id="oc-200">
         <name>.ebss:_ECAP</name>
         <uninitialized>true</uninitialized>
         <run_address>0x11158</run_address>
         <size>0xe</size>
         <input_file_ref idref="fl-1e"/>
      </object_component>
      <object_component id="oc-208">
         <name>.ebss:_EPWM</name>
         <uninitialized>true</uninitialized>
         <run_address>0x11100</run_address>
         <size>0x1a</size>
         <input_file_ref idref="fl-1e"/>
      </object_component>
      <object_component id="oc-201">
         <name>.ebss:_TRIP_SEL</name>
         <uninitialized>true</uninitialized>
         <run_address>0x110e0</run_address>
         <size>0x1e</size>
         <input_file_ref idref="fl-1e"/>
      </object_component>
      <object_component id="oc-1e8">
         <name>.ebss</name>
         <uninitialized>true</uninitialized>
         <run_address>0x11194</run_address>
         <size>0x6</size>
         <input_file_ref idref="fl-46"/>
      </object_component>
      <object_component id="oc-20a">
         <name>.ebss:__lock</name>
         <uninitialized>true</uninitialized>
         <run_address>0x110fe</run_address>
         <size>0x2</size>
         <input_file_ref idref="fl-47"/>
      </object_component>
      <object_component id="oc-21d">
         <name>.ebss:__unlock</name>
         <uninitialized>true</uninitialized>
         <run_address>0x1113e</run_address>
         <size>0x2</size>
         <input_file_ref idref="fl-47"/>
      </object_component>
      <object_component id="oc-187">
         <name>Clb1LogicCfgRegsFile</name>
         <uninitialized>true</uninitialized>
         <run_address>0x3000</run_address>
         <size>0x3e</size>
         <input_file_ref idref="fl-20"/>
      </object_component>
      <object_component id="oc-18b">
         <name>Clb1LogicCtrlRegsFile</name>
         <uninitialized>true</uninitialized>
         <run_address>0x3100</run_address>
         <size>0x40</size>
         <input_file_ref idref="fl-20"/>
      </object_component>
      <object_component id="oc-188">
         <name>Clb2LogicCfgRegsFile</name>
         <uninitialized>true</uninitialized>
         <run_address>0x3400</run_address>
         <size>0x3e</size>
         <input_file_ref idref="fl-20"/>
      </object_component>
      <object_component id="oc-18c">
         <name>Clb2LogicCtrlRegsFile</name>
         <uninitialized>true</uninitialized>
         <run_address>0x3500</run_address>
         <size>0x40</size>
         <input_file_ref idref="fl-20"/>
      </object_component>
      <object_component id="oc-189">
         <name>Clb3LogicCfgRegsFile</name>
         <uninitialized>true</uninitialized>
         <run_address>0x3800</run_address>
         <size>0x3e</size>
         <input_file_ref idref="fl-20"/>
      </object_component>
      <object_component id="oc-18d">
         <name>Clb3LogicCtrlRegsFile</name>
         <uninitialized>true</uninitialized>
         <run_address>0x3900</run_address>
         <size>0x40</size>
         <input_file_ref idref="fl-20"/>
      </object_component>
      <object_component id="oc-18a">
         <name>Clb4LogicCfgRegsFile</name>
         <uninitialized>true</uninitialized>
         <run_address>0x3c00</run_address>
         <size>0x3e</size>
         <input_file_ref idref="fl-20"/>
      </object_component>
      <object_component id="oc-18e">
         <name>Clb4LogicCtrlRegsFile</name>
         <uninitialized>true</uninitialized>
         <run_address>0x3d00</run_address>
         <size>0x40</size>
         <input_file_ref idref="fl-20"/>
      </object_component>
      <object_component id="oc-1b8">
         <name>PieVectTableFile</name>
         <uninitialized>true</uninitialized>
         <run_address>0xd00</run_address>
         <size>0x1c0</size>
         <input_file_ref idref="fl-20"/>
      </object_component>
      <object_component id="oc-140">
         <name>EmuKeyVar</name>
         <uninitialized>true</uninitialized>
         <run_address>0xd00</run_address>
         <size>0x1</size>
         <input_file_ref idref="fl-20"/>
      </object_component>
      <object_component id="oc-141">
         <name>EmuBModeVar</name>
         <uninitialized>true</uninitialized>
         <run_address>0xd01</run_address>
         <size>0x1</size>
         <input_file_ref idref="fl-20"/>
      </object_component>
      <object_component id="oc-159">
         <name>AdcaResultFile</name>
         <uninitialized>true</uninitialized>
         <run_address>0xb00</run_address>
         <size>0x18</size>
         <input_file_ref idref="fl-20"/>
      </object_component>
      <object_component id="oc-15a">
         <name>AdcbResultFile</name>
         <uninitialized>true</uninitialized>
         <run_address>0xb20</run_address>
         <size>0x18</size>
         <input_file_ref idref="fl-20"/>
      </object_component>
      <object_component id="oc-15b">
         <name>AdccResultFile</name>
         <uninitialized>true</uninitialized>
         <run_address>0xb40</run_address>
         <size>0x18</size>
         <input_file_ref idref="fl-20"/>
      </object_component>
      <object_component id="oc-15c">
         <name>AdcdResultFile</name>
         <uninitialized>true</uninitialized>
         <run_address>0xb60</run_address>
         <size>0x18</size>
         <input_file_ref idref="fl-20"/>
      </object_component>
      <object_component id="oc-198">
         <name>AdcaRegsFile</name>
         <uninitialized>true</uninitialized>
         <run_address>0x7400</run_address>
         <size>0x80</size>
         <input_file_ref idref="fl-20"/>
      </object_component>
      <object_component id="oc-19a">
         <name>AdcbRegsFile</name>
         <uninitialized>true</uninitialized>
         <run_address>0x7480</run_address>
         <size>0x80</size>
         <input_file_ref idref="fl-20"/>
      </object_component>
      <object_component id="oc-19b">
         <name>AdccRegsFile</name>
         <uninitialized>true</uninitialized>
         <run_address>0x7500</run_address>
         <size>0x80</size>
         <input_file_ref idref="fl-20"/>
      </object_component>
      <object_component id="oc-19c">
         <name>AdcdRegsFile</name>
         <uninitialized>true</uninitialized>
         <run_address>0x7580</run_address>
         <size>0x80</size>
         <input_file_ref idref="fl-20"/>
      </object_component>
      <object_component id="oc-194">
         <name>AnalogSubsysRegsFile</name>
         <uninitialized>true</uninitialized>
         <run_address>0x5d180</run_address>
         <size>0x48</size>
         <input_file_ref idref="fl-20"/>
      </object_component>
      <object_component id="oc-186">
         <name>Cla1RegsFile</name>
         <uninitialized>true</uninitialized>
         <run_address>0x1400</run_address>
         <size>0x3e</size>
         <input_file_ref idref="fl-20"/>
      </object_component>
      <object_component id="oc-145">
         <name>Cla1SoftIntRegsFile</name>
         <uninitialized>true</uninitialized>
         <run_address>0xce0</run_address>
         <size>0x4</size>
         <input_file_ref idref="fl-20"/>
      </object_component>
      <object_component id="oc-18f">
         <name>ClbXbarRegsFile</name>
         <uninitialized>true</uninitialized>
         <run_address>0x7a40</run_address>
         <size>0x40</size>
         <input_file_ref idref="fl-20"/>
      </object_component>
      <object_component id="oc-15f">
         <name>Cmpss1RegsFile</name>
         <uninitialized>true</uninitialized>
         <run_address>0x5c80</run_address>
         <size>0x20</size>
         <input_file_ref idref="fl-20"/>
      </object_component>
      <object_component id="oc-160">
         <name>Cmpss2RegsFile</name>
         <uninitialized>true</uninitialized>
         <run_address>0x5ca0</run_address>
         <size>0x20</size>
         <input_file_ref idref="fl-20"/>
      </object_component>
      <object_component id="oc-161">
         <name>Cmpss3RegsFile</name>
         <uninitialized>true</uninitialized>
         <run_address>0x5cc0</run_address>
         <size>0x20</size>
         <input_file_ref idref="fl-20"/>
      </object_component>
      <object_component id="oc-162">
         <name>Cmpss4RegsFile</name>
         <uninitialized>true</uninitialized>
         <run_address>0x5ce0</run_address>
         <size>0x20</size>
         <input_file_ref idref="fl-20"/>
      </object_component>
      <object_component id="oc-163">
         <name>Cmpss5RegsFile</name>
         <uninitialized>true</uninitialized>
         <run_address>0x5d00</run_address>
         <size>0x20</size>
         <input_file_ref idref="fl-20"/>
      </object_component>
      <object_component id="oc-164">
         <name>Cmpss6RegsFile</name>
         <uninitialized>true</uninitialized>
         <run_address>0x5d20</run_address>
         <size>0x20</size>
         <input_file_ref idref="fl-20"/>
      </object_component>
      <object_component id="oc-165">
         <name>Cmpss7RegsFile</name>
         <uninitialized>true</uninitialized>
         <run_address>0x5d40</run_address>
         <size>0x20</size>
         <input_file_ref idref="fl-20"/>
      </object_component>
      <object_component id="oc-166">
         <name>Cmpss8RegsFile</name>
         <uninitialized>true</uninitialized>
         <run_address>0x5d60</run_address>
         <size>0x20</size>
         <input_file_ref idref="fl-20"/>
      </object_component>
      <object_component id="oc-14b">
         <name>CpuTimer0RegsFile</name>
         <uninitialized>true</uninitialized>
         <run_address>0xc00</run_address>
         <size>0x8</size>
         <input_file_ref idref="fl-20"/>
      </object_component>
      <object_component id="oc-14c">
         <name>CpuTimer1RegsFile</name>
         <uninitialized>true</uninitialized>
         <run_address>0xc08</run_address>
         <size>0x8</size>
         <input_file_ref idref="fl-20"/>
      </object_component>
      <object_component id="oc-14d">
         <name>CpuTimer2RegsFile</name>
         <uninitialized>true</uninitialized>
         <run_address>0xc10</run_address>
         <size>0x8</size>
         <input_file_ref idref="fl-20"/>
      </object_component>
      <object_component id="oc-148">
         <name>DacaRegsFile</name>
         <uninitialized>true</uninitialized>
         <run_address>0x5c00</run_address>
         <size>0x8</size>
         <input_file_ref idref="fl-20"/>
      </object_component>
      <object_component id="oc-149">
         <name>DacbRegsFile</name>
         <uninitialized>true</uninitialized>
         <run_address>0x5c10</run_address>
         <size>0x8</size>
         <input_file_ref idref="fl-20"/>
      </object_component>
      <object_component id="oc-14a">
         <name>DaccRegsFile</name>
         <uninitialized>true</uninitialized>
         <run_address>0x5c20</run_address>
         <size>0x8</size>
         <input_file_ref idref="fl-20"/>
      </object_component>
      <object_component id="oc-17c">
         <name>DcsmZ1RegsFile</name>
         <uninitialized>true</uninitialized>
         <run_address>0x5f000</run_address>
         <size>0x24</size>
         <input_file_ref idref="fl-20"/>
      </object_component>
      <object_component id="oc-17d">
         <name>DcsmZ2RegsFile</name>
         <uninitialized>true</uninitialized>
         <run_address>0x5f040</run_address>
         <size>0x24</size>
         <input_file_ref idref="fl-20"/>
      </object_component>
      <object_component id="oc-14e">
         <name>DcsmCommonRegsFile</name>
         <uninitialized>true</uninitialized>
         <run_address>0x5f070</run_address>
         <size>0x8</size>
         <input_file_ref idref="fl-20"/>
      </object_component>
      <object_component id="oc-167">
         <name>DcsmZ1OtpFile</name>
         <uninitialized>true</uninitialized>
         <run_address>0x78000</run_address>
         <size>0x20</size>
         <input_file_ref idref="fl-20"/>
      </object_component>
      <object_component id="oc-168">
         <name>DcsmZ2OtpFile</name>
         <uninitialized>true</uninitialized>
         <run_address>0x78200</run_address>
         <size>0x20</size>
         <input_file_ref idref="fl-20"/>
      </object_component>
      <object_component id="oc-1a2">
         <name>DmaRegsFile</name>
         <uninitialized>true</uninitialized>
         <run_address>0x1000</run_address>
         <size>0xe0</size>
         <input_file_ref idref="fl-20"/>
      </object_component>
      <object_component id="oc-15d">
         <name>DmaClaSrcSelRegsFile</name>
         <uninitialized>true</uninitialized>
         <run_address>0x7980</run_address>
         <size>0x1a</size>
         <input_file_ref idref="fl-20"/>
      </object_component>
      <object_component id="oc-169">
         <name>ECap1RegsFile</name>
         <uninitialized>true</uninitialized>
         <run_address>0x5000</run_address>
         <size>0x20</size>
         <input_file_ref idref="fl-20"/>
      </object_component>
      <object_component id="oc-16b">
         <name>ECap2RegsFile</name>
         <uninitialized>true</uninitialized>
         <run_address>0x5020</run_address>
         <size>0x20</size>
         <input_file_ref idref="fl-20"/>
      </object_component>
      <object_component id="oc-16c">
         <name>ECap3RegsFile</name>
         <uninitialized>true</uninitialized>
         <run_address>0x5040</run_address>
         <size>0x20</size>
         <input_file_ref idref="fl-20"/>
      </object_component>
      <object_component id="oc-16d">
         <name>ECap4RegsFile</name>
         <uninitialized>true</uninitialized>
         <run_address>0x5060</run_address>
         <size>0x20</size>
         <input_file_ref idref="fl-20"/>
      </object_component>
      <object_component id="oc-16e">
         <name>ECap5RegsFile</name>
         <uninitialized>true</uninitialized>
         <run_address>0x5080</run_address>
         <size>0x20</size>
         <input_file_ref idref="fl-20"/>
      </object_component>
      <object_component id="oc-16f">
         <name>ECap6RegsFile</name>
         <uninitialized>true</uninitialized>
         <run_address>0x50a0</run_address>
         <size>0x20</size>
         <input_file_ref idref="fl-20"/>
      </object_component>
      <object_component id="oc-196">
         <name>Emif1RegsFile</name>
         <uninitialized>true</uninitialized>
         <run_address>0x47000</run_address>
         <size>0x70</size>
         <input_file_ref idref="fl-20"/>
      </object_component>
      <object_component id="oc-197">
         <name>Emif2RegsFile</name>
         <uninitialized>true</uninitialized>
         <run_address>0x47800</run_address>
         <size>0x70</size>
         <input_file_ref idref="fl-20"/>
      </object_component>
      <object_component id="oc-1a3">
         <name>EPwm1RegsFile</name>
         <uninitialized>true</uninitialized>
         <run_address>0x4000</run_address>
         <size>0x100</size>
         <input_file_ref idref="fl-20"/>
      </object_component>
      <object_component id="oc-1a6">
         <name>EPwm2RegsFile</name>
         <uninitialized>true</uninitialized>
         <run_address>0x4100</run_address>
         <size>0x100</size>
         <input_file_ref idref="fl-20"/>
      </object_component>
      <object_component id="oc-1a7">
         <name>EPwm3RegsFile</name>
         <uninitialized>true</uninitialized>
         <run_address>0x4200</run_address>
         <size>0x100</size>
         <input_file_ref idref="fl-20"/>
      </object_component>
      <object_component id="oc-1a8">
         <name>EPwm4RegsFile</name>
         <uninitialized>true</uninitialized>
         <run_address>0x4300</run_address>
         <size>0x100</size>
         <input_file_ref idref="fl-20"/>
      </object_component>
      <object_component id="oc-1a9">
         <name>EPwm5RegsFile</name>
         <uninitialized>true</uninitialized>
         <run_address>0x4400</run_address>
         <size>0x100</size>
         <input_file_ref idref="fl-20"/>
      </object_component>
      <object_component id="oc-1aa">
         <name>EPwm6RegsFile</name>
         <uninitialized>true</uninitialized>
         <run_address>0x4500</run_address>
         <size>0x100</size>
         <input_file_ref idref="fl-20"/>
      </object_component>
      <object_component id="oc-1ab">
         <name>EPwm7RegsFile</name>
         <uninitialized>true</uninitialized>
         <run_address>0x4600</run_address>
         <size>0x100</size>
         <input_file_ref idref="fl-20"/>
      </object_component>
      <object_component id="oc-1ac">
         <name>EPwm8RegsFile</name>
         <uninitialized>true</uninitialized>
         <run_address>0x4700</run_address>
         <size>0x100</size>
         <input_file_ref idref="fl-20"/>
      </object_component>
      <object_component id="oc-1ad">
         <name>EPwm9RegsFile</name>
         <uninitialized>true</uninitialized>
         <run_address>0x4800</run_address>
         <size>0x100</size>
         <input_file_ref idref="fl-20"/>
      </object_component>
      <object_component id="oc-1ae">
         <name>EPwm10RegsFile</name>
         <uninitialized>true</uninitialized>
         <run_address>0x4900</run_address>
         <size>0x100</size>
         <input_file_ref idref="fl-20"/>
      </object_component>
      <object_component id="oc-1af">
         <name>EPwm11RegsFile</name>
         <uninitialized>true</uninitialized>
         <run_address>0x4a00</run_address>
         <size>0x100</size>
         <input_file_ref idref="fl-20"/>
      </object_component>
      <object_component id="oc-1b0">
         <name>EPwm12RegsFile</name>
         <uninitialized>true</uninitialized>
         <run_address>0x4b00</run_address>
         <size>0x100</size>
         <input_file_ref idref="fl-20"/>
      </object_component>
      <object_component id="oc-190">
         <name>EPwmXbarRegsFile</name>
         <uninitialized>true</uninitialized>
         <run_address>0x7a00</run_address>
         <size>0x40</size>
         <input_file_ref idref="fl-20"/>
      </object_component>
      <object_component id="oc-175">
         <name>EQep1RegsFile</name>
         <uninitialized>true</uninitialized>
         <run_address>0x5100</run_address>
         <size>0x22</size>
         <input_file_ref idref="fl-20"/>
      </object_component>
      <object_component id="oc-177">
         <name>EQep2RegsFile</name>
         <uninitialized>true</uninitialized>
         <run_address>0x5140</run_address>
         <size>0x22</size>
         <input_file_ref idref="fl-20"/>
      </object_component>
      <object_component id="oc-178">
         <name>EQep3RegsFile</name>
         <uninitialized>true</uninitialized>
         <run_address>0x5180</run_address>
         <size>0x22</size>
         <input_file_ref idref="fl-20"/>
      </object_component>
      <object_component id="oc-1b7">
         <name>Flash0CtrlRegsFile</name>
         <uninitialized>true</uninitialized>
         <run_address>0x5f800</run_address>
         <size>0x182</size>
         <input_file_ref idref="fl-20"/>
      </object_component>
      <object_component id="oc-182">
         <name>Flash0EccRegsFile</name>
         <uninitialized>true</uninitialized>
         <run_address>0x5fb00</run_address>
         <size>0x28</size>
         <input_file_ref idref="fl-20"/>
      </object_component>
      <object_component id="oc-1b6">
         <name>GpioCtrlRegsFile</name>
         <uninitialized>true</uninitialized>
         <run_address>0x7c00</run_address>
         <size>0x180</size>
         <input_file_ref idref="fl-20"/>
      </object_component>
      <object_component id="oc-184">
         <name>GpioDataRegsFile</name>
         <uninitialized>true</uninitialized>
         <run_address>0x7f00</run_address>
         <size>0x30</size>
         <input_file_ref idref="fl-20"/>
      </object_component>
      <object_component id="oc-191">
         <name>OutputXbarRegsFile</name>
         <uninitialized>true</uninitialized>
         <run_address>0x7a80</run_address>
         <size>0x40</size>
         <input_file_ref idref="fl-20"/>
      </object_component>
      <object_component id="oc-179">
         <name>I2caRegsFile</name>
         <uninitialized>true</uninitialized>
         <run_address>0x7300</run_address>
         <size>0x22</size>
         <input_file_ref idref="fl-20"/>
      </object_component>
      <object_component id="oc-17b">
         <name>I2cbRegsFile</name>
         <uninitialized>true</uninitialized>
         <run_address>0x7340</run_address>
         <size>0x22</size>
         <input_file_ref idref="fl-20"/>
      </object_component>
      <object_component id="oc-170">
         <name>InputXbarRegsFile</name>
         <uninitialized>true</uninitialized>
         <run_address>0x7900</run_address>
         <size>0x20</size>
         <input_file_ref idref="fl-20"/>
      </object_component>
      <object_component id="oc-172">
         <name>XbarRegsFile</name>
         <uninitialized>true</uninitialized>
         <run_address>0x7920</run_address>
         <size>0x20</size>
         <input_file_ref idref="fl-20"/>
      </object_component>
      <object_component id="oc-17e">
         <name>IpcRegsFile</name>
         <uninitialized>true</uninitialized>
         <run_address>0x50000</run_address>
         <size>0x24</size>
         <input_file_ref idref="fl-20"/>
      </object_component>
      <object_component id="oc-142">
         <name>FlashPumpSemaphoreRegsFile</name>
         <uninitialized>true</uninitialized>
         <run_address>0x50024</run_address>
         <size>0x2</size>
         <input_file_ref idref="fl-20"/>
      </object_component>
      <object_component id="oc-143">
         <name>RomPrefetchRegsFile</name>
         <uninitialized>true</uninitialized>
         <run_address>0x5e608</run_address>
         <size>0x2</size>
         <input_file_ref idref="fl-20"/>
      </object_component>
      <object_component id="oc-19d">
         <name>MemCfgRegsFile</name>
         <uninitialized>true</uninitialized>
         <run_address>0x5f400</run_address>
         <size>0x80</size>
         <input_file_ref idref="fl-20"/>
      </object_component>
      <object_component id="oc-173">
         <name>Emif1ConfigRegsFile</name>
         <uninitialized>true</uninitialized>
         <run_address>0x5f480</run_address>
         <size>0x20</size>
         <input_file_ref idref="fl-20"/>
      </object_component>
      <object_component id="oc-174">
         <name>Emif2ConfigRegsFile</name>
         <uninitialized>true</uninitialized>
         <run_address>0x5f4a0</run_address>
         <size>0x20</size>
         <input_file_ref idref="fl-20"/>
      </object_component>
      <object_component id="oc-192">
         <name>AccessProtectionRegsFile</name>
         <uninitialized>true</uninitialized>
         <run_address>0x5f4c0</run_address>
         <size>0x40</size>
         <input_file_ref idref="fl-20"/>
      </object_component>
      <object_component id="oc-193">
         <name>MemoryErrorRegsFile</name>
         <uninitialized>true</uninitialized>
         <run_address>0x5f500</run_address>
         <size>0x40</size>
         <input_file_ref idref="fl-20"/>
      </object_component>
      <object_component id="oc-144">
         <name>RomWaitStateRegsFile</name>
         <uninitialized>true</uninitialized>
         <run_address>0x5f540</run_address>
         <size>0x2</size>
         <input_file_ref idref="fl-20"/>
      </object_component>
      <object_component id="oc-17f">
         <name>McbspaRegsFile</name>
         <uninitialized>true</uninitialized>
         <run_address>0x6000</run_address>
         <size>0x24</size>
         <input_file_ref idref="fl-20"/>
      </object_component>
      <object_component id="oc-181">
         <name>McbspbRegsFile</name>
         <uninitialized>true</uninitialized>
         <run_address>0x6040</run_address>
         <size>0x24</size>
         <input_file_ref idref="fl-20"/>
      </object_component>
      <object_component id="oc-195">
         <name>UppRegsFile</name>
         <uninitialized>true</uninitialized>
         <run_address>0x6200</run_address>
         <size>0x48</size>
         <input_file_ref idref="fl-20"/>
      </object_component>
      <object_component id="oc-147">
         <name>NmiIntruptRegsFile</name>
         <uninitialized>true</uninitialized>
         <run_address>0x7060</run_address>
         <size>0x7</size>
         <input_file_ref idref="fl-20"/>
      </object_component>
      <object_component id="oc-15e">
         <name>PieCtrlRegsFile</name>
         <uninitialized>true</uninitialized>
         <run_address>0xce0</run_address>
         <size>0x1a</size>
         <input_file_ref idref="fl-20"/>
      </object_component>
      <object_component id="oc-150">
         <name>SciaRegsFile</name>
         <uninitialized>true</uninitialized>
         <run_address>0x7200</run_address>
         <size>0x10</size>
         <input_file_ref idref="fl-20"/>
      </object_component>
      <object_component id="oc-152">
         <name>ScibRegsFile</name>
         <uninitialized>true</uninitialized>
         <run_address>0x7210</run_address>
         <size>0x10</size>
         <input_file_ref idref="fl-20"/>
      </object_component>
      <object_component id="oc-153">
         <name>ScicRegsFile</name>
         <uninitialized>true</uninitialized>
         <run_address>0x7220</run_address>
         <size>0x10</size>
         <input_file_ref idref="fl-20"/>
      </object_component>
      <object_component id="oc-154">
         <name>ScidRegsFile</name>
         <uninitialized>true</uninitialized>
         <run_address>0x7230</run_address>
         <size>0x10</size>
         <input_file_ref idref="fl-20"/>
      </object_component>
      <object_component id="oc-19e">
         <name>Sdfm1RegsFile</name>
         <uninitialized>true</uninitialized>
         <run_address>0x5e00</run_address>
         <size>0x80</size>
         <input_file_ref idref="fl-20"/>
      </object_component>
      <object_component id="oc-1a0">
         <name>Sdfm2RegsFile</name>
         <uninitialized>true</uninitialized>
         <run_address>0x5e80</run_address>
         <size>0x80</size>
         <input_file_ref idref="fl-20"/>
      </object_component>
      <object_component id="oc-155">
         <name>SpiaRegsFile</name>
         <uninitialized>true</uninitialized>
         <run_address>0x6100</run_address>
         <size>0x10</size>
         <input_file_ref idref="fl-20"/>
      </object_component>
      <object_component id="oc-157">
         <name>SpibRegsFile</name>
         <uninitialized>true</uninitialized>
         <run_address>0x6110</run_address>
         <size>0x10</size>
         <input_file_ref idref="fl-20"/>
      </object_component>
      <object_component id="oc-158">
         <name>SpicRegsFile</name>
         <uninitialized>true</uninitialized>
         <run_address>0x6120</run_address>
         <size>0x10</size>
         <input_file_ref idref="fl-20"/>
      </object_component>
      <object_component id="oc-1b5">
         <name>DevCfgRegsFile</name>
         <uninitialized>true</uninitialized>
         <run_address>0x5d000</run_address>
         <size>0x12e</size>
         <input_file_ref idref="fl-20"/>
      </object_component>
      <object_component id="oc-185">
         <name>ClkCfgRegsFile</name>
         <uninitialized>true</uninitialized>
         <run_address>0x5d200</run_address>
         <size>0x32</size>
         <input_file_ref idref="fl-20"/>
      </object_component>
      <object_component id="oc-1a1">
         <name>CpuSysRegsFile</name>
         <uninitialized>true</uninitialized>
         <run_address>0x5d300</run_address>
         <size>0x82</size>
         <input_file_ref idref="fl-20"/>
      </object_component>
      <object_component id="oc-146">
         <name>SyncSocRegsFile</name>
         <uninitialized>true</uninitialized>
         <run_address>0x7940</run_address>
         <size>0x6</size>
         <input_file_ref idref="fl-20"/>
      </object_component>
      <object_component id="oc-183">
         <name>WdRegsFile</name>
         <uninitialized>true</uninitialized>
         <run_address>0x7000</run_address>
         <size>0x2b</size>
         <input_file_ref idref="fl-20"/>
      </object_component>
      <object_component id="oc-14f">
         <name>XintRegsFile</name>
         <uninitialized>true</uninitialized>
         <run_address>0x7070</run_address>
         <size>0xb</size>
         <input_file_ref idref="fl-20"/>
      </object_component>
      <object_component id="oc-92">
         <name>.debug_info</name>
         <load_address>0x0</load_address>
         <run_address>0x0</run_address>
         <size>0x28e2a</size>
         <input_file_ref idref="fl-2"/>
      </object_component>
      <object_component id="oc-98">
         <name>.debug_info</name>
         <load_address>0x28e2a</load_address>
         <run_address>0x28e2a</run_address>
         <size>0x2df36</size>
         <input_file_ref idref="fl-3"/>
      </object_component>
      <object_component id="oc-a1">
         <name>.debug_info</name>
         <load_address>0x56d60</load_address>
         <run_address>0x56d60</run_address>
         <size>0x7b14</size>
         <input_file_ref idref="fl-4"/>
      </object_component>
      <object_component id="oc-b3">
         <name>.debug_info</name>
         <load_address>0x5e874</load_address>
         <run_address>0x5e874</run_address>
         <size>0x49d8</size>
         <input_file_ref idref="fl-5"/>
      </object_component>
      <object_component id="oc-b8">
         <name>.debug_info</name>
         <load_address>0x6324c</load_address>
         <run_address>0x6324c</run_address>
         <size>0x53c6</size>
         <input_file_ref idref="fl-6"/>
      </object_component>
      <object_component id="oc-bd">
         <name>.debug_info</name>
         <load_address>0x68612</load_address>
         <run_address>0x68612</run_address>
         <size>0x5305</size>
         <input_file_ref idref="fl-7"/>
      </object_component>
      <object_component id="oc-c2">
         <name>.debug_info</name>
         <load_address>0x6d917</load_address>
         <run_address>0x6d917</run_address>
         <size>0x120a4</size>
         <input_file_ref idref="fl-8"/>
      </object_component>
      <object_component id="oc-c7">
         <name>.debug_info</name>
         <load_address>0x7f9bb</load_address>
         <run_address>0x7f9bb</run_address>
         <size>0x14ff8</size>
         <input_file_ref idref="fl-9"/>
      </object_component>
      <object_component id="oc-ce">
         <name>.debug_info</name>
         <load_address>0x949b3</load_address>
         <run_address>0x949b3</run_address>
         <size>0x1abb6</size>
         <input_file_ref idref="fl-a"/>
      </object_component>
      <object_component id="oc-d3">
         <name>.debug_info</name>
         <load_address>0xaf569</load_address>
         <run_address>0xaf569</run_address>
         <size>0x14d3b</size>
         <input_file_ref idref="fl-b"/>
      </object_component>
      <object_component id="oc-d8">
         <name>.debug_info</name>
         <load_address>0xc42a4</load_address>
         <run_address>0xc42a4</run_address>
         <size>0x477</size>
         <input_file_ref idref="fl-c"/>
      </object_component>
      <object_component id="oc-dd">
         <name>.debug_info</name>
         <load_address>0xc471b</load_address>
         <run_address>0xc471b</run_address>
         <size>0x39f1</size>
         <input_file_ref idref="fl-d"/>
      </object_component>
      <object_component id="oc-e2">
         <name>.debug_info</name>
         <load_address>0xc810c</load_address>
         <run_address>0xc810c</run_address>
         <size>0x844</size>
         <input_file_ref idref="fl-e"/>
      </object_component>
      <object_component id="oc-e7">
         <name>.debug_info</name>
         <load_address>0xc8950</load_address>
         <run_address>0xc8950</run_address>
         <size>0x641</size>
         <input_file_ref idref="fl-f"/>
      </object_component>
      <object_component id="oc-ec">
         <name>.debug_info</name>
         <load_address>0xc8f91</load_address>
         <run_address>0xc8f91</run_address>
         <size>0x5fb1</size>
         <input_file_ref idref="fl-10"/>
      </object_component>
      <object_component id="oc-f2">
         <name>.debug_info</name>
         <load_address>0xcef42</load_address>
         <run_address>0xcef42</run_address>
         <size>0x7d3a</size>
         <input_file_ref idref="fl-11"/>
      </object_component>
      <object_component id="oc-f8">
         <name>.debug_info</name>
         <load_address>0xd6c7c</load_address>
         <run_address>0xd6c7c</run_address>
         <size>0x7ab</size>
         <input_file_ref idref="fl-12"/>
      </object_component>
      <object_component id="oc-fd">
         <name>.debug_info</name>
         <load_address>0xd7427</load_address>
         <run_address>0xd7427</run_address>
         <size>0x48f</size>
         <input_file_ref idref="fl-13"/>
      </object_component>
      <object_component id="oc-104">
         <name>.debug_info</name>
         <load_address>0xd78b6</load_address>
         <run_address>0xd78b6</run_address>
         <size>0x11d</size>
         <input_file_ref idref="fl-14"/>
      </object_component>
      <object_component id="oc-10a">
         <name>.debug_info</name>
         <load_address>0xd79d3</load_address>
         <run_address>0xd79d3</run_address>
         <size>0x183</size>
         <input_file_ref idref="fl-15"/>
      </object_component>
      <object_component id="oc-10d">
         <name>.debug_info</name>
         <load_address>0xd7b56</load_address>
         <run_address>0xd7b56</run_address>
         <size>0x851</size>
         <input_file_ref idref="fl-16"/>
      </object_component>
      <object_component id="oc-115">
         <name>.debug_info</name>
         <load_address>0xd83a7</load_address>
         <run_address>0xd83a7</run_address>
         <size>0x12b</size>
         <input_file_ref idref="fl-17"/>
      </object_component>
      <object_component id="oc-118">
         <name>.debug_info</name>
         <load_address>0xd84d2</load_address>
         <run_address>0xd84d2</run_address>
         <size>0x5833</size>
         <input_file_ref idref="fl-18"/>
      </object_component>
      <object_component id="oc-11e">
         <name>.debug_info</name>
         <load_address>0xddd05</load_address>
         <run_address>0xddd05</run_address>
         <size>0x474c</size>
         <input_file_ref idref="fl-19"/>
      </object_component>
      <object_component id="oc-123">
         <name>.debug_info</name>
         <load_address>0xe2451</load_address>
         <run_address>0xe2451</run_address>
         <size>0x13e68</size>
         <input_file_ref idref="fl-1a"/>
      </object_component>
      <object_component id="oc-128">
         <name>.debug_info</name>
         <load_address>0xf62b9</load_address>
         <run_address>0xf62b9</run_address>
         <size>0x4dc0</size>
         <input_file_ref idref="fl-1b"/>
      </object_component>
      <object_component id="oc-12e">
         <name>.debug_info</name>
         <load_address>0xfb079</load_address>
         <run_address>0xfb079</run_address>
         <size>0x1098e</size>
         <input_file_ref idref="fl-1c"/>
      </object_component>
      <object_component id="oc-133">
         <name>.debug_info</name>
         <load_address>0x10ba07</load_address>
         <run_address>0x10ba07</run_address>
         <size>0x1fe7</size>
         <input_file_ref idref="fl-1d"/>
      </object_component>
      <object_component id="oc-138">
         <name>.debug_info</name>
         <load_address>0x10d9ee</load_address>
         <run_address>0x10d9ee</run_address>
         <size>0xff4b</size>
         <input_file_ref idref="fl-1e"/>
      </object_component>
      <object_component id="oc-13c">
         <name>.debug_info</name>
         <load_address>0x11d939</load_address>
         <run_address>0x11d939</run_address>
         <size>0x12d</size>
         <input_file_ref idref="fl-1f"/>
      </object_component>
      <object_component id="oc-13f">
         <name>.debug_info</name>
         <load_address>0x11da66</load_address>
         <run_address>0x11da66</run_address>
         <size>0x54f37</size>
         <input_file_ref idref="fl-20"/>
      </object_component>
      <object_component id="oc-1bc">
         <name>.debug_info</name>
         <load_address>0x17299d</load_address>
         <run_address>0x17299d</run_address>
         <size>0x12b</size>
         <input_file_ref idref="fl-32"/>
      </object_component>
      <object_component id="oc-1c2">
         <name>.debug_info</name>
         <load_address>0x172ac8</load_address>
         <run_address>0x172ac8</run_address>
         <size>0x12b</size>
         <input_file_ref idref="fl-33"/>
      </object_component>
      <object_component id="oc-1c9">
         <name>.debug_info</name>
         <load_address>0x172bf3</load_address>
         <run_address>0x172bf3</run_address>
         <size>0x173</size>
         <input_file_ref idref="fl-40"/>
      </object_component>
      <object_component id="oc-1ce">
         <name>.debug_info</name>
         <load_address>0x172d66</load_address>
         <run_address>0x172d66</run_address>
         <size>0x114</size>
         <input_file_ref idref="fl-41"/>
      </object_component>
      <object_component id="oc-1d2">
         <name>.debug_info</name>
         <load_address>0x172e7a</load_address>
         <run_address>0x172e7a</run_address>
         <size>0x561</size>
         <input_file_ref idref="fl-42"/>
      </object_component>
      <object_component id="oc-1d7">
         <name>.debug_info</name>
         <load_address>0x1733db</load_address>
         <run_address>0x1733db</run_address>
         <size>0x43a</size>
         <input_file_ref idref="fl-43"/>
      </object_component>
      <object_component id="oc-1dc">
         <name>.debug_info</name>
         <load_address>0x173815</load_address>
         <run_address>0x173815</run_address>
         <size>0x3ad</size>
         <input_file_ref idref="fl-44"/>
      </object_component>
      <object_component id="oc-1e1">
         <name>.debug_info</name>
         <load_address>0x173bc2</load_address>
         <run_address>0x173bc2</run_address>
         <size>0x3aa</size>
         <input_file_ref idref="fl-45"/>
      </object_component>
      <object_component id="oc-1e6">
         <name>.debug_info</name>
         <load_address>0x173f6c</load_address>
         <run_address>0x173f6c</run_address>
         <size>0x544</size>
         <input_file_ref idref="fl-46"/>
      </object_component>
      <object_component id="oc-1ed">
         <name>.debug_info</name>
         <load_address>0x1744b0</load_address>
         <run_address>0x1744b0</run_address>
         <size>0x4cc</size>
         <input_file_ref idref="fl-47"/>
      </object_component>
      <object_component id="oc-1f2">
         <name>.debug_info</name>
         <load_address>0x17497c</load_address>
         <run_address>0x17497c</run_address>
         <size>0x467</size>
         <input_file_ref idref="fl-48"/>
      </object_component>
      <object_component id="oc-2c6">
         <name>.debug_info</name>
         <load_address>0x174de3</load_address>
         <run_address>0x174de3</run_address>
         <size>0xa8</size>
      </object_component>
      <object_component id="oc-94">
         <name>.debug_frame</name>
         <load_address>0x0</load_address>
         <run_address>0x0</run_address>
         <size>0x220</size>
         <input_file_ref idref="fl-2"/>
      </object_component>
      <object_component id="oc-9d">
         <name>.debug_frame</name>
         <load_address>0x220</load_address>
         <run_address>0x220</run_address>
         <size>0x424</size>
         <input_file_ref idref="fl-3"/>
      </object_component>
      <object_component id="oc-af">
         <name>.debug_frame</name>
         <load_address>0x644</load_address>
         <run_address>0x644</run_address>
         <size>0x94</size>
         <input_file_ref idref="fl-4"/>
      </object_component>
      <object_component id="oc-b4">
         <name>.debug_frame</name>
         <load_address>0x6d8</load_address>
         <run_address>0x6d8</run_address>
         <size>0xc4</size>
         <input_file_ref idref="fl-5"/>
      </object_component>
      <object_component id="oc-b9">
         <name>.debug_frame</name>
         <load_address>0x79c</load_address>
         <run_address>0x79c</run_address>
         <size>0x5c</size>
         <input_file_ref idref="fl-6"/>
      </object_component>
      <object_component id="oc-be">
         <name>.debug_frame</name>
         <load_address>0x7f8</load_address>
         <run_address>0x7f8</run_address>
         <size>0x28</size>
         <input_file_ref idref="fl-7"/>
      </object_component>
      <object_component id="oc-c3">
         <name>.debug_frame</name>
         <load_address>0x820</load_address>
         <run_address>0x820</run_address>
         <size>0x28</size>
         <input_file_ref idref="fl-8"/>
      </object_component>
      <object_component id="oc-ca">
         <name>.debug_frame</name>
         <load_address>0x848</load_address>
         <run_address>0x848</run_address>
         <size>0x28</size>
         <input_file_ref idref="fl-9"/>
      </object_component>
      <object_component id="oc-cf">
         <name>.debug_frame</name>
         <load_address>0x870</load_address>
         <run_address>0x870</run_address>
         <size>0x88</size>
         <input_file_ref idref="fl-a"/>
      </object_component>
      <object_component id="oc-d4">
         <name>.debug_frame</name>
         <load_address>0x8f8</load_address>
         <run_address>0x8f8</run_address>
         <size>0x28</size>
         <input_file_ref idref="fl-b"/>
      </object_component>
      <object_component id="oc-d9">
         <name>.debug_frame</name>
         <load_address>0x920</load_address>
         <run_address>0x920</run_address>
         <size>0x68</size>
         <input_file_ref idref="fl-c"/>
      </object_component>
      <object_component id="oc-de">
         <name>.debug_frame</name>
         <load_address>0x988</load_address>
         <run_address>0x988</run_address>
         <size>0x344</size>
         <input_file_ref idref="fl-d"/>
      </object_component>
      <object_component id="oc-e3">
         <name>.debug_frame</name>
         <load_address>0xccc</load_address>
         <run_address>0xccc</run_address>
         <size>0x98</size>
         <input_file_ref idref="fl-e"/>
      </object_component>
      <object_component id="oc-e8">
         <name>.debug_frame</name>
         <load_address>0xd64</load_address>
         <run_address>0xd64</run_address>
         <size>0x58</size>
         <input_file_ref idref="fl-f"/>
      </object_component>
      <object_component id="oc-ee">
         <name>.debug_frame</name>
         <load_address>0xdbc</load_address>
         <run_address>0xdbc</run_address>
         <size>0x12c</size>
         <input_file_ref idref="fl-10"/>
      </object_component>
      <object_component id="oc-f4">
         <name>.debug_frame</name>
         <load_address>0xee8</load_address>
         <run_address>0xee8</run_address>
         <size>0x28</size>
         <input_file_ref idref="fl-11"/>
      </object_component>
      <object_component id="oc-f9">
         <name>.debug_frame</name>
         <load_address>0xf10</load_address>
         <run_address>0xf10</run_address>
         <size>0x28</size>
         <input_file_ref idref="fl-12"/>
      </object_component>
      <object_component id="oc-fe">
         <name>.debug_frame</name>
         <load_address>0xf38</load_address>
         <run_address>0xf38</run_address>
         <size>0x28</size>
         <input_file_ref idref="fl-13"/>
      </object_component>
      <object_component id="oc-10f">
         <name>.debug_frame</name>
         <load_address>0xf60</load_address>
         <run_address>0xf60</run_address>
         <size>0x28</size>
         <input_file_ref idref="fl-16"/>
      </object_component>
      <object_component id="oc-11a">
         <name>.debug_frame</name>
         <load_address>0xf88</load_address>
         <run_address>0xf88</run_address>
         <size>0x11d0</size>
         <input_file_ref idref="fl-18"/>
      </object_component>
      <object_component id="oc-11f">
         <name>.debug_frame</name>
         <load_address>0x2158</load_address>
         <run_address>0x2158</run_address>
         <size>0x28</size>
         <input_file_ref idref="fl-19"/>
      </object_component>
      <object_component id="oc-124">
         <name>.debug_frame</name>
         <load_address>0x2180</load_address>
         <run_address>0x2180</run_address>
         <size>0x28</size>
         <input_file_ref idref="fl-1a"/>
      </object_component>
      <object_component id="oc-12a">
         <name>.debug_frame</name>
         <load_address>0x21a8</load_address>
         <run_address>0x21a8</run_address>
         <size>0x28</size>
         <input_file_ref idref="fl-1b"/>
      </object_component>
      <object_component id="oc-12f">
         <name>.debug_frame</name>
         <load_address>0x21d0</load_address>
         <run_address>0x21d0</run_address>
         <size>0x28</size>
         <input_file_ref idref="fl-1c"/>
      </object_component>
      <object_component id="oc-134">
         <name>.debug_frame</name>
         <load_address>0x21f8</load_address>
         <run_address>0x21f8</run_address>
         <size>0x28</size>
         <input_file_ref idref="fl-1d"/>
      </object_component>
      <object_component id="oc-1d3">
         <name>.debug_frame</name>
         <load_address>0x2220</load_address>
         <run_address>0x2220</run_address>
         <size>0x60</size>
         <input_file_ref idref="fl-42"/>
      </object_component>
      <object_component id="oc-1d8">
         <name>.debug_frame</name>
         <load_address>0x2280</load_address>
         <run_address>0x2280</run_address>
         <size>0x40</size>
         <input_file_ref idref="fl-43"/>
      </object_component>
      <object_component id="oc-1dd">
         <name>.debug_frame</name>
         <load_address>0x22c0</load_address>
         <run_address>0x22c0</run_address>
         <size>0x40</size>
         <input_file_ref idref="fl-44"/>
      </object_component>
      <object_component id="oc-1e2">
         <name>.debug_frame</name>
         <load_address>0x2300</load_address>
         <run_address>0x2300</run_address>
         <size>0x40</size>
         <input_file_ref idref="fl-45"/>
      </object_component>
      <object_component id="oc-1e9">
         <name>.debug_frame</name>
         <load_address>0x2340</load_address>
         <run_address>0x2340</run_address>
         <size>0x60</size>
         <input_file_ref idref="fl-46"/>
      </object_component>
      <object_component id="oc-1ee">
         <name>.debug_frame</name>
         <load_address>0x23a0</load_address>
         <run_address>0x23a0</run_address>
         <size>0x70</size>
         <input_file_ref idref="fl-47"/>
      </object_component>
      <object_component id="oc-1f3">
         <name>.debug_frame</name>
         <load_address>0x2410</load_address>
         <run_address>0x2410</run_address>
         <size>0x40</size>
         <input_file_ref idref="fl-48"/>
      </object_component>
      <object_component id="oc-95">
[...]
         <name>_ECap5Regs</name>
         <value>0x5080</value>
         <object_component_ref idref="oc-16e"/>
      </symbol>
      <symbol id="sm-891">
         <name>_I2cbRegs</name>
         <value>0x7340</value>
         <object_component_ref idref="oc-17b"/>
      </symbol>
      <symbol id="sm-892">
         <name>_CpuTimer1Regs</name>
         <value>0xc08</value>
         <object_component_ref idref="oc-14c"/>
      </symbol>
      <symbol id="sm-893">
         <name>_RomPrefetchRegs</name>
         <value>0x5e608</value>
         <object_component_ref idref="oc-143"/>
      </symbol>
      <symbol id="sm-894">
         <name>_Clb4LogicCtrlRegs</name>
         <value>0x3d00</value>
         <object_component_ref idref="oc-18e"/>
      </symbol>
      <symbol id="sm-895">
         <name>_Cmpss4Regs</name>
         <value>0x5ce0</value>
         <object_component_ref idref="oc-162"/>
      </symbol>
      <symbol id="sm-896">
         <name>_Clb1DataExchRegs</name>
         <value>0x3200</value>
         <object_component_ref idref="oc-1b1"/>
      </symbol>
      <symbol id="sm-897">
         <name>_EPwm5Regs</name>
         <value>0x4400</value>
         <object_component_ref idref="oc-1a9"/>
      </symbol>
      <symbol id="sm-898">
         <name>_UppRegs</name>
         <value>0x6200</value>
         <object_component_ref idref="oc-195"/>
      </symbol>
      <symbol id="sm-899">
         <name>_SpiaRegs</name>
         <value>0x6100</value>
         <object_component_ref idref="oc-155"/>
      </symbol>
      <symbol id="sm-89a">
         <name>_CpuSysRegs</name>
         <value>0x5d300</value>
         <object_component_ref idref="oc-1a1"/>
      </symbol>
      <symbol id="sm-89b">
         <name>_Cla1SoftIntRegs</name>
         <value>0xce0</value>
         <object_component_ref idref="oc-145"/>
      </symbol>
      <symbol id="sm-89c">
         <name>_ECap6Regs</name>
         <value>0x50a0</value>
         <object_component_ref idref="oc-16f"/>
      </symbol>
      <symbol id="sm-89d">
         <name>_ClbXbarRegs</name>
         <value>0x7a40</value>
         <object_component_ref idref="oc-18f"/>
      </symbol>
      <symbol id="sm-89e">
         <name>_DmaRegs</name>
         <value>0x1000</value>
         <object_component_ref idref="oc-1a2"/>
      </symbol>
      <symbol id="sm-89f">
         <name>_XintRegs</name>
         <value>0x7070</value>
         <object_component_ref idref="oc-14f"/>
      </symbol>
      <symbol id="sm-8a0">
         <name>_CpuTimer0Regs</name>
         <value>0xc00</value>
         <object_component_ref idref="oc-14b"/>
      </symbol>
      <symbol id="sm-8a1">
         <name>_Cmpss5Regs</name>
         <value>0x5d00</value>
         <object_component_ref idref="oc-163"/>
      </symbol>
      <symbol id="sm-8a2">
         <name>_Emif1Regs</name>
         <value>0x47000</value>
         <object_component_ref idref="oc-196"/>
      </symbol>
      <symbol id="sm-8a3">
         <name>_AccessProtectionRegs</name>
         <value>0x5f4c0</value>
         <object_component_ref idref="oc-192"/>
      </symbol>
      <symbol id="sm-8a4">
         <name>_MemCfgRegs</name>
         <value>0x5f400</value>
         <object_component_ref idref="oc-19d"/>
      </symbol>
      <symbol id="sm-8a5">
         <name>_DacaRegs</name>
         <value>0x5c00</value>
         <object_component_ref idref="oc-148"/>
      </symbol>
      <symbol id="sm-8a6">
         <name>_McbspbRegs</name>
         <value>0x6040</value>
         <object_component_ref idref="oc-181"/>
      </symbol>
      <symbol id="sm-8a7">
         <name>_EPwm6Regs</name>
         <value>0x4500</value>
         <object_component_ref idref="oc-1aa"/>
      </symbol>
      <symbol id="sm-8a8">
         <name>_AdcaRegs</name>
         <value>0x7400</value>
         <object_component_ref idref="oc-198"/>
      </symbol>
      <symbol id="sm-8a9">
         <name>_SciaRegs</name>
         <value>0x7200</value>
         <object_component_ref idref="oc-150"/>
      </symbol>
      <symbol id="sm-8aa">
         <name>_EPwm11Regs</name>
         <value>0x4a00</value>
         <object_component_ref idref="oc-1af"/>
      </symbol>
      <symbol id="sm-8ab">
         <name>_GpioDataRegs</name>
         <value>0x7f00</value>
         <object_component_ref idref="oc-184"/>
      </symbol>
      <symbol id="sm-8ac">
         <name>_Sdfm1Regs</name>
         <value>0x5e00</value>
         <object_component_ref idref="oc-19e"/>
      </symbol>
      <symbol id="sm-8ad">
         <name>_Cmpss2Regs</name>
         <value>0x5ca0</value>
         <object_component_ref idref="oc-160"/>
      </symbol>
      <symbol id="sm-8ae">
         <name>_Emif2Regs</name>
         <value>0x47800</value>
         <object_component_ref idref="oc-197"/>
      </symbol>
      <symbol id="sm-8af">
         <name>_DcsmZ1Regs</name>
         <value>0x5f000</value>
         <object_component_ref idref="oc-17c"/>
      </symbol>
      <symbol id="sm-8b0">
         <name>_Flash0CtrlRegs</name>
         <value>0x5f800</value>
         <object_component_ref idref="oc-1b7"/>
      </symbol>
      <symbol id="sm-8b1">
         <name>_EPwm7Regs</name>
         <value>0x4600</value>
         <object_component_ref idref="oc-1ab"/>
      </symbol>
      <symbol id="sm-8b2">
         <name>_SpicRegs</name>
         <value>0x6120</value>
         <object_component_ref idref="oc-158"/>
      </symbol>
      <symbol id="sm-8b3">
         <name>_Clb4DataExchRegs</name>
         <value>0x3e00</value>
         <object_component_ref idref="oc-1b4"/>
      </symbol>
      <symbol id="sm-8b4">
         <name>_EPwm10Regs</name>
         <value>0x4900</value>
         <object_component_ref idref="oc-1ae"/>
      </symbol>
      <symbol id="sm-8b5">
         <name>_CpuTimer2Regs</name>
         <value>0xc10</value>
         <object_component_ref idref="oc-14d"/>
      </symbol>
      <symbol id="sm-8b6">
         <name>_Clb3LogicCfgRegs</name>
         <value>0x3800</value>
         <object_component_ref idref="oc-189"/>
      </symbol>
      <symbol id="sm-8b7">
         <name>_DmaClaSrcSelRegs</name>
         <value>0x7980</value>
         <object_component_ref idref="oc-15d"/>
      </symbol>
      <symbol id="sm-8b8">
         <name>_AnalogSubsysRegs</name>
         <value>0x5d180</value>
         <object_component_ref idref="oc-194"/>
      </symbol>
      <symbol id="sm-8b9">
         <name>_Cmpss3Regs</name>
         <value>0x5cc0</value>
         <object_component_ref idref="oc-161"/>
      </symbol>
      <symbol id="sm-8ba">
         <name>_DaccRegs</name>
         <value>0x5c20</value>
         <object_component_ref idref="oc-14a"/>
      </symbol>
      <symbol id="sm-8bb">
         <name>_PieCtrlRegs</name>
         <value>0xce0</value>
         <object_component_ref idref="oc-15e"/>
      </symbol>
      <symbol id="sm-8bc">
         <name>_DevCfgRegs</name>
         <value>0x5d000</value>
         <object_component_ref idref="oc-1b5"/>
      </symbol>
      <symbol id="sm-8bd">
         <name>_SpibRegs</name>
         <value>0x6110</value>
         <object_component_ref idref="oc-157"/>
      </symbol>
      <symbol id="sm-8be">
         <name>_Clb1LogicCtrlRegs</name>
         <value>0x3100</value>
         <object_component_ref idref="oc-18b"/>
      </symbol>
      <symbol id="sm-8bf">
         <name>_AdccRegs</name>
         <value>0x7500</value>
         <object_component_ref idref="oc-19b"/>
      </symbol>
      <symbol id="sm-8c0">
         <name>_ScicRegs</name>
         <value>0x7220</value>
         <object_component_ref idref="oc-153"/>
      </symbol>
      <symbol id="sm-8c1">
         <name>_ECap1Regs</name>
         <value>0x5000</value>
         <object_component_ref idref="oc-169"/>
      </symbol>
      <symbol id="sm-8c2">
         <name>_EmuKey</name>
         <value>0xd00</value>
         <object_component_ref idref="oc-140"/>
      </symbol>
      <symbol id="sm-8c3">
         <name>_OutputXbarRegs</name>
         <value>0x7a80</value>
         <object_component_ref idref="oc-191"/>
      </symbol>
      <symbol id="sm-8c4">
         <name>_MemoryErrorRegs</name>
         <value>0x5f500</value>
         <object_component_ref idref="oc-193"/>
      </symbol>
      <symbol id="sm-8c5">
         <name>_Cla1Regs</name>
         <value>0x1400</value>
         <object_component_ref idref="oc-186"/>
      </symbol>
      <symbol id="sm-8c6">
         <name>_DcsmZ2Otp</name>
         <value>0x78200</value>
         <object_component_ref idref="oc-168"/>
      </symbol>
      <symbol id="sm-8c7">
         <name>_EQep1Regs</name>
         <value>0x5100</value>
         <object_component_ref idref="oc-175"/>
      </symbol>
      <symbol id="sm-8c8">
         <name>_DacbRegs</name>
         <value>0x5c10</value>
         <object_component_ref idref="oc-149"/>
      </symbol>
      <symbol id="sm-8c9">
         <name>_Clb2DataExchRegs</name>
         <value>0x3600</value>
         <object_component_ref idref="oc-1b2"/>
      </symbol>
      <symbol id="sm-8ca">
         <name>_Clb4LogicCfgRegs</name>
         <value>0x3c00</value>
         <object_component_ref idref="oc-18a"/>
      </symbol>
      <symbol id="sm-8cb">
         <name>_McbspaRegs</name>
         <value>0x6000</value>
         <object_component_ref idref="oc-17f"/>
      </symbol>
      <symbol id="sm-8cc">
         <name>_EPwm1Regs</name>
         <value>0x4000</value>
         <object_component_ref idref="oc-1a3"/>
      </symbol>
      <symbol id="sm-8cd">
         <name>_Clb3LogicCtrlRegs</name>
         <value>0x3900</value>
         <object_component_ref idref="oc-18d"/>
      </symbol>
      <symbol id="sm-8ce">
         <name>_AdcbRegs</name>
         <value>0x7480</value>
         <object_component_ref idref="oc-19a"/>
      </symbol>
      <symbol id="sm-8cf">
         <name>_ScibRegs</name>
         <value>0x7210</value>
         <object_component_ref idref="oc-152"/>
      </symbol>
      <symbol id="sm-8d0">
         <name>_AdcaResultRegs</name>
         <value>0xb00</value>
         <object_component_ref idref="oc-159"/>
      </symbol>
      <symbol id="sm-8d1">
         <name>_ECap2Regs</name>
         <value>0x5020</value>
         <object_component_ref idref="oc-16b"/>
      </symbol>
      <symbol id="sm-8d2">
         <name>_EPwm12Regs</name>
         <value>0x4b00</value>
         <object_component_ref idref="oc-1b0"/>
      </symbol>
      <symbol id="sm-8d3">
         <name>_AdcbResultRegs</name>
         <value>0xb20</value>
         <object_component_ref idref="oc-15a"/>
      </symbol>
      <symbol id="sm-8d4">
         <name>_Clb1LogicCfgRegs</name>
         <value>0x3000</value>
         <object_component_ref idref="oc-187"/>
      </symbol>
      <symbol id="sm-8d5">
         <name>_AdccResultRegs</name>
         <value>0xb40</value>
         <object_component_ref idref="oc-15b"/>
      </symbol>
      <symbol id="sm-8d6">
         <name>_Emif1ConfigRegs</name>
         <value>0x5f480</value>
         <object_component_ref idref="oc-173"/>
      </symbol>
      <symbol id="sm-8d7">
         <name>_Sdfm2Regs</name>
         <value>0x5e80</value>
         <object_component_ref idref="oc-1a0"/>
      </symbol>
      <symbol id="sm-8d8">
         <name>_AdcdResultRegs</name>
         <value>0xb60</value>
         <object_component_ref idref="oc-15c"/>
      </symbol>
      <symbol id="sm-8d9">
         <name>_EQep2Regs</name>
         <value>0x5140</value>
         <object_component_ref idref="oc-177"/>
      </symbol>
      <symbol id="sm-8da">
         <name>_Cmpss1Regs</name>
         <value>0x5c80</value>
         <object_component_ref idref="oc-15f"/>
      </symbol>
      <symbol id="sm-8db">
         <name>_EPwm8Regs</name>
         <value>0x4700</value>
         <object_component_ref idref="oc-1ac"/>
      </symbol>
      <symbol id="sm-8dc">
         <name>_Emif2ConfigRegs</name>
         <value>0x5f4a0</value>
         <object_component_ref idref="oc-174"/>
      </symbol>
      <symbol id="sm-8dd">
         <name>_DcsmCommonRegs</name>
         <value>0x5f070</value>
         <object_component_ref idref="oc-14e"/>
      </symbol>
      <symbol id="sm-8de">
         <name>_EPwm2Regs</name>
         <value>0x4100</value>
         <object_component_ref idref="oc-1a6"/>
      </symbol>
      <symbol id="sm-8df">
         <name>_ECap3Regs</name>
         <value>0x5040</value>
         <object_component_ref idref="oc-16c"/>
      </symbol>
      <symbol id="sm-8e0">
         <name>_Cmpss8Regs</name>
         <value>0x5d60</value>
         <object_component_ref idref="oc-166"/>
      </symbol>
      <symbol id="sm-8e1">
         <name>_EQep3Regs</name>
         <value>0x5180</value>
         <object_component_ref idref="oc-178"/>
      </symbol>
      <symbol id="sm-8e2">
         <name>_SyncSocRegs</name>
         <value>0x7940</value>
         <object_component_ref idref="oc-146"/>
      </symbol>
      <symbol id="sm-8e3">
         <name>_EPwm9Regs</name>
         <value>0x4800</value>
         <object_component_ref idref="oc-1ad"/>
      </symbol>
      <symbol id="sm-8e4">
         <name>_NmiIntruptRegs</name>
         <value>0x7060</value>
         <object_component_ref idref="oc-147"/>
      </symbol>
      <symbol id="sm-8e5">
         <name>_EPwm3Regs</name>
         <value>0x4200</value>
         <object_component_ref idref="oc-1a7"/>
      </symbol>
      <symbol id="sm-8e6">
         <name>_I2caRegs</name>
         <value>0x7300</value>
         <object_component_ref idref="oc-179"/>
      </symbol>
      <symbol id="sm-8f6">
         <name>_CLAcosPU</name>
         <value>0xa876</value>
         <object_component_ref idref="oc-1ba"/>
      </symbol>
      <symbol id="sm-906">
         <name>_CLAsinPU</name>
         <value>0xa8ae</value>
         <object_component_ref idref="oc-1c0"/>
      </symbol>
      <symbol id="sm-90a">
         <name>_CLAsincosTable_TwoPiDivTABLE_SIZE</name>
         <value>0x8394</value>
         <object_component_ref idref="oc-1c6"/>
      </symbol>
      <symbol id="sm-90b">
         <name>_CLAsincosTableEnd</name>
         <value>0x83a4</value>
         <object_component_ref idref="oc-1c6"/>
      </symbol>
      <symbol id="sm-90c">
         <name>_CLAsinTable</name>
         <value>0x824e</value>
         <object_component_ref idref="oc-1c6"/>
      </symbol>
      <symbol id="sm-90d">
         <name>_CLAcosTableEnd</name>
         <value>0x8390</value>
         <object_component_ref idref="oc-1c6"/>
      </symbol>
      <symbol id="sm-90e">
         <name>_CLAsincosTable</name>
         <value>0x824e</value>
         <object_component_ref idref="oc-1c6"/>
      </symbol>
      <symbol id="sm-90f">
         <name>_CLAsincosTable_Sin0</name>
         <value>0x824e</value>
         <object_component_ref idref="oc-1c6"/>
      </symbol>
      <symbol id="sm-910">
         <name>_CLAsinTableEnd</name>
         <value>0x834e</value>
         <object_component_ref idref="oc-1c6"/>
      </symbol>
      <symbol id="sm-911">
         <name>_CLAsincosTable_Coef1_pos</name>
         <value>0x839c</value>
         <object_component_ref idref="oc-1c6"/>
      </symbol>
      <symbol id="sm-912">
         <name>_CLAsincosTable_TABLE_SIZEDivTwoPi</name>
         <value>0x8392</value>
         <object_component_ref idref="oc-1c6"/>
      </symbol>
      <symbol id="sm-913">
         <name>_CLAsincosTable_Cos0</name>
         <value>0x828e</value>
         <object_component_ref idref="oc-1c6"/>
      </symbol>
      <symbol id="sm-914">
         <name>_CLAsincosTable_TABLE_SIZE</name>
         <value>0x8390</value>
         <object_component_ref idref="oc-1c6"/>
      </symbol>
      <symbol id="sm-915">
         <name>_CLAcosTable</name>
         <value>0x828e</value>
         <object_component_ref idref="oc-1c6"/>
      </symbol>
      <symbol id="sm-916">
         <name>_CLAsincosTable_Coef3</name>
         <value>0x83a0</value>
         <object_component_ref idref="oc-1c6"/>
      </symbol>
      <symbol id="sm-917">
         <name>_CLAsincosTable_Coef2</name>
         <value>0x839e</value>
         <object_component_ref idref="oc-1c6"/>
      </symbol>
      <symbol id="sm-918">
         <name>_CLAsincosTable_Coef1</name>
         <value>0x839a</value>
         <object_component_ref idref="oc-1c6"/>
      </symbol>
      <symbol id="sm-919">
         <name>_CLAsincosTable_Coef0</name>
         <value>0x8398</value>
         <object_component_ref idref="oc-1c6"/>
      </symbol>
      <symbol id="sm-91a">
         <name>_CLAsincosTable_TABLE_MASK</name>
         <value>0x8396</value>
         <object_component_ref idref="oc-1c6"/>
      </symbol>
      <symbol id="sm-91b">
         <name>_CLAsincosTable_Coef3_neg</name>
         <value>0x83a2</value>
         <object_component_ref idref="oc-1c6"/>
      </symbol>
      <symbol id="sm-936">
         <name>_c_int00</name>
         <value>0xca94</value>
         <object_component_ref idref="oc-91"/>
      </symbol>
      <symbol id="sm-937">
         <name>__stack</name>
         <value>0xe000</value>
         <object_component_ref idref="oc-1c7"/>
      </symbol>
      <symbol id="sm-948">
         <name>FS$$DIV</name>
         <value>0x15344</value>
         <object_component_ref idref="oc-1cd"/>
      </symbol>
      <symbol id="sm-957">
         <name>_copy_in</name>
         <value>0x153cc</value>
         <object_component_ref idref="oc-1f8"/>
      </symbol>
      <symbol id="sm-969">
         <name>_memcpy</name>
         <value>0x14fe2</value>
         <object_component_ref idref="oc-209"/>
      </symbol>
      <symbol id="sm-976">
         <name>__system_pre_init</name>
         <value>0x7fc</value>
         <object_component_ref idref="oc-1f7"/>
      </symbol>
      <symbol id="sm-984">
         <name>__system_post_cinit</name>
         <value>0x7fe</value>
         <object_component_ref idref="oc-1f9"/>
      </symbol>
      <symbol id="sm-999">
         <name>C$$EXIT</name>
         <value>0x7d0</value>
         <object_component_ref idref="oc-1fb"/>
      </symbol>
      <symbol id="sm-99a">
         <name>_exit</name>
         <value>0x7d2</value>
         <object_component_ref idref="oc-1fb"/>
      </symbol>
      <symbol id="sm-99c">
         <name>___TI_cleanup_ptr</name>
         <value>0x11196</value>
         <object_component_ref idref="oc-1e8"/>
      </symbol>
      <symbol id="sm-99d">
         <name>___TI_enable_exit_profile_output</name>
         <value>0x11194</value>
         <object_component_ref idref="oc-1e8"/>
      </symbol>
      <symbol id="sm-99e">
         <name>_abort</name>
         <value>0x7d0</value>
         <object_component_ref idref="oc-1fb"/>
      </symbol>
      <symbol id="sm-9a0">
         <name>___TI_dtors_ptr</name>
         <value>0x11198</value>
         <object_component_ref idref="oc-1e8"/>
      </symbol>
      <symbol id="sm-9b4">
         <name>__unlock</name>
         <value>0x1113e</value>
         <object_component_ref idref="oc-21d"/>
      </symbol>
      <symbol id="sm-9b5">
         <name>__lock</name>
         <value>0x110fe</value>
         <object_component_ref idref="oc-20a"/>
      </symbol>
      <symbol id="sm-9b6">
         <name>__register_lock</name>
         <value>0x1542d</value>
         <object_component_ref idref="oc-21a"/>
      </symbol>
      <symbol id="sm-9b8">
         <name>__nop</name>
         <value>0x15431</value>
         <object_component_ref idref="oc-21a"/>
      </symbol>
      <symbol id="sm-9ba">
         <name>__register_unlock</name>
         <value>0x15429</value>
         <object_component_ref idref="oc-21a"/>
      </symbol>
      <symbol id="sm-9ca">
         <name>__args_main</name>
         <value>0xcaea</value>
         <object_component_ref idref="oc-1fa"/>
      </symbol>
   </symbol_table>
   <title>Link successful</title>
</link_info>
