******************************************************************************
             TMS320C2000 Linker PC v22.6.1                     
******************************************************************************
>> Linked Wed Dec  4 09:42:47 2024

OUTPUT FILE NAME:   <TNR_DCAC_3P4D_50kHz_old.out>
ENTRY POINT SYMBOL: "_c_int00"  address: 0000ca94


MEMORY CONFIGURATION

         name            origin    length      used     unused   attr    fill
----------------------  --------  ---------  --------  --------  ----  --------
PAGE 0:
  BEGIN                 00000000   00000002  00000002  00000000  RWIX
  RAMM0                 00000002   000003fe  00000008  000003f6  RWIX
  RAMM1                 00000400   00000400  000003ff  00000001  RWIX
  RAMLS12345            00008800   00003300  00002116  000011ea  RWIX
  RAMD0                 0000bb00   00000800  00000800  00000000  RWIX
  RAMD1                 0000c300   00000800  000007fc  00000004  RWIX
  RAMGS0_1              0000cb00   00001500  00000213  000012ed  RWIX
  RAMGS8                00014000   00001000  00000fff  00000001  RWIX
  RAMGS9                00015000   00001000  0000043a  00000bc6  RWIX
  RAMGS10               00016000   00001000  00000000  00001000  RWIX
  RAMGS11               00017000   00001000  00000000  00001000  RWIX
  FLASHN                00080000   00002000  00000000  00002000  RWIX
  FLASHM                00082000   00002000  00000000  00002000  RWIX
  FLASHL                00084000   00002000  00000000  00002000  RWIX
  FLASHK                00086000   00002000  00000000  00002000  RWIX
  FLASHJ                00088000   00008000  00000000  00008000  RWIX
  FLASHI                00090000   00008000  00000000  00008000  RWIX
  FLASHH                00098000   00008000  00000000  00008000  RWIX
  FLASHG                000a0000   00008000  00000000  00008000  RWIX
  FLASHF                000a8000   00008000  00000000  00008000  RWIX
  FLASHE                000b0000   00008000  00000000  00008000  RWIX
  FLASHD                000b8000   00002000  00000000  00002000  RWIX
  IQTABLES              003fe000   00000b50  00000000  00000b50  RWIX
  IQTABLES2             003feb50   0000008c  00000000  0000008c  RWIX
  IQTABLES3             003febdc   000000aa  00000000  000000aa  RWIX
  RESET                 003fffc0   00000002  00000000  00000002  RWIX

PAGE 1:
  BOOT_RSVD             00000002   0000004e  00000000  0000004e  RWIX
  ADCA_RESULT           00000b00   00000020  00000018  00000008  RWIX
  ADCB_RESULT           00000b20   00000020  00000018  00000008  RWIX
  ADCC_RESULT           00000b40   00000020  00000018  00000008  RWIX
  ADCD_RESULT           00000b60   00000020  00000018  00000008  RWIX
  CPU_TIMER0            00000c00   00000008  00000008  00000000  RWIX
  CPU_TIMER1            00000c08   00000008  00000008  00000000  RWIX
  CPU_TIMER2            00000c10   00000008  00000008  00000000  RWIX
  PIE_CTRL              00000ce0   00000020  0000001a  00000006  RWIX
  PIE_VECT              00000d00   00000200  000001c0  00000040  RWIX
  DMA                   00001000   00000200  000000e0  00000120  RWIX
  CLA1                  00001400   00000040  0000003e  00000002  RWIX
  CLA1_MSGRAMLOW        00001480   00000080  00000074  0000000c  RWIX
  CLA1_MSGRAMHIGH       00001500   00000080  0000003a  00000046  RWIX
  CLB1_LOGICCFG         00003000   00000040  0000003e  00000002  RWIX
  CLB1_LOGICCTL         00003100   00000040  00000040  00000000  RWIX
  CLB1_DATAXCHG         00003200   00000200  00000108  000000f8  RWIX
  CLB2_LOGICCFG         00003400   00000040  0000003e  00000002  RWIX
  CLB2_LOGICCTL         00003500   00000040  00000040  00000000  RWIX
  CLB2_DATAXCHG         00003600   00000200  00000108  000000f8  RWIX
  CLB3_LOGICCFG         00003800   00000040  0000003e  00000002  RWIX
  CLB3_LOGICCTL         00003900   00000040  00000040  00000000  RWIX
  CLB3_DATAXCHG         00003a00   00000200  00000108  000000f8  RWIX
  CLB4_LOGICCFG         00003c00   00000040  0000003e  00000002  RWIX
  CLB4_LOGICCTL         00003d00   00000040  00000040  00000000  RWIX
  CLB4_DATAXCHG         00003e00   00000200  00000108  000000f8  RWIX
  EPWM1                 00004000   00000100  00000100  00000000  RWIX
  EPWM2                 00004100   00000100  00000100  00000000  RWIX
  EPWM3                 00004200   00000100  00000100  00000000  RWIX
  EPWM4                 00004300   00000100  00000100  00000000  RWIX
  EPWM5                 00004400   00000100  00000100  00000000  RWIX
  EPWM6                 00004500   00000100  00000100  00000000  RWIX
  EPWM7                 00004600   00000100  00000100  00000000  RWIX
  EPWM8                 00004700   00000100  00000100  00000000  RWIX
  EPWM9                 00004800   00000100  00000100  00000000  RWIX
  EPWM10                00004900   00000100  00000100  00000000  RWIX
  EPWM11                00004a00   00000100  00000100  00000000  RWIX
  EPWM12                00004b00   00000100  00000100  00000000  RWIX
  ECAP1                 00005000   00000020  00000020  00000000  RWIX
  ECAP2                 00005020   00000020  00000020  00000000  RWIX
  ECAP3                 00005040   00000020  00000020  00000000  RWIX
  ECAP4                 00005060   00000020  00000020  00000000  RWIX
  ECAP5                 00005080   00000020  00000020  00000000  RWIX
  ECAP6                 000050a0   00000020  00000020  00000000  RWIX
  EQEP1                 00005100   00000040  00000022  0000001e  RWIX
  EQEP2                 00005140   00000040  00000022  0000001e  RWIX
  EQEP3                 00005180   00000040  00000022  0000001e  RWIX
  DACA                  00005c00   00000010  00000008  00000008  RWIX
  DACB                  00005c10   00000010  00000008  00000008  RWIX
  DACC                  00005c20   00000010  00000008  00000008  RWIX
  CMPSS1                00005c80   00000020  00000020  00000000  RWIX
  CMPSS2                00005ca0   00000020  00000020  00000000  RWIX
  CMPSS3                00005cc0   00000020  00000020  00000000  RWIX
  CMPSS4                00005ce0   00000020  00000020  00000000  RWIX
  CMPSS5                00005d00   00000020  00000020  00000000  RWIX
  CMPSS6                00005d20   00000020  00000020  00000000  RWIX
  CMPSS7                00005d40   00000020  00000020  00000000  RWIX
  CMPSS8                00005d60   00000020  00000020  00000000  RWIX
  SDFM1                 00005e00   00000080  00000080  00000000  RWIX
  SDFM2                 00005e80   00000080  00000080  00000000  RWIX
  MCBSPA                00006000   00000040  00000024  0000001c  RWIX
  MCBSPB                00006040   00000040  00000024  0000001c  RWIX
  SPIA                  00006100   00000010  00000010  00000000  RWIX
  SPIB                  00006110   00000010  00000010  00000000  RWIX
  SPIC                  00006120   00000010  00000010  00000000  RWIX
  SPID                  00006130   00000010  00000000  00000010  RWIX
  UPP                   00006200   00000100  00000048  000000b8  RWIX
  WD                    00007000   00000040  0000002b  00000015  RWIX
  NMIINTRUPT            00007060   00000010  00000007  00000009  RWIX
  XINT                  00007070   00000010  0000000b  00000005  RWIX
  SCIA                  00007200   00000010  00000010  00000000  RWIX
  SCIB                  00007210   00000010  00000010  00000000  RWIX
  SCIC                  00007220   00000010  00000010  00000000  RWIX
  SCID                  00007230   00000010  00000010  00000000  RWIX
  I2CA                  00007300   00000040  00000022  0000001e  RWIX
  I2CB                  00007340   00000040  00000022  0000001e  RWIX
  ADCA                  00007400   00000080  00000080  00000000  RWIX
  ADCB                  00007480   00000080  00000080  00000000  RWIX
  ADCC                  00007500   00000080  00000080  00000000  RWIX
  ADCD                  00007580   00000080  00000080  00000000  RWIX
  INPUT_XBAR            00007900   00000020  00000020  00000000  RWIX
  XBAR                  00007920   00000020  00000020  00000000  RWIX
  SYNC_SOC              00007940   00000010  00000006  0000000a  RWIX
  DMACLASRCSEL          00007980   00000040  0000001a  00000026  RWIX
  EPWM_XBAR             00007a00   00000040  00000040  00000000  RWIX
  CLB_XBAR              00007a40   00000040  00000040  00000000  RWIX
  OUTPUT_XBAR           00007a80   00000040  00000040  00000000  RWIX
  GPIOCTRL              00007c00   00000180  00000180  00000000  RWIX
  GPIODAT               00007f00   00000030  00000030  00000000  RWIX
  RAMLS0                00008000   00000800  000004bd  00000343  RWIX
  RAMGS2                0000e000   00001000  00000de8  00000218  RWIX
  RAMGS3_4              0000f000   00002000  00000009  00001ff7  RWIX
  RAMGS5_6              00011000   00002000  000001ae  00001e52  RWIX
  RAMGS7                00013000   00001000  00000000  00001000  RWIX
  RAMGS12               00018000   00001000  00000000  00001000  RWIX
  RAMGS13               00019000   00001000  00000000  00001000  RWIX
  RAMGS14               0001a000   00001000  00000000  00001000  RWIX
  RAMGS15               0001b000   00001000  00000000  00001000  RWIX
  EMIF1                 00047000   00000800  00000070  00000790  RWIX
  EMIF2                 00047800   00000800  00000070  00000790  RWIX
  IPC                   00050000   00000024  00000024  00000000  RWIX
  FLASHPUMPSEMAPHORE    00050024   00000002  00000002  00000000  RWIX
  DEV_CFG               0005d000   00000180  0000012e  00000052  RWIX
  ANALOG_SUBSYS         0005d180   00000080  00000048  00000038  RWIX
  CLK_CFG               0005d200   00000100  00000032  000000ce  RWIX
  CPU_SYS               0005d300   00000100  00000082  0000007e  RWIX
  ROMPREFETCH           0005e608   00000002  00000002  00000000  RWIX
  DCSM_Z1               0005f000   00000030  00000024  0000000c  RWIX
  DCSM_Z2               0005f040   00000030  00000024  0000000c  RWIX
  DCSM_COMMON           0005f070   00000010  00000008  00000008  RWIX
  MEMCFG                0005f400   00000080  00000080  00000000  RWIX
  EMIF1CONFIG           0005f480   00000020  00000020  00000000  RWIX
  EMIF2CONFIG           0005f4a0   00000020  00000020  00000000  RWIX
  ACCESSPROTECTION      0005f4c0   00000040  00000040  00000000  RWIX
  MEMORYERROR           0005f500   00000040  00000040  00000000  RWIX
  ROMWAITSTATE          0005f540   00000002  00000002  00000000  RWIX
  FLASH0_CTRL           0005f800   00000300  00000182  0000017e  RWIX
  FLASH0_ECC            0005fb00   00000040  00000028  00000018  RWIX
  DCSM_Z1_OTP           00078000   00000020  00000020  00000000  RWIX
  DCSM_Z2_OTP           00078200   00000020  00000020  00000000  RWIX
  FLASHC                000ba000   00002000  00000000  00002000  RWIX
  FLASHB                000bc000   00002000  00000000  00002000  RWIX


SECTION ALLOCATION MAP

 output                                  attributes/
section   page    origin      length       input sections
--------  ----  ----------  ----------   ----------------
codestart 
*          0    00000000    00000002     
                  00000000    00000002     F2837xD_CodeStartBranch.obj (codestart)

ramfuncs   0    00000002    00000008     
                  00000002    00000004     F2837xD_usDelay.obj (ramfuncs)
                  00000006    00000004     sysctl.obj (ramfuncs)

.cinit     0    0000cb00    000001f9     
                  0000cb00    000000ff     PV_Main.obj (.cinit)
                  0000cbff    00000023     clb_config.obj (.cinit:_TILE1HLCInstr)
                  0000cc22    00000021     F2837xD_struct.obj (.cinit:_TRIP_SEL)
                  0000cc43    0000001d     F2837xD_struct.obj (.cinit:_EPWM)
                  0000cc60    0000001d     PV_Main.obj (.cinit:_ePWM)
                  0000cc7d    00000011     F2837xD_struct.obj (.cinit:_ECAP)
                  0000cc8e    0000000e     rts2800_fpu32.lib : exit.c.obj (.cinit)
                  0000cc9c    0000000d     F2837xD_struct.obj (.cinit:_ADC)
                  0000cca9    0000000b     F2837xD_struct.obj (.cinit:_EQEP)
                  0000ccb4    0000000b     F2837xD_struct.obj (.cinit:_SPI)
                  0000ccbf    0000000b     PV_Main.obj (.cinit:_ucTXMsgData)
                  0000ccca    00000009     F2837xD_struct.obj (.cinit:_SDFM)
                  0000ccd3    00000007     F2837xD_struct.obj (.cinit:_I2C)
                  0000ccda    00000007     F2837xD_struct.obj (.cinit:_MCBSP)
                  0000cce1    00000007     F2837xD_struct.obj (.cinit:_SCI)
                  0000cce8    00000005     rts2800_fpu32.lib : _lock.c.obj (.cinit:__lock)
                  0000cced    00000005                       : _lock.c.obj (.cinit:__unlock)
                  0000ccf2    00000005     pga411.obj (.cinit)
                  0000ccf7    00000002     --HOLE-- [fill = 0]

.pinit     0    0000cb00    00000000     UNINITIALIZED

.text.1    0    00000400    000003ff     
                  00000400    000003d0     can.obj (.text)
                  000007d0    00000029     rts2800_fpu32.lib : exit.c.obj (.text)
                  000007f9    00000003     F2837xD_DBGIER.obj (.text)
                  000007fc    00000002     rts2800_fpu32.lib : pre_init.c.obj (.text)
                  000007fe    00000001                       : startup.c.obj (.text)

Cla1Prog   0    00008800    00002116     
                  00008800    00001df8     PV_Task_C.obj (Cla1Prog:_Cla1Task1)
                  0000a5f8    0000027e     PV_Task_C.obj (Cla1Prog:_Cla1Task8)
                  0000a876    00000038     cla1_math_library_fpu32.lib : CLAcosPU.obj (Cla1Prog:_CLAcosPU)
                  0000a8ae    00000038                                 : CLAsinPU.obj (Cla1Prog:_CLAsinPU)
                  0000a8e6    00000008     PV_Task_C.obj (Cla1Prog:_Cla1Task2)
                  0000a8ee    00000008     PV_Task_C.obj (Cla1Prog:_Cla1Task3)
                  0000a8f6    00000008     PV_Task_C.obj (Cla1Prog:_Cla1Task4)
                  0000a8fe    00000008     PV_Task_C.obj (Cla1Prog:_Cla1Task5)
                  0000a906    00000008     PV_Task_C.obj (Cla1Prog:_Cla1Task6)
                  0000a90e    00000008     PV_Task_C.obj (Cla1Prog:_Cla1Task7)

.text.2    0    0000bb00    00000800     
                  0000bb00    0000075a     PV_DevInit_F28377S.obj (.text)
                  0000c25a    00000096     clb.obj (.text)
                  0000c2f0    00000010     DelayUs.obj (.text)

.text.3    0    0000c300    000007fc     
                  0000c300    00000585     F2837xD_DefaultISR.obj (.text:retain)
                  0000c885    0000020f     Init_GPIO.obj (.text)
                  0000ca94    00000056     rts2800_fpu32.lib : boot28.asm.obj (.text)
                  0000caea    00000012                       : args_main.c.obj (.text)

.switch    0    0000ccfa    0000001a     
                  0000ccfa    0000001a     PV_Main.obj (.switch:_SEND_CAN)

.text.4    0    00014000    00000fff     
                  00014000    000009e5     PV_Main.obj (.text)
                  000149e5    0000041d     PV_Main.obj (.text:retain)
                  00014e02    000001e0     ADC_Conf.obj (.text)
                  00014fe2    0000001d     rts2800_fpu32.lib : memcpy.c.obj (.text)

.text.5    0    00015000    0000043a     
                  00015000    0000015a     interrupt.obj (.text)
                  0001515a    00000140     PWM_3PHASE_Conf.obj (.text)
                  0001529a    000000aa     clb_config.obj (.text)
                  00015344    00000088     rts2800_fpu32.lib : fs_div28.asm.obj (.text)
                  000153cc    00000024                       : cpy_tbl.c.obj (.text)
                  000153f0    00000020     delay.obj (.text)
                  00015410    0000000f     interrupt.obj (.text:retain)
                  0001541f    0000000a     PV_DevInit_F28377S.obj (.text:retain)
                  00015429    00000009     rts2800_fpu32.lib : _lock.c.obj (.text)
                  00015432    00000008     F2837xD_CodeStartBranch.obj (.text)

AdcaResultFile 
*          1    00000b00    00000018     UNINITIALIZED
                  00000b00    00000018     F2837xD_GlobalVariableDefs.obj (AdcaResultFile)

AdcbResultFile 
*          1    00000b20    00000018     UNINITIALIZED
                  00000b20    00000018     F2837xD_GlobalVariableDefs.obj (AdcbResultFile)

AdccResultFile 
*          1    00000b40    00000018     UNINITIALIZED
                  00000b40    00000018     F2837xD_GlobalVariableDefs.obj (AdccResultFile)

AdcdResultFile 
*          1    00000b60    00000018     UNINITIALIZED
                  00000b60    00000018     F2837xD_GlobalVariableDefs.obj (AdcdResultFile)

CpuTimer0RegsFile 
*          1    00000c00    00000008     UNINITIALIZED
                  00000c00    00000008     F2837xD_GlobalVariableDefs.obj (CpuTimer0RegsFile)

CpuTimer1RegsFile 
*          1    00000c08    00000008     UNINITIALIZED
                  00000c08    00000008     F2837xD_GlobalVariableDefs.obj (CpuTimer1RegsFile)

CpuTimer2RegsFile 
*          1    00000c10    00000008     UNINITIALIZED
                  00000c10    00000008     F2837xD_GlobalVariableDefs.obj (CpuTimer2RegsFile)

PieCtrlRegsFile 
*          1    00000ce0    0000001a     UNINITIALIZED
                  00000ce0    0000001a     F2837xD_GlobalVariableDefs.obj (PieCtrlRegsFile)

DmaRegsFile 
*          1    00001000    000000e0     UNINITIALIZED
                  00001000    000000e0     F2837xD_GlobalVariableDefs.obj (DmaRegsFile)

Cla1RegsFile 
*          1    00001400    0000003e     UNINITIALIZED
                  00001400    0000003e     F2837xD_GlobalVariableDefs.obj (Cla1RegsFile)

Cla1ToCpuMsgRAM 
*          1    00001480    00000074     UNINITIALIZED
                  00001480    00000074     PV_Task_C.obj (Cla1ToCpuMsgRAM)

CpuToCla1MsgRAM 
*          1    00001500    0000003a     UNINITIALIZED
                  00001500    0000003a     PV_Task_C.obj (CpuToCla1MsgRAM)

Clb1DataExchRegsFile 
*          1    00003200    00000108     UNINITIALIZED
                  00003200    00000108     F2837xD_GlobalVariableDefs.obj (Clb1DataExchRegsFile)

Clb2DataExchRegsFile 
*          1    00003600    00000108     UNINITIALIZED
                  00003600    00000108     F2837xD_GlobalVariableDefs.obj (Clb2DataExchRegsFile)

Clb3DataExchRegsFile 
*          1    00003a00    00000108     UNINITIALIZED
                  00003a00    00000108     F2837xD_GlobalVariableDefs.obj (Clb3DataExchRegsFile)

Clb4DataExchRegsFile 
*          1    00003e00    00000108     UNINITIALIZED
                  00003e00    00000108     F2837xD_GlobalVariableDefs.obj (Clb4DataExchRegsFile)

EPwm1RegsFile 
*          1    00004000    00000100     UNINITIALIZED
                  00004000    00000100     F2837xD_GlobalVariableDefs.obj (EPwm1RegsFile)

EPwm2RegsFile 
*          1    00004100    00000100     UNINITIALIZED
                  00004100    00000100     F2837xD_GlobalVariableDefs.obj (EPwm2RegsFile)

EPwm3RegsFile 
*          1    00004200    00000100     UNINITIALIZED
                  00004200    00000100     F2837xD_GlobalVariableDefs.obj (EPwm3RegsFile)

EPwm4RegsFile 
*          1    00004300    00000100     UNINITIALIZED
                  00004300    00000100     F2837xD_GlobalVariableDefs.obj (EPwm4RegsFile)

EPwm5RegsFile 
*          1    00004400    00000100     UNINITIALIZED
                  00004400    00000100     F2837xD_GlobalVariableDefs.obj (EPwm5RegsFile)

EPwm6RegsFile 
*          1    00004500    00000100     UNINITIALIZED
                  00004500    00000100     F2837xD_GlobalVariableDefs.obj (EPwm6RegsFile)

EPwm7RegsFile 
*          1    00004600    00000100     UNINITIALIZED
                  00004600    00000100     F2837xD_GlobalVariableDefs.obj (EPwm7RegsFile)

EPwm8RegsFile 
*          1    00004700    00000100     UNINITIALIZED
                  00004700    00000100     F2837xD_GlobalVariableDefs.obj (EPwm8RegsFile)

EPwm9RegsFile 
*          1    00004800    00000100     UNINITIALIZED
                  00004800    00000100     F2837xD_GlobalVariableDefs.obj (EPwm9RegsFile)

EPwm10RegsFile 
*          1    00004900    00000100     UNINITIALIZED
                  00004900    00000100     F2837xD_GlobalVariableDefs.obj (EPwm10RegsFile)

EPwm11RegsFile 
*          1    00004a00    00000100     UNINITIALIZED
                  00004a00    00000100     F2837xD_GlobalVariableDefs.obj (EPwm11RegsFile)

EPwm12RegsFile 
*          1    00004b00    00000100     UNINITIALIZED
                  00004b00    00000100     F2837xD_GlobalVariableDefs.obj (EPwm12RegsFile)

ECap1RegsFile 
*          1    00005000    00000020     UNINITIALIZED
                  00005000    00000020     F2837xD_GlobalVariableDefs.obj (ECap1RegsFile)

ECap2RegsFile 
*          1    00005020    00000020     UNINITIALIZED
                  00005020    00000020     F2837xD_GlobalVariableDefs.obj (ECap2RegsFile)

ECap3RegsFile 
*          1    00005040    00000020     UNINITIALIZED
                  00005040    00000020     F2837xD_GlobalVariableDefs.obj (ECap3RegsFile)

ECap4RegsFile 
*          1    00005060    00000020     UNINITIALIZED
                  00005060    00000020     F2837xD_GlobalVariableDefs.obj (ECap4RegsFile)

ECap5RegsFile 
*          1    00005080    00000020     UNINITIALIZED
                  00005080    00000020     F2837xD_GlobalVariableDefs.obj (ECap5RegsFile)

ECap6RegsFile 
*          1    000050a0    00000020     UNINITIALIZED
                  000050a0    00000020     F2837xD_GlobalVariableDefs.obj (ECap6RegsFile)

EQep1RegsFile 
*          1    00005100    00000022     UNINITIALIZED
                  00005100    00000022     F2837xD_GlobalVariableDefs.obj (EQep1RegsFile)

EQep2RegsFile 
*          1    00005140    00000022     UNINITIALIZED
                  00005140    00000022     F2837xD_GlobalVariableDefs.obj (EQep2RegsFile)

EQep3RegsFile 
*          1    00005180    00000022     UNINITIALIZED
                  00005180    00000022     F2837xD_GlobalVariableDefs.obj (EQep3RegsFile)

DacaRegsFile 
*          1    00005c00    00000008     UNINITIALIZED
                  00005c00    00000008     F2837xD_GlobalVariableDefs.obj (DacaRegsFile)

DacbRegsFile 
*          1    00005c10    00000008     UNINITIALIZED
                  00005c10    00000008     F2837xD_GlobalVariableDefs.obj (DacbRegsFile)

DaccRegsFile 
*          1    00005c20    00000008     UNINITIALIZED
                  00005c20    00000008     F2837xD_GlobalVariableDefs.obj (DaccRegsFile)

Cmpss1RegsFile 
*          1    00005c80    00000020     UNINITIALIZED
                  00005c80    00000020     F2837xD_GlobalVariableDefs.obj (Cmpss1RegsFile)

Cmpss2RegsFile 
*          1    00005ca0    00000020     UNINITIALIZED
                  00005ca0    00000020     F2837xD_GlobalVariableDefs.obj (Cmpss2RegsFile)

Cmpss3RegsFile 
*          1    00005cc0    00000020     UNINITIALIZED
                  00005cc0    00000020     F2837xD_GlobalVariableDefs.obj (Cmpss3RegsFile)

Cmpss4RegsFile 
*          1    00005ce0    00000020     UNINITIALIZED
                  00005ce0    00000020     F2837xD_GlobalVariableDefs.obj (Cmpss4RegsFile)

Cmpss5RegsFile 
*          1    00005d00    00000020     UNINITIALIZED
                  00005d00    00000020     F2837xD_GlobalVariableDefs.obj (Cmpss5RegsFile)

Cmpss6RegsFile 
*          1    00005d20    00000020     UNINITIALIZED
                  00005d20    00000020     F2837xD_GlobalVariableDefs.obj (Cmpss6RegsFile)

Cmpss7RegsFile 
*          1    00005d40    00000020     UNINITIALIZED
                  00005d40    00000020     F2837xD_GlobalVariableDefs.obj (Cmpss7RegsFile)

Cmpss8RegsFile 
*          1    00005d60    00000020     UNINITIALIZED
                  00005d60    00000020     F2837xD_GlobalVariableDefs.obj (Cmpss8RegsFile)

Sdfm1RegsFile 
*          1    00005e00    00000080     UNINITIALIZED
                  00005e00    00000080     F2837xD_GlobalVariableDefs.obj (Sdfm1RegsFile)

Sdfm2RegsFile 
*          1    00005e80    00000080     UNINITIALIZED
                  00005e80    00000080     F2837xD_GlobalVariableDefs.obj (Sdfm2RegsFile)

McbspaRegsFile 
*          1    00006000    00000024     UNINITIALIZED
                  00006000    00000024     F2837xD_GlobalVariableDefs.obj (McbspaRegsFile)

McbspbRegsFile 
*          1    00006040    00000024     UNINITIALIZED
                  00006040    00000024     F2837xD_GlobalVariableDefs.obj (McbspbRegsFile)

SpiaRegsFile 
*          1    00006100    00000010     UNINITIALIZED
                  00006100    00000010     F2837xD_GlobalVariableDefs.obj (SpiaRegsFile)

SpibRegsFile 
*          1    00006110    00000010     UNINITIALIZED
                  00006110    00000010     F2837xD_GlobalVariableDefs.obj (SpibRegsFile)

SpicRegsFile 
*          1    00006120    00000010     UNINITIALIZED
                  00006120    00000010     F2837xD_GlobalVariableDefs.obj (SpicRegsFile)

UppRegsFile 
*          1    00006200    00000048     UNINITIALIZED
                  00006200    00000048     F2837xD_GlobalVariableDefs.obj (UppRegsFile)

WdRegsFile 
*          1    00007000    0000002b     UNINITIALIZED
                  00007000    0000002b     F2837xD_GlobalVariableDefs.obj (WdRegsFile)

NmiIntruptRegsFile 
*          1    00007060    00000007     UNINITIALIZED
                  00007060    00000007     F2837xD_GlobalVariableDefs.obj (NmiIntruptRegsFile)

XintRegsFile 
*          1    00007070    0000000b     UNINITIALIZED
                  00007070    0000000b     F2837xD_GlobalVariableDefs.obj (XintRegsFile)

SciaRegsFile 
*          1    00007200    00000010     UNINITIALIZED
                  00007200    00000010     F2837xD_GlobalVariableDefs.obj (SciaRegsFile)

ScibRegsFile 
*          1    00007210    00000010     UNINITIALIZED
                  00007210    00000010     F2837xD_GlobalVariableDefs.obj (ScibRegsFile)

ScicRegsFile 
*          1    00007220    00000010     UNINITIALIZED
                  00007220    00000010     F2837xD_GlobalVariableDefs.obj (ScicRegsFile)

ScidRegsFile 
*          1    00007230    00000010     UNINITIALIZED
                  00007230    00000010     F2837xD_GlobalVariableDefs.obj (ScidRegsFile)

I2caRegsFile 
*          1    00007300    00000022     UNINITIALIZED
                  00007300    00000022     F2837xD_GlobalVariableDefs.obj (I2caRegsFile)

I2cbRegsFile 
*          1    00007340    00000022     UNINITIALIZED
                  00007340    00000022     F2837xD_GlobalVariableDefs.obj (I2cbRegsFile)

InputXbarRegsFile 
*          1    00007900    00000020     UNINITIALIZED
                  00007900    00000020     F2837xD_GlobalVariableDefs.obj (InputXbarRegsFile)

XbarRegsFile 
*          1    00007920    00000020     UNINITIALIZED
                  00007920    00000020     F2837xD_GlobalVariableDefs.obj (XbarRegsFile)

SyncSocRegsFile 
*          1    00007940    00000006     UNINITIALIZED
                  00007940    00000006     F2837xD_GlobalVariableDefs.obj (SyncSocRegsFile)

DmaClaSrcSelRegsFile 
*          1    00007980    0000001a     UNINITIALIZED
                  00007980    0000001a     F2837xD_GlobalVariableDefs.obj (DmaClaSrcSelRegsFile)

EPwmXbarRegsFile 
*          1    00007a00    00000040     UNINITIALIZED
                  00007a00    00000040     F2837xD_GlobalVariableDefs.obj (EPwmXbarRegsFile)

OutputXbarRegsFile 
*          1    00007a80    00000040     UNINITIALIZED
                  00007a80    00000040     F2837xD_GlobalVariableDefs.obj (OutputXbarRegsFile)

GpioCtrlRegsFile 
*          1    00007c00    00000180     UNINITIALIZED
                  00007c00    00000180     F2837xD_GlobalVariableDefs.obj (GpioCtrlRegsFile)

GpioDataRegsFile 
*          1    00007f00    00000030     UNINITIALIZED
                  00007f00    00000030     F2837xD_GlobalVariableDefs.obj (GpioDataRegsFile)

CLADataLS0 
*          1    00008000    0000024e     UNINITIALIZED
                  00008000    0000024e     PV_Task_C.obj (CLADataLS0)

.const_cla 
*          1    00008000    00000000     UNINITIALIZED

CLA1mathTables 
*          1    0000824e    00000156     
                  0000824e    00000156     cla1_math_library_fpu32.lib : CLASinCosTable.obj (CLA1mathTables)

CLAscratch 
*          1    000083a4    00000100     UNINITIALIZED
                  000083a4    00000100     --HOLE--

.bss_cla   1    000084a4    0000000f     UNINITIALIZED
                  000084a4    0000000f     PV_Task_C.obj (.bss_cla)

.scratchpad 
*          1    000084b4    0000000a     UNINITIALIZED
                  000084b4    00000008     PV_Task_C.obj (.scratchpad:Cla1Prog:_Cla1Task1)
                  000084bc    00000002     cla1_math_library_fpu32.lib : CLAcosPU.obj (.scratchpad:Cla1Prog:_CLAcosPU)
                  000084bc    00000002                                 : CLAsinPU.obj (.scratchpad:Cla1Prog:_CLAsinPU)

.econst    1    0000f000    00000009     
                  0000f000    00000009     can.obj (.econst:_g_ui16CANBitValues)

.reset     0    003fffc0    00000002     DSECT
                  003fffc0    00000002     rts2800_fpu32.lib : boot28.asm.obj (.reset)

.stack     1    0000e000    00000200     UNINITIALIZED
                  0000e000    00000200     --HOLE--

.ebss      1    00011000    000001ae     UNINITIALIZED
                  00011000    000000bc     PV_Main.obj (.ebss)
                  000110bc    00000004     F2837xD_struct.obj (.ebss:_I2C)
                  000110c0    00000020     clb_config.obj (.ebss:_TILE1HLCInstr)
                  000110e0    0000001e     F2837xD_struct.obj (.ebss:_TRIP_SEL)
                  000110fe    00000002     rts2800_fpu32.lib : _lock.c.obj (.ebss:__lock)
                  00011100    0000001a     F2837xD_struct.obj (.ebss:_EPWM)
                  0001111a    0000001a     PV_Main.obj (.ebss:_ePWM)
                  00011134    0000000a     F2837xD_struct.obj (.ebss:_ADC)
                  0001113e    00000002     rts2800_fpu32.lib : _lock.c.obj (.ebss:__unlock)
                  00011140    00000018     F2837xD_CpuTimers.obj (.ebss)
                  00011158    0000000e     F2837xD_struct.obj (.ebss:_ECAP)
                  00011166    00000008     F2837xD_struct.obj (.ebss:_EQEP)
                  0001116e    00000008     F2837xD_struct.obj (.ebss:_SPI)
                  00011176    00000008     PV_Main.obj (.ebss:_ucRXMsgData)
                  0001117e    00000002     pga411.obj (.ebss)
                  00011180    00000008     PV_Main.obj (.ebss:_ucTXMsgData)
                  00011188    00000006     F2837xD_TempSensorConv.obj (.ebss)
                  0001118e    00000006     F2837xD_struct.obj (.ebss:_SDFM)
                  00011194    00000006     rts2800_fpu32.lib : exit.c.obj (.ebss)
                  0001119a    00000004     F2837xD_struct.obj (.ebss:_MCBSP)
                  0001119e    00000004     F2837xD_struct.obj (.ebss:_SCI)
                  000111a2    00000004     PV_Main.obj (.ebss:_VTimer0)
                  000111a6    00000004     PV_Main.obj (.ebss:_VTimer1)
                  000111aa    00000004     PV_Main.obj (.ebss:_VTimer2)

Clb1LogicCfgRegsFile 
*          1    00003000    0000003e     UNINITIALIZED
                  00003000    0000003e     F2837xD_GlobalVariableDefs.obj (Clb1LogicCfgRegsFile)

Clb1LogicCtrlRegsFile 
*          1    00003100    00000040     UNINITIALIZED
                  00003100    00000040     F2837xD_GlobalVariableDefs.obj (Clb1LogicCtrlRegsFile)

Clb2LogicCfgRegsFile 
*          1    00003400    0000003e     UNINITIALIZED
                  00003400    0000003e     F2837xD_GlobalVariableDefs.obj (Clb2LogicCfgRegsFile)

Clb2LogicCtrlRegsFile 
*          1    00003500    00000040     UNINITIALIZED
                  00003500    00000040     F2837xD_GlobalVariableDefs.obj (Clb2LogicCtrlRegsFile)

Clb3LogicCfgRegsFile 
*          1    00003800    0000003e     UNINITIALIZED
                  00003800    0000003e     F2837xD_GlobalVariableDefs.obj (Clb3LogicCfgRegsFile)

Clb3LogicCtrlRegsFile 
*          1    00003900    00000040     UNINITIALIZED
                  00003900    00000040     F2837xD_GlobalVariableDefs.obj (Clb3LogicCtrlRegsFile)

Clb4LogicCfgRegsFile 
*          1    00003c00    0000003e     UNINITIALIZED
                  00003c00    0000003e     F2837xD_GlobalVariableDefs.obj (Clb4LogicCfgRegsFile)

Clb4LogicCtrlRegsFile 
*          1    00003d00    00000040     UNINITIALIZED
                  00003d00    00000040     F2837xD_GlobalVariableDefs.obj (Clb4LogicCtrlRegsFile)

PieVectTableFile 
*          1    00000d00    000001c0     UNINITIALIZED
                  00000d00    000001c0     F2837xD_GlobalVariableDefs.obj (PieVectTableFile)

EmuKeyVar 
*          1    00000d00    00000001     UNINITIALIZED
                  00000d00    00000001     F2837xD_GlobalVariableDefs.obj (EmuKeyVar)

EmuBModeVar 
*          1    00000d01    00000001     UNINITIALIZED
                  00000d01    00000001     F2837xD_GlobalVariableDefs.obj (EmuBModeVar)

FlashCallbackVar 
*          1    00000d02    00000000     UNINITIALIZED

FlashScalingVar 
*          1    00000d02    00000000     UNINITIALIZED

AdcaRegsFile 
*          1    00007400    00000080     UNINITIALIZED
                  00007400    00000080     F2837xD_GlobalVariableDefs.obj (AdcaRegsFile)

AdcbRegsFile 
*          1    00007480    00000080     UNINITIALIZED
                  00007480    00000080     F2837xD_GlobalVariableDefs.obj (AdcbRegsFile)

AdccRegsFile 
*          1    00007500    00000080     UNINITIALIZED
                  00007500    00000080     F2837xD_GlobalVariableDefs.obj (AdccRegsFile)

AdcdRegsFile 
*          1    00007580    00000080     UNINITIALIZED
                  00007580    00000080     F2837xD_GlobalVariableDefs.obj (AdcdRegsFile)

Emif1RegsFile 
*          1    00047000    00000070     UNINITIALIZED
                  00047000    00000070     F2837xD_GlobalVariableDefs.obj (Emif1RegsFile)

Emif2RegsFile 
*          1    00047800    00000070     UNINITIALIZED
                  00047800    00000070     F2837xD_GlobalVariableDefs.obj (Emif2RegsFile)

IpcRegsFile 
*          1    00050000    00000024     UNINITIALIZED
                  00050000    00000024     F2837xD_GlobalVariableDefs.obj (IpcRegsFile)

FlashPumpSemaphoreRegsFile 
*          1    00050024    00000002     UNINITIALIZED
                  00050024    00000002     F2837xD_GlobalVariableDefs.obj (FlashPumpSemaphoreRegsFile)

AnalogSubsysRegsFile 
*          1    0005d180    00000048     UNINITIALIZED
                  0005d180    00000048     F2837xD_GlobalVariableDefs.obj (AnalogSubsysRegsFile)

Cla1SoftIntRegsFile 
*          1    00000ce0    00000004     DSECT
                  00000ce0    00000004     F2837xD_GlobalVariableDefs.obj (Cla1SoftIntRegsFile)

ClbXbarRegsFile 
*          1    00007a40    00000040     UNINITIALIZED
                  00007a40    00000040     F2837xD_GlobalVariableDefs.obj (ClbXbarRegsFile)

RomPrefetchRegsFile 
*          1    0005e608    00000002     UNINITIALIZED
                  0005e608    00000002     F2837xD_GlobalVariableDefs.obj (RomPrefetchRegsFile)

DcsmZ1RegsFile 
*          1    0005f000    00000024     UNINITIALIZED
                  0005f000    00000024     F2837xD_GlobalVariableDefs.obj (DcsmZ1RegsFile)

DcsmZ2RegsFile 
*          1    0005f040    00000024     UNINITIALIZED
                  0005f040    00000024     F2837xD_GlobalVariableDefs.obj (DcsmZ2RegsFile)

DcsmCommonRegsFile 
*          1    0005f070    00000008     UNINITIALIZED
                  0005f070    00000008     F2837xD_GlobalVariableDefs.obj (DcsmCommonRegsFile)

MemCfgRegsFile 
*          1    0005f400    00000080     UNINITIALIZED
                  0005f400    00000080     F2837xD_GlobalVariableDefs.obj (MemCfgRegsFile)

Emif1ConfigRegsFile 
*          1    0005f480    00000020     UNINITIALIZED
                  0005f480    00000020     F2837xD_GlobalVariableDefs.obj (Emif1ConfigRegsFile)

Emif2ConfigRegsFile 
*          1    0005f4a0    00000020     UNINITIALIZED
                  0005f4a0    00000020     F2837xD_GlobalVariableDefs.obj (Emif2ConfigRegsFile)

AccessProtectionRegsFile 
*          1    0005f4c0    00000040     UNINITIALIZED
                  0005f4c0    00000040     F2837xD_GlobalVariableDefs.obj (AccessProtectionRegsFile)

MemoryErrorRegsFile 
*          1    0005f500    00000040     UNINITIALIZED
                  0005f500    00000040     F2837xD_GlobalVariableDefs.obj (MemoryErrorRegsFile)

RomWaitStateRegsFile 
*          1    0005f540    00000002     UNINITIALIZED
                  0005f540    00000002     F2837xD_GlobalVariableDefs.obj (RomWaitStateRegsFile)

Flash0CtrlRegsFile 
*          1    0005f800    00000182     UNINITIALIZED
                  0005f800    00000182     F2837xD_GlobalVariableDefs.obj (Flash0CtrlRegsFile)

Flash0EccRegsFile 
*          1    0005fb00    00000028     UNINITIALIZED
                  0005fb00    00000028     F2837xD_GlobalVariableDefs.obj (Flash0EccRegsFile)

DcsmZ1OtpFile 
*          1    00078000    00000020     NOLOAD SECTION
                  00078000    00000020     F2837xD_GlobalVariableDefs.obj (DcsmZ1OtpFile)

DcsmZ2OtpFile 
*          1    00078200    00000020     NOLOAD SECTION
                  00078200    00000020     F2837xD_GlobalVariableDefs.obj (DcsmZ2OtpFile)

DevCfgRegsFile 
*          1    0005d000    0000012e     UNINITIALIZED
                  0005d000    0000012e     F2837xD_GlobalVariableDefs.obj (DevCfgRegsFile)

ClkCfgRegsFile 
*          1    0005d200    00000032     UNINITIALIZED
                  0005d200    00000032     F2837xD_GlobalVariableDefs.obj (ClkCfgRegsFile)

CpuSysRegsFile 
*          1    0005d300    00000082     UNINITIALIZED
                  0005d300    00000082     F2837xD_GlobalVariableDefs.obj (CpuSysRegsFile)

DLOG       1    0000e200    00000be8     UNINITIALIZED
                  0000e200    00000be8     PV_Main.obj (DLOG)

MODULE SUMMARY

       Module                           code    initialized data   uninitialized data
       ------                           ----    ----------------   ------------------
    .\_1_PV_DC_AC\source\
       PV_Task_C.obj                    8358    0                  787               
       PV_Main.obj                      3586    321                3290              
       PV_DevInit_F28377S.obj           1892    0                  0                 
    +--+--------------------------------+-------+------------------+--------------------+
       Total:                           13836   321                4077              
                                                                                     
    .\_2_Libruary\Driver\source\
       ADC_Conf.obj                     480     0                  0                 
       PWM_3PHASE_Conf.obj              320     0                  0                 
       pga411.obj                       0       5                  2                 
    +--+--------------------------------+-------+------------------+--------------------+
       Total:                           800     5                  2                 
                                                                                     
    .\_3_Board\source\
       Init_GPIO.obj                    527     0                  0                 
       delay.obj                        32      0                  0                 
    +--+--------------------------------+-------+------------------+--------------------+
       Total:                           559     0                  0                 
                                                                                     
    .\_4_Device\F2837xD_common\driverlib\
       can.obj                          976     9                  0                 
       interrupt.obj                    361     0                  0                 
       clb_config.obj                   170     35                 32                
       clb.obj                          150     0                  0                 
       sysctl.obj                       4       0                  0                 
    +--+--------------------------------+-------+------------------+--------------------+
       Total:                           1661    44                 32                
                                                                                     
    .\_4_Device\F2837xD_common\source\
       F2837xD_DefaultISR.obj           1413    0                  0                 
       F2837xD_struct.obj               0       144                114               
       F2837xD_CpuTimers.obj            0       0                  24                
       DelayUs.obj                      16      0                  0                 
       F2837xD_CodeStartBranch.obj      10      0                  0                 
       F2837xD_TempSensorConv.obj       0       0                  6                 
       F2837xD_usDelay.obj              4       0                  0                 
       F2837xD_DBGIER.obj               3       0                  0                 
    +--+--------------------------------+-------+------------------+--------------------+
       Total:                           1446    144                144               
                                                                                     
    .\_4_Device\F2837xD_headers\source\
       F2837xD_GlobalVariableDefs.obj   0       0                  9671              
    +--+--------------------------------+-------+------------------+--------------------+
       Total:                           0       0                  9671              
                                                                                     
    ../_2_Libruary/Math/CLAmath/lib/cla1_math_library_fpu32.lib
       CLASinCosTable.obj               0       342                0                 
       CLAcosPU.obj                     56      0                  2                 
       CLAsinPU.obj                     56      0                  2                 
    +--+--------------------------------+-------+------------------+--------------------+
       Total:                           112     342                4                 
                                                                                     
    C:\ti\ccs1250\ccs\tools\compiler\ti-cgt-c2000_22.6.1.LTS\lib\rts2800_fpu32.lib
       fs_div28.asm.obj                 136     0                  0                 
       boot28.asm.obj                   86      0                  0                 
       exit.c.obj                       41      14                 6                 
       cpy_tbl.c.obj                    36      0                  0                 
       memcpy.c.obj                     29      0                  0                 
       _lock.c.obj                      9       10                 4                 
       args_main.c.obj                  18      0                  0                 
       pre_init.c.obj                   2       0                  0                 
       startup.c.obj                    1       0                  0                 
    +--+--------------------------------+-------+------------------+--------------------+
       Total:                           358     24                 10                
                                                                                     
       Stack:                           0       0                  512               
    +--+--------------------------------+-------+------------------+--------------------+
       Grand Total:                     18772   880                14452             


GLOBAL DATA SYMBOLS: SORTED BY DATA PAGE

address     data page           name
--------    ----------------    ----
00000b00      2c (00000b00)     _AdcaResultRegs
00000b20      2c (00000b00)     _AdcbResultRegs

00000b40      2d (00000b40)     _AdccResultRegs
00000b60      2d (00000b40)     _AdcdResultRegs

00000c00      30 (00000c00)     _CpuTimer0Regs
00000c08      30 (00000c00)     _CpuTimer1Regs
00000c10      30 (00000c00)     _CpuTimer2Regs

00000ce0      33 (00000cc0)     _Cla1SoftIntRegs
00000ce0      33 (00000cc0)     _PieCtrlRegs

00000d00      34 (00000d00)     _EmuKey
00000d00      34 (00000d00)     _PieVectTable
00000d01      34 (00000d00)     _EmuBMode

00001000      40 (00001000)     _DmaRegs

00001400      50 (00001400)     _Cla1Regs

00001480      52 (00001480)     _ClaToCPU

00001500      54 (00001500)     _CpuToCLA

00003000      c0 (00003000)     _Clb1LogicCfgRegs

00003100      c4 (00003100)     _Clb1LogicCtrlRegs

00003200      c8 (00003200)     _Clb1DataExchRegs

00003400      d0 (00003400)     _Clb2LogicCfgRegs

00003500      d4 (00003500)     _Clb2LogicCtrlRegs

00003600      d8 (00003600)     _Clb2DataExchRegs

00003800      e0 (00003800)     _Clb3LogicCfgRegs

00003900      e4 (00003900)     _Clb3LogicCtrlRegs

00003a00      e8 (00003a00)     _Clb3DataExchRegs

00003c00      f0 (00003c00)     _Clb4LogicCfgRegs

00003d00      f4 (00003d00)     _Clb4LogicCtrlRegs

00003e00      f8 (00003e00)     _Clb4DataExchRegs

00004000     100 (00004000)     _EPwm1Regs

00004100     104 (00004100)     _EPwm2Regs

00004200     108 (00004200)     _EPwm3Regs

00004300     10c (00004300)     _EPwm4Regs

00004400     110 (00004400)     _EPwm5Regs

00004500     114 (00004500)     _EPwm6Regs

00004600     118 (00004600)     _EPwm7Regs

00004700     11c (00004700)     _EPwm8Regs

00004800     120 (00004800)     _EPwm9Regs

00004900     124 (00004900)     _EPwm10Regs

00004a00     128 (00004a00)     _EPwm11Regs

00004b00     12c (00004b00)     _EPwm12Regs

00005000     140 (00005000)     _ECap1Regs
00005020     140 (00005000)     _ECap2Regs

00005040     141 (00005040)     _ECap3Regs
00005060     141 (00005040)     _ECap4Regs

00005080     142 (00005080)     _ECap5Regs
000050a0     142 (00005080)     _ECap6Regs

00005100     144 (00005100)     _EQep1Regs

00005140     145 (00005140)     _EQep2Regs

00005180     146 (00005180)     _EQep3Regs

00005c00     170 (00005c00)     _DacaRegs
00005c10     170 (00005c00)     _DacbRegs
00005c20     170 (00005c00)     _DaccRegs

00005c80     172 (00005c80)     _Cmpss1Regs
00005ca0     172 (00005c80)     _Cmpss2Regs

00005cc0     173 (00005cc0)     _Cmpss3Regs
00005ce0     173 (00005cc0)     _Cmpss4Regs

00005d00     174 (00005d00)     _Cmpss5Regs
00005d20     174 (00005d00)     _Cmpss6Regs

00005d40     175 (00005d40)     _Cmpss7Regs
00005d60     175 (00005d40)     _Cmpss8Regs

00005e00     178 (00005e00)     _Sdfm1Regs

00005e80     17a (00005e80)     _Sdfm2Regs

00006000     180 (00006000)     _McbspaRegs

00006040     181 (00006040)     _McbspbRegs

00006100     184 (00006100)     _SpiaRegs
00006110     184 (00006100)     _SpibRegs
00006120     184 (00006100)     _SpicRegs

00006200     188 (00006200)     _UppRegs

00007000     1c0 (00007000)     _WdRegs

00007060     1c1 (00007040)     _NmiIntruptRegs
00007070     1c1 (00007040)     _XintRegs

00007200     1c8 (00007200)     _SciaRegs
00007210     1c8 (00007200)     _ScibRegs
00007220     1c8 (00007200)     _ScicRegs
00007230     1c8 (00007200)     _ScidRegs

00007300     1cc (00007300)     _I2caRegs

00007340     1cd (00007340)     _I2cbRegs

00007400     1d0 (00007400)     _AdcaRegs

00007480     1d2 (00007480)     _AdcbRegs

00007500     1d4 (00007500)     _AdccRegs

00007580     1d6 (00007580)     _AdcdRegs

00007900     1e4 (00007900)     _InputXbarRegs
00007920     1e4 (00007900)     _XbarRegs

00007940     1e5 (00007940)     _SyncSocRegs

00007980     1e6 (00007980)     _DmaClaSrcSelRegs

00007a00     1e8 (00007a00)     _EPwmXbarRegs

00007a40     1e9 (00007a40)     _ClbXbarRegs

00007a80     1ea (00007a80)     _OutputXbarRegs

00007c00     1f0 (00007c00)     _GpioCtrlRegs

00007f00     1fc (00007f00)     _GpioDataRegs

00008000     200 (00008000)     _IsrTicker
00008002     200 (00008000)     _rg_har_1st
00008010     200 (00008000)     _Set_ramp
0000801e     200 (00008000)     _ipark_voltref
0000802e     200 (00008000)     _park_curr

00008040     201 (00008040)     _park_volt
00008052     201 (00008040)     _park_volt_pll
00008064     201 (00008040)     _clarke_volt
00008070     201 (00008040)     _clarke_curr
0000807c     201 (00008040)     _clarke_volt_pll

00008088     202 (00008080)     _pll_3phase
000080ac     202 (00008080)     _pi_curr_id

000080c6     203 (000080c0)     _pi_curr_iq
000080e0     203 (000080c0)     _pi_curr_iz
000080fa     203 (000080c0)     _pi_volt_Udc

00008114     204 (00008100)     _pi_volt_Usd
0000812e     204 (00008100)     _pi_volt_Usq

00008148     205 (00008140)     _Svm3d
0000816a     205 (00008140)     _Svm2d

0000818c     206 (00008180)     _pwm
0000819a     206 (00008180)     _UabtoUabc
000081a6     206 (00008180)     _rc_Ref
000081b4     206 (00008180)     _rc_Compen

000081c2     207 (000081c0)     _Calculator_Ia_Rms
000081ce     207 (000081c0)     _AdcValue
000081e8     207 (000081c0)     _adc_filter

00008202     208 (00008200)     _filter_Udc
0000820c     208 (00008200)     _filter_VaG
00008216     208 (00008200)     _filter_VbG
00008220     208 (00008200)     _filter_VcG
0000822a     208 (00008200)     _filter_Usd
00008234     208 (00008200)     _filter_Usq
0000823e     208 (00008200)     _loop_volt_Udc
0000823f     208 (00008200)     _count_start_CL

00008240     209 (00008240)     _ramp_switch
00008241     209 (00008240)     _switch_bdk
00008242     209 (00008240)     _controller_error_curr_isd
00008243     209 (00008240)     _controller_error_curr_isq
00008244     209 (00008240)     _controller_error_volt
00008245     209 (00008240)     _controller_error_volt_Usd
00008246     209 (00008240)     _controller_error_volt_Usq
00008247     209 (00008240)     _OffsetCalCounter
00008248     209 (00008240)     _START_CONTROLLER
00008249     209 (00008240)     _START_ADC
0000824a     209 (00008240)     _ControlMode
0000824c     209 (00008240)     _loop_volt_Us
0000824e     209 (00008240)     _CLAsinTable
0000824e     209 (00008240)     _CLAsincosTable
0000824e     209 (00008240)     _CLAsincosTable_Sin0

0000828e     20a (00008280)     _CLAcosTable
0000828e     20a (00008280)     _CLAsincosTable_Cos0

0000834e     20d (00008340)     _CLAsinTableEnd

00008390     20e (00008380)     _CLAcosTableEnd
00008390     20e (00008380)     _CLAsincosTable_TABLE_SIZE
00008392     20e (00008380)     _CLAsincosTable_TABLE_SIZEDivTwoPi
00008394     20e (00008380)     _CLAsincosTable_TwoPiDivTABLE_SIZE
00008396     20e (00008380)     _CLAsincosTable_TABLE_MASK
00008398     20e (00008380)     _CLAsincosTable_Coef0
0000839a     20e (00008380)     _CLAsincosTable_Coef1
0000839c     20e (00008380)     _CLAsincosTable_Coef1_pos
0000839e     20e (00008380)     _CLAsincosTable_Coef2
000083a0     20e (00008380)     _CLAsincosTable_Coef3
000083a2     20e (00008380)     _CLAsincosTable_Coef3_neg
000083a4     20e (00008380)     _CLAsincosTableEnd

000084a4     212 (00008480)     _Ki_curr_test
000084a6     212 (00008480)     _Set_point_rms
000084a8     212 (00008480)     _Set_point_curr
000084aa     212 (00008480)     _Kp_curr_test
000084ac     212 (00008480)     _Ki_volt_Us_test
000084ae     212 (00008480)     _Kp_volt_Us_test
000084b0     212 (00008480)     _test
000084b2     212 (00008480)     _count

0000e000     380 (0000e000)     __stack

0000e200     388 (0000e200)     _DataLog1

0000e600     398 (0000e600)     _DataLog2

0000ea00     3a8 (0000ea00)     _DataLog3

00011000     440 (00011000)     _ndx1
00011001     440 (00011000)     _ndx2
00011002     440 (00011000)     _ndx3
00011003     440 (00011000)     _clkPrescale
00011004     440 (00011000)     _sampwin
00011005     440 (00011000)     _thresh
00011006     440 (00011000)     _LEM_curHi
00011007     440 (00011000)     _LEM_curLo
00011008     440 (00011000)     _RxID
00011009     440 (00011000)     _TxID
0001100a     440 (00011000)     _signal_mode
0001100b     440 (00011000)     _running_state
0001100c     440 (00011000)     _checking_state
0001100d     440 (00011000)     _config_state
0001100e     440 (00011000)     _stop_state
0001100f     440 (00011000)     _checking_error
00011010     440 (00011000)     _signal_view_can
00011011     440 (00011000)     _check_run_error
00011012     440 (00011000)     _check_stop_error
00011013     440 (00011000)     _send_can_loop
00011014     440 (00011000)     _signal_response
00011015     440 (00011000)     _run_flag
00011016     440 (00011000)     _stop_flag
00011017     440 (00011000)     _test_can
00011018     440 (00011000)     _START
00011019     440 (00011000)     _StartFlagAC
0001101a     440 (00011000)     _StopFlagAC
0001101b     440 (00011000)     _error
0001101c     440 (00011000)     _errorFlag
0001101d     440 (00011000)     _ChannelAdc
0001101e     440 (00011000)     _Task1_Isr
0001101f     440 (00011000)     _Task8_Isr
00011020     440 (00011000)     _Pwm_Isr
00011021     440 (00011000)     _trip1
00011022     440 (00011000)     _trip2
00011023     440 (00011000)     _trip3
00011024     440 (00011000)     _trip4
00011025     440 (00011000)     _RESET_IGBT
00011026     440 (00011000)     _ResetIGBTFlag
00011027     440 (00011000)     _TripFlagIGBT
00011028     440 (00011000)     _reset_charge
00011029     440 (00011000)     _OverCurrentMeasure
0001102a     440 (00011000)     _clearTripFlagDMC
0001102b     440 (00011000)     _OverCurrentChargeCap
0001102c     440 (00011000)     _ChargeCapFlag
0001102e     440 (00011000)     _Alpha_State_Ptr
00011030     440 (00011000)     _A_Task_Ptr
00011032     440 (00011000)     _B_Task_Ptr
00011034     440 (00011000)     _C_Task_Ptr
00011036     440 (00011000)     _curLimit
00011038     440 (00011000)     _curPeakLimit
0001103a     440 (00011000)     _g_ulTxMsgCount
0001103c     440 (00011000)     _g_ulRxMsgCount
0001103e     440 (00011000)     _u32CanAErrorStatus

00011040     441 (00011040)     _g_bErrFlag
00011042     441 (00011040)     _ulStatus
00011044     441 (00011040)     _time_power
00011046     441 (00011040)     _Freq_AC
00011048     441 (00011040)     _Pow_AC_Grid
0001104a     441 (00011040)     _Pow_AC_Load
0001104c     441 (00011040)     _Pow_AC_Total
0001104e     441 (00011040)     _adc_cal
00011052     441 (00011040)     _canbit
00011056     441 (00011040)     _TxMsgData
0001105b     441 (00011040)     _RxMsgData
00011060     441 (00011040)     _sTXCANMessage
0001106a     441 (00011040)     _sRXCANMessage

00011080     442 (00011080)     _pwm1
0001108e     442 (00011080)     _Setting_PV
000110a0     442 (00011080)     _Limit
000110bc     442 (00011080)     _I2C

000110c0     443 (000110c0)     _TILE1HLCInstr
000110e0     443 (000110c0)     _TRIP_SEL
000110fe     443 (000110c0)     __lock

00011100     444 (00011100)     _EPWM
0001111a     444 (00011100)     _ePWM
00011134     444 (00011100)     _ADC
0001113e     444 (00011100)     __unlock

00011140     445 (00011140)     _CpuTimer0
00011148     445 (00011140)     _CpuTimer1
00011150     445 (00011140)     _CpuTimer2
00011158     445 (00011140)     _ECAP
00011166     445 (00011140)     _EQEP
0001116e     445 (00011140)     _SPI
00011176     445 (00011140)     _ucRXMsgData
0001117e     445 (00011140)     _pga411_spi_frame

00011180     446 (00011180)     _ucTXMsgData
00011188     446 (00011180)     _tempSensor_tempSlope
0001118a     446 (00011180)     _tempSensor_tempOffset
0001118c     446 (00011180)     _tempSensor_scaleFactor
0001118e     446 (00011180)     _SDFM
00011194     446 (00011180)     ___TI_enable_exit_profile_output
00011196     446 (00011180)     ___TI_cleanup_ptr
00011198     446 (00011180)     ___TI_dtors_ptr
0001119a     446 (00011180)     _MCBSP
0001119e     446 (00011180)     _SCI
000111a2     446 (00011180)     _VTimer0
000111a6     446 (00011180)     _VTimer1
000111aa     446 (00011180)     _VTimer2

00047000    11c0 (00047000)     _Emif1Regs

00047800    11e0 (00047800)     _Emif2Regs

00050000    1400 (00050000)     _IpcRegs
00050024    1400 (00050000)     _FlashPumpSemaphoreRegs

0005d000    1740 (0005d000)     _DevCfgRegs

0005d180    1746 (0005d180)     _AnalogSubsysRegs

0005d200    1748 (0005d200)     _ClkCfgRegs

0005d300    174c (0005d300)     _CpuSysRegs

0005e608    1798 (0005e600)     _RomPrefetchRegs

0005f000    17c0 (0005f000)     _DcsmZ1Regs

0005f040    17c1 (0005f040)     _DcsmZ2Regs
0005f070    17c1 (0005f040)     _DcsmCommonRegs

0005f400    17d0 (0005f400)     _MemCfgRegs

0005f480    17d2 (0005f480)     _Emif1ConfigRegs
0005f4a0    17d2 (0005f480)     _Emif2ConfigRegs

0005f4c0    17d3 (0005f4c0)     _AccessProtectionRegs

0005f500    17d4 (0005f500)     _MemoryErrorRegs

0005f540    17d5 (0005f540)     _RomWaitStateRegs

0005f800    17e0 (0005f800)     _Flash0CtrlRegs

0005fb00    17ec (0005fb00)     _Flash0EccRegs

00078000    1e00 (00078000)     _DcsmZ1Otp

00078200    1e08 (00078200)     _DcsmZ2Otp


GLOBAL SYMBOLS: SORTED ALPHABETICALLY BY Name 

page  address   name                              
----  -------   ----                              
abs   ffffffff  .text                             
0     000007d0  C$$EXIT                           
abs   00000100  CLA_SCRATCHPAD_SIZE               
0     00015344  FS$$DIV                           
0     000142fc  _A0                               
1     00011134  _ADC                              
0     0000c87b  _ADCA1_ISR                        
0     0000c871  _ADCA2_ISR                        
0     0000c867  _ADCA3_ISR                        
0     0000c85d  _ADCA4_ISR                        
0     0000c853  _ADCA_EVT_ISR                     
0     0000c849  _ADCB1_ISR                        
0     0000c83f  _ADCB2_ISR                        
0     0000c835  _ADCB3_ISR                        
0     0000c82b  _ADCB4_ISR                        
0     0000c821  _ADCB_EVT_ISR                     
0     0000c817  _ADCC1_ISR                        
0     0000c80d  _ADCC2_ISR                        
0     0000c803  _ADCC3_ISR                        
0     0000c7f9  _ADCC4_ISR                        
0     0000c7ef  _ADCC_EVT_ISR                     
0     0000c7e5  _ADCD1_ISR                        
0     0000c7db  _ADCD2_ISR                        
0     0000c7d1  _ADCD3_ISR                        
0     0000c7c7  _ADCD4_ISR                        
0     0000c7bd  _ADCD_EVT_ISR                     
0     0000c7b3  _AUX_PLL_SLIP_ISR                 
1     00011030  _A_Task_Ptr                       
1     0005f4c0  _AccessProtectionRegs             
0     00014e37  _AdcSetMode                       
1     000081ce  _AdcValue                         
1     00007400  _AdcaRegs                         
1     00000b00  _AdcaResultRegs                   
1     00007480  _AdcbRegs                         
1     00000b20  _AdcbResultRegs                   
1     00007500  _AdccRegs                         
1     00000b40  _AdccResultRegs                   
1     00007580  _AdcdRegs                         
1     00000b60  _AdcdResultRegs                   
1     0001102e  _Alpha_State_Ptr                  
1     0005d180  _AnalogSubsysRegs                 
0     00014311  _B0                               
1     00011032  _B_Task_Ptr                       
0     00014326  _C0                               
0     00014000  _C1                               
0     0000c7a9  _CANA0_ISR                        
0     0000c79f  _CANA1_ISR                        
0     0000c795  _CANB0_ISR                        
0     0000c78b  _CANB1_ISR                        
0     00000769  _CANBitRateSet                    
0     0000074b  _CANBitTimingGet                  
0     0000071c  _CANBitTimingSet                  
0     000006f9  _CANClkSourceSelect               
0     000006f5  _CANDisable                       
0     000006f1  _CANEnable                        
0     000006e3  _CANErrCntrGet                    
0     000006dc  _CANGlobalIntClear                
0     000006d5  _CANGlobalIntDisable              
0     000006d0  _CANGlobalIntEnable               
0     000006c7  _CANGlobalIntstatusGet            
0     00000670  _CANInit                          
0     00000657  _CANIntClear                      
0     0000064e  _CANIntDisable                    
0     00000649  _CANIntEnable                     
0     00014b6e  _CANIntHandler                    
0     0000063b  _CANIntRegister                   
0     0000062e  _CANIntStatus                     
0     00000623  _CANIntUnregister                 
0     000005e5  _CANMessageClear                  
0     0000051e  _CANMessageGet                    
0     00000430  _CANMessageSet                    
0     00000420  _CANRetryGet                      
0     00000415  _CANRetrySet                      
0     00000400  _CANStatusGet                     
0     000149e4  _CHECKING_STATE                   
0     0000c781  _CLA1_1_ISR                       
0     0000c777  _CLA1_2_ISR                       
0     0000c76d  _CLA1_3_ISR                       
0     0000c763  _CLA1_4_ISR                       
0     0000c759  _CLA1_5_ISR                       
0     0000c74f  _CLA1_6_ISR                       
0     0000c745  _CLA1_7_ISR                       
0     0000c73b  _CLA1_8_ISR                       
0     0000c1cf  _CLA_Init                         
0     0000c731  _CLA_OVERFLOW_ISR                 
0     0000c727  _CLA_UNDERFLOW_ISR                
0     0000c195  _CLA_configClaMemory              
0     0000c14d  _CLA_initCpu1Cla1                 
0     0000a876  _CLAcosPU                         
1     0000828e  _CLAcosTable                      
1     00008390  _CLAcosTableEnd                   
0     0000a8ae  _CLAsinPU                         
1     0000824e  _CLAsinTable                      
1     0000834e  _CLAsinTableEnd                   
1     0000824e  _CLAsincosTable                   
1     000083a4  _CLAsincosTableEnd                
1     00008398  _CLAsincosTable_Coef0             
1     0000839a  _CLAsincosTable_Coef1             
1     0000839c  _CLAsincosTable_Coef1_pos         
1     0000839e  _CLAsincosTable_Coef2             
1     000083a0  _CLAsincosTable_Coef3             
1     000083a2  _CLAsincosTable_Coef3_neg         
1     0000828e  _CLAsincosTable_Cos0              
1     0000824e  _CLAsincosTable_Sin0              
1     00008396  _CLAsincosTable_TABLE_MASK        
1     00008390  _CLAsincosTable_TABLE_SIZE        
1     00008392  _CLAsincosTable_TABLE_SIZEDivTwoPi
1     00008394  _CLAsincosTable_TwoPiDivTABLE_SIZE
0     0000c25a  _CLB_clearFIFOs                   
0     0000c297  _CLB_configCounterLoadMatch       
0     0000c285  _CLB_readFIFOs                    
0     0000c26d  _CLB_writeFIFOs                   
0     000146fc  _CMPSS_Protection                 
0     000146fb  _CONFIG_STATE                     
1     00011034  _C_Task_Ptr                       
0     00014e02  _CalAdcINL                        
1     000081c2  _Calculator_Ia_Rms                
1     0001101d  _ChannelAdc                       
1     0001102c  _ChargeCapFlag                    
abs   00000000  _Cla1ConstLoadSize                
1     00008000  _Cla1ConstLoadStart               
1     00008000  _Cla1ConstRunStart                
1     00001400  _Cla1Regs                         
0     00000ce0  _Cla1SoftIntRegs                  
0     00008800  _Cla1Task1                        
0     0000a8e6  _Cla1Task2                        
0     0000a8ee  _Cla1Task3                        
0     0000a8f6  _Cla1Task4                        
0     0000a8fe  _Cla1Task5                        
0     0000a906  _Cla1Task6                        
0     0000a90e  _Cla1Task7                        
0     0000a5f8  _Cla1Task8                        
1     00001480  _ClaToCPU                         
1     00003200  _Clb1DataExchRegs                 
1     00003000  _Clb1LogicCfgRegs                 
1     00003100  _Clb1LogicCtrlRegs                
1     00003600  _Clb2DataExchRegs                 
1     00003400  _Clb2LogicCfgRegs                 
1     00003500  _Clb2LogicCtrlRegs                
1     00003a00  _Clb3DataExchRegs                 
1     00003800  _Clb3LogicCfgRegs                 
1     00003900  _Clb3LogicCtrlRegs                
1     00003e00  _Clb4DataExchRegs                 
1     00003c00  _Clb4LogicCfgRegs                 
1     00003d00  _Clb4LogicCtrlRegs                
1     00007a40  _ClbXbarRegs                      
1     0005d200  _ClkCfgRegs                       
1     00005c80  _Cmpss1Regs                       
1     00005ca0  _Cmpss2Regs                       
1     00005cc0  _Cmpss3Regs                       
1     00005ce0  _Cmpss4Regs                       
1     00005d00  _Cmpss5Regs                       
1     00005d20  _Cmpss6Regs                       
1     00005d40  _Cmpss7Regs                       
1     00005d60  _Cmpss8Regs                       
1     0000824a  _ControlMode                      
1     0005d300  _CpuSysRegs                       
1     00011140  _CpuTimer0                        
1     00000c00  _CpuTimer0Regs                    
1     00011148  _CpuTimer1                        
1     00000c08  _CpuTimer1Regs                    
1     00011150  _CpuTimer2                        
1     00000c10  _CpuTimer2Regs                    
1     00001500  _CpuToCLA                         
0     0000c71d  _DATALOG_ISR                      
0     0000c713  _DMA_CH1_ISR                      
0     0000c709  _DMA_CH2_ISR                      
0     0000c6ff  _DMA_CH3_ISR                      
0     0000c6f5  _DMA_CH4_ISR                      
0     0000c6eb  _DMA_CH5_ISR                      
0     0000c6e1  _DMA_CH6_ISR                      
1     00005c00  _DacaRegs                         
1     00005c10  _DacbRegs                         
1     00005c20  _DaccRegs                         
1     0000e200  _DataLog1                         
1     0000e600  _DataLog2                         
1     0000ea00  _DataLog3                         
1     0005f070  _DcsmCommonRegs                   
1     00078000  _DcsmZ1Otp                        
1     0005f000  _DcsmZ1Regs                       
1     00078200  _DcsmZ2Otp                        
1     0005f040  _DcsmZ2Regs                       
0     000153f0  _DelayMs                          
0     00015400  _DelayS                           
0     0000c2f0  _DelayUs                          
1     0005d000  _DevCfgRegs                       
0     0000be06  _DeviceInit                       
0     0000bdf9  _DisableDog                       
0     0000bddb  _DisablePeripheralClocks          
1     00007980  _DmaClaSrcSelRegs                 
1     00001000  _DmaRegs                          
1     00011158  _ECAP                             
0     0000c6d7  _ECAP1_ISR                        
0     0000c6cd  _ECAP2_ISR                        
0     0000c6c3  _ECAP3_ISR                        
0     0000c6b9  _ECAP4_ISR                        
0     0000c6af  _ECAP5_ISR                        
0     0000c6a5  _ECAP6_ISR                        
1     00005000  _ECap1Regs                        
1     00005020  _ECap2Regs                        
1     00005040  _ECap3Regs                        
1     00005060  _ECap4Regs                        
1     00005080  _ECap5Regs                        
1     000050a0  _ECap6Regs                        
0     0000c69b  _EMIF_ERROR_ISR                   
0     0000c68e  _EMPTY_ISR                        
0     0000c684  _EMU_ISR                          
1     00011100  _EPWM                             
0     0000c67a  _EPWM10_ISR                       
0     0000c670  _EPWM10_TZ_ISR                    
0     0000c666  _EPWM11_ISR                       
0     0000c65c  _EPWM11_TZ_ISR                    
0     0000c652  _EPWM12_ISR                       
0     0000c648  _EPWM12_TZ_ISR                    
0     0000c63e  _EPWM1_ISR                        
0     0000c634  _EPWM1_TZ_ISR                     
0     0000c62a  _EPWM2_ISR                        
0     0000c620  _EPWM2_TZ_ISR                     
0     0000c616  _EPWM3_ISR                        
0     0000c60c  _EPWM3_TZ_ISR                     
0     0000c602  _EPWM4_ISR                        
0     0000c5f8  _EPWM4_TZ_ISR                     
0     0000c5ee  _EPWM5_ISR                        
0     0000c5e4  _EPWM5_TZ_ISR                     
0     0000c5da  _EPWM6_ISR                        
0     0000c5d0  _EPWM6_TZ_ISR                     
0     0000c5c6  _EPWM7_ISR                        
0     0000c5bc  _EPWM7_TZ_ISR                     
0     0000c5b2  _EPWM8_ISR                        
0     0000c5a8  _EPWM8_TZ_ISR                     
0     0000c59e  _EPWM9_ISR                        
0     0000c594  _EPWM9_TZ_ISR                     
1     00004900  _EPwm10Regs                       
1     00004a00  _EPwm11Regs                       
1     00004b00  _EPwm12Regs                       
1     00004000  _EPwm1Regs                        
1     00004100  _EPwm2Regs                        
1     00004200  _EPwm3Regs                        
1     00004300  _EPwm4Regs                        
1     00004400  _EPwm5Regs                        
1     00004500  _EPwm6Regs                        
1     00004600  _EPwm7Regs                        
1     00004700  _EPwm8Regs                        
1     00004800  _EPwm9Regs                        
1     00007a00  _EPwmXbarRegs                     
1     00011166  _EQEP                             
0     0000c58a  _EQEP1_ISR                        
0     0000c580  _EQEP2_ISR                        
0     0000c576  _EQEP3_ISR                        
1     00005100  _EQep1Regs                        
1     00005140  _EQep2Regs                        
1     00005180  _EQep3Regs                        
1     0005f480  _Emif1ConfigRegs                  
1     00047000  _Emif1Regs                        
1     0005f4a0  _Emif2ConfigRegs                  
1     00047800  _Emif2Regs                        
1     00000d01  _EmuBMode                         
1     00000d00  _EmuKey                           
0     00000002  _F28x_usDelay                     
0     0000c56c  _FLASH_CORRECTABLE_ERROR_ISR      
0     0000c562  _FPU_OVERFLOW_ISR                 
0     0000c558  _FPU_UNDERFLOW_ISR                
1     0005f800  _Flash0CtrlRegs                   
1     0005fb00  _Flash0EccRegs                    
1     00050024  _FlashPumpSemaphoreRegs           
1     00011046  _Freq_AC                          
0     0000bd9b  _GPIO_EnableUnbondedIOPullups     
0     0000c992  _GPIO_Init                        
1     00007c00  _GpioCtrlRegs                     
1     00007f00  _GpioDataRegs                     
1     000110bc  _I2C                              
0     0000c54e  _I2CA_FIFO_ISR                    
0     0000c544  _I2CA_ISR                         
0     0000c53a  _I2CB_FIFO_ISR                    
0     0000c530  _I2CB_ISR                         
1     00007300  _I2caRegs                         
1     00007340  _I2cbRegs                         
0     0000c526  _ILLEGAL_ISR                      
0     0000c51c  _IPC0_ISR                         
0     0000c512  _IPC1_ISR                         
0     0000c508  _IPC2_ISR                         
0     0000c4fe  _IPC3_ISR                         
0     0001541f  _ISR_ILLEGAL                      
0     0000bcea  _InitAuxPll                       
0     0000bcbe  _InitFlash                        
0     0000bc92  _InitFlash_Bank0                  
0     0000bbe5  _InitPeripheralClocks             
0     0000bb56  _InitSysPll                       
0     00014f6e  _Init_ADC_A                       
0     00014f2a  _Init_ADC_B                       
0     00014ee7  _Init_ADC_C                       
1     00007900  _InputXbarRegs                    
0     00015410  _IntDefaultHandler                
0     00015102  _IntDisable                       
0     000150a8  _IntEnable                        
0     00015034  _IntIFRClear                      
0     0001502f  _IntMasterDisable                 
0     0001502a  _IntMasterEnable                  
0     00015016  _IntRegister                      
0     00015000  _IntUnregister                    
1     00050000  _IpcRegs                          
1     00008000  _IsrTicker                        
1     000084a4  _Ki_curr_test                     
1     000084ac  _Ki_volt_Us_test                  
1     000084aa  _Kp_curr_test                     
1     000084ae  _Kp_volt_Us_test                  
1     00011006  _LEM_curHi                        
1     00011007  _LEM_curLo                        
1     000110a0  _Limit                            
1     0001119a  _MCBSP                            
0     0000c4f4  _MCBSPA_RX_ISR                    
0     0000c4ea  _MCBSPA_TX_ISR                    
0     0000c4e0  _MCBSPB_RX_ISR                    
0     0000c4d6  _MCBSPB_TX_ISR                    
1     00006000  _McbspaRegs                       
1     00006040  _McbspbRegs                       
1     0005f400  _MemCfgRegs                       
0     0000bb46  _MemCopy                          
1     0005f500  _MemoryErrorRegs                  
0     0000c4cc  _NMI_ISR                          
0     0000c4c2  _NOTUSED_ISR                      
1     00007060  _NmiIntruptRegs                   
1     00008247  _OffsetCalCounter                 
1     00007a80  _OutputXbarRegs                   
1     0001102b  _OverCurrentChargeCap             
1     00011029  _OverCurrentMeasure               
0     0000c4b8  _PIE_RESERVED_ISR                 
0     0001515a  _PWM_3PHASE_CONF                  
0     0000bb27  _PieCntlInit                      
1     00000ce0  _PieCtrlRegs                      
1     00000d00  _PieVectTable                     
0     0000bb16  _PieVectTableInit                 
1     00011048  _Pow_AC_Grid                      
1     0001104a  _Pow_AC_Load                      
1     0001104c  _Pow_AC_Total                     
1     00011020  _Pwm_Isr                          
0     0000c4ae  _RAM_ACCESS_VIOLATION_ISR         
0     0000c4a4  _RAM_CORRECTABLE_ERROR_ISR        
1     00011025  _RESET_IGBT                       
0     0000c49a  _RTOS_ISR                         
0     000146fa  _RUN_STATE                        
0     000146ca  _ReciveCan                        
0     0000c93b  _ResetIGBT                        
1     00011026  _ResetIGBTFlag                    
1     0005e608  _RomPrefetchRegs                  
1     0005f540  _RomWaitStateRegs                 
1     00011008  _RxID                             
1     0001105b  _RxMsgData                        
1     0001119e  _SCI                              
0     0000c490  _SCIA_RX_ISR                      
0     0000c486  _SCIA_TX_ISR                      
0     0000c47c  _SCIB_RX_ISR                      
0     0000c472  _SCIB_TX_ISR                      
0     0000c468  _SCIC_RX_ISR                      
0     0000c45e  _SCIC_TX_ISR                      
0     0000c454  _SCID_RX_ISR                      
0     0000c44a  _SCID_TX_ISR                      
0     0000c440  _SD1_ISR                          
0     0000c436  _SD2_ISR                          
1     0001118e  _SDFM                             
0     000140ae  _SEND_CAN                         
1     0001116e  _SPI                              
0     0000c42c  _SPIA_RX_ISR                      
0     0000c422  _SPIA_TX_ISR                      
0     0000c418  _SPIB_RX_ISR                      
0     0000c40e  _SPIB_TX_ISR                      
0     0000c404  _SPIC_RX_ISR                      
0     0000c3fa  _SPIC_TX_ISR                      
1     00011018  _START                            
1     00008249  _START_ADC                        
1     00008248  _START_CONTROLLER                 
0     000142f4  _STOP_STATE                       
0     0000c3f0  _SYS_PLL_SLIP_ISR                 
1     00007200  _SciaRegs                         
1     00007210  _ScibRegs                         
1     00007220  _ScicRegs                         
1     00007230  _ScidRegs                         
1     00005e00  _Sdfm1Regs                        
1     00005e80  _Sdfm2Regs                        
0     00014080  _SendMsgCan                       
0     0000bb08  _ServiceDog                       
0     000007f9  _SetDBGIER                        
1     000084a8  _Set_point_curr                   
1     000084a6  _Set_point_rms                    
1     00008010  _Set_ramp                         
1     0001108e  _Setting_PV                       
0     0000c885  _Setup_CLB                        
1     00006100  _SpiaRegs                         
1     00006110  _SpibRegs                         
1     00006120  _SpicRegs                         
1     00011019  _StartFlagAC                      
1     0001101a  _StopFlagAC                       
1     0000816a  _Svm2d                            
1     00008148  _Svm3d                            
1     00007940  _SyncSocRegs                      
0     00000006  _SysCtlDelay                      
1     000110c0  _TILE1HLCInstr                    
0     0000c3e6  _TIMER0_ISR                       
0     0000c3dc  _TIMER1_ISR                       
0     0000c3d2  _TIMER2_ISR                       
1     000110e0  _TRIP_SEL                         
1     0001101e  _Task1_Isr                        
1     0001101f  _Task8_Isr                        
1     00011027  _TripFlagIGBT                     
0     0001462b  _TripZone_Protection              
1     00011009  _TxID                             
1     00011056  _TxMsgData                        
0     0000c3c8  _UPPA_ISR                         
0     0000c3be  _USBA_ISR                         
0     0000c3b4  _USER10_ISR                       
0     0000c3aa  _USER11_ISR                       
0     0000c3a0  _USER12_ISR                       
0     0000c396  _USER1_ISR                        
0     0000c38c  _USER2_ISR                        
0     0000c382  _USER3_ISR                        
0     0000c378  _USER4_ISR                        
0     0000c36e  _USER5_ISR                        
0     0000c364  _USER6_ISR                        
0     0000c35a  _USER7_ISR                        
0     0000c350  _USER8_ISR                        
0     0000c346  _USER9_ISR                        
1     0000819a  _UabtoUabc                        
1     00006200  _UppRegs                          
0     0000c33c  _VCU_ISR                          
1     000111a2  _VTimer0                          
1     000111a6  _VTimer1                          
1     000111aa  _VTimer2                          
0     0000c332  _WAKE_ISR                         
0     0000bb00  _WDogDisable                      
1     00007000  _WdRegs                           
0     0000c328  _XINT1_ISR                        
0     0000c31e  _XINT2_ISR                        
0     0000c314  _XINT3_ISR                        
0     0000c30a  _XINT4_ISR                        
0     0000c300  _XINT5_ISR                        
1     00007920  _XbarRegs                         
1     00007070  _XintRegs                         
1     0000e200  __STACK_END                       
abs   00000200  __STACK_SIZE                      
1     00011196  ___TI_cleanup_ptr                 
1     00011198  ___TI_dtors_ptr                   
1     00011194  ___TI_enable_exit_profile_output  
abs   ffffffff  ___TI_pprof_out_hndl              
abs   ffffffff  ___TI_prof_data_size              
abs   ffffffff  ___TI_prof_data_start             
[...]
0     0000c745  _CLA1_7_ISR                       
0     0000c74f  _CLA1_6_ISR                       
0     0000c759  _CLA1_5_ISR                       
0     0000c763  _CLA1_4_ISR                       
0     0000c76d  _CLA1_3_ISR                       
0     0000c777  _CLA1_2_ISR                       
0     0000c781  _CLA1_1_ISR                       
0     0000c78b  _CANB1_ISR                        
0     0000c795  _CANB0_ISR                        
0     0000c79f  _CANA1_ISR                        
0     0000c7a9  _CANA0_ISR                        
0     0000c7b3  _AUX_PLL_SLIP_ISR                 
0     0000c7bd  _ADCD_EVT_ISR                     
0     0000c7c7  _ADCD4_ISR                        
0     0000c7d1  _ADCD3_ISR                        
0     0000c7db  _ADCD2_ISR                        
0     0000c7e5  _ADCD1_ISR                        
0     0000c7ef  _ADCC_EVT_ISR                     
0     0000c7f9  _ADCC4_ISR                        
0     0000c803  _ADCC3_ISR                        
0     0000c80d  _ADCC2_ISR                        
0     0000c817  _ADCC1_ISR                        
0     0000c821  _ADCB_EVT_ISR                     
0     0000c82b  _ADCB4_ISR                        
0     0000c835  _ADCB3_ISR                        
0     0000c83f  _ADCB2_ISR                        
0     0000c849  _ADCB1_ISR                        
0     0000c853  _ADCA_EVT_ISR                     
0     0000c85d  _ADCA4_ISR                        
0     0000c867  _ADCA3_ISR                        
0     0000c871  _ADCA2_ISR                        
0     0000c87b  _ADCA1_ISR                        
0     0000c885  _Setup_CLB                        
0     0000c93b  _ResetIGBT                        
0     0000c992  _GPIO_Init                        
0     0000ca94  _c_int00                          
0     0000caea  __args_main                       
0     0000cb00  ___cinit__                        
0     0000cb00  cinit                             
0     00014000  _C1                               
0     00014080  _SendMsgCan                       
0     000140ae  _SEND_CAN                         
0     000142f4  _STOP_STATE                       
0     000142fc  _A0                               
0     00014311  _B0                               
0     00014326  _C0                               
0     0001433b  _main                             
0     0001462b  _TripZone_Protection              
0     000146ca  _ReciveCan                        
0     000146fa  _RUN_STATE                        
0     000146fb  _CONFIG_STATE                     
0     000146fc  _CMPSS_Protection                 
0     000149e4  _CHECKING_STATE                   
0     000149e5  _epwm_isr                         
0     000149fd  _cla1Isr8                         
0     00014a11  _cla1Isr7                         
0     00014a20  _cla1Isr6                         
0     00014a2f  _cla1Isr5                         
0     00014a3e  _cla1Isr4                         
0     00014a4d  _cla1Isr3                         
0     00014a5c  _cla1Isr2                         
0     00014a6b  _cla1Isr1                         
0     00014b6e  _CANIntHandler                    
0     00014e02  _CalAdcINL                        
0     00014e37  _AdcSetMode                       
0     00014ee7  _Init_ADC_C                       
0     00014f2a  _Init_ADC_B                       
0     00014f6e  _Init_ADC_A                       
0     00014fe2  _memcpy                           
0     00015000  _IntUnregister                    
0     00015016  _IntRegister                      
0     0001502a  _IntMasterEnable                  
0     0001502f  _IntMasterDisable                 
0     00015034  _IntIFRClear                      
0     000150a8  _IntEnable                        
0     00015102  _IntDisable                       
0     0001515a  _PWM_3PHASE_CONF                  
0     0001529a  _initTILE1                        
0     00015344  FS$$DIV                           
0     000153cc  _copy_in                          
0     000153f0  _DelayMs                          
0     00015400  _DelayS                           
0     00015410  _IntDefaultHandler                
0     0001541f  _ISR_ILLEGAL                      
0     00015429  __register_unlock                 
0     0001542d  __register_lock                   
0     00015431  __nop                             
1     00000b00  _AdcaResultRegs                   
1     00000b20  _AdcbResultRegs                   
1     00000b40  _AdccResultRegs                   
1     00000b60  _AdcdResultRegs                   
1     00000c00  _CpuTimer0Regs                    
1     00000c08  _CpuTimer1Regs                    
1     00000c10  _CpuTimer2Regs                    
1     00000ce0  _PieCtrlRegs                      
1     00000d00  _EmuKey                           
1     00000d00  _PieVectTable                     
1     00000d01  _EmuBMode                         
1     00001000  _DmaRegs                          
1     00001400  _Cla1Regs                         
1     00001480  _ClaToCPU                         
1     00001500  _CpuToCLA                         
1     00003000  _Clb1LogicCfgRegs                 
1     00003100  _Clb1LogicCtrlRegs                
1     00003200  _Clb1DataExchRegs                 
1     00003400  _Clb2LogicCfgRegs                 
1     00003500  _Clb2LogicCtrlRegs                
1     00003600  _Clb2DataExchRegs                 
1     00003800  _Clb3LogicCfgRegs                 
1     00003900  _Clb3LogicCtrlRegs                
1     00003a00  _Clb3DataExchRegs                 
1     00003c00  _Clb4LogicCfgRegs                 
1     00003d00  _Clb4LogicCtrlRegs                
1     00003e00  _Clb4DataExchRegs                 
1     00004000  _EPwm1Regs                        
1     00004100  _EPwm2Regs                        
1     00004200  _EPwm3Regs                        
1     00004300  _EPwm4Regs                        
1     00004400  _EPwm5Regs                        
1     00004500  _EPwm6Regs                        
1     00004600  _EPwm7Regs                        
1     00004700  _EPwm8Regs                        
1     00004800  _EPwm9Regs                        
1     00004900  _EPwm10Regs                       
1     00004a00  _EPwm11Regs                       
1     00004b00  _EPwm12Regs                       
1     00005000  _ECap1Regs                        
1     00005020  _ECap2Regs                        
1     00005040  _ECap3Regs                        
1     00005060  _ECap4Regs                        
1     00005080  _ECap5Regs                        
1     000050a0  _ECap6Regs                        
1     00005100  _EQep1Regs                        
1     00005140  _EQep2Regs                        
1     00005180  _EQep3Regs                        
1     00005c00  _DacaRegs                         
1     00005c10  _DacbRegs                         
1     00005c20  _DaccRegs                         
1     00005c80  _Cmpss1Regs                       
1     00005ca0  _Cmpss2Regs                       
1     00005cc0  _Cmpss3Regs                       
1     00005ce0  _Cmpss4Regs                       
1     00005d00  _Cmpss5Regs                       
1     00005d20  _Cmpss6Regs                       
1     00005d40  _Cmpss7Regs                       
1     00005d60  _Cmpss8Regs                       
1     00005e00  _Sdfm1Regs                        
1     00005e80  _Sdfm2Regs                        
1     00006000  _McbspaRegs                       
1     00006040  _McbspbRegs                       
1     00006100  _SpiaRegs                         
1     00006110  _SpibRegs                         
1     00006120  _SpicRegs                         
1     00006200  _UppRegs                          
1     00007000  _WdRegs                           
1     00007060  _NmiIntruptRegs                   
1     00007070  _XintRegs                         
1     00007200  _SciaRegs                         
1     00007210  _ScibRegs                         
1     00007220  _ScicRegs                         
1     00007230  _ScidRegs                         
1     00007300  _I2caRegs                         
1     00007340  _I2cbRegs                         
1     00007400  _AdcaRegs                         
1     00007480  _AdcbRegs                         
1     00007500  _AdccRegs                         
1     00007580  _AdcdRegs                         
1     00007900  _InputXbarRegs                    
1     00007920  _XbarRegs                         
1     00007940  _SyncSocRegs                      
1     00007980  _DmaClaSrcSelRegs                 
1     00007a00  _EPwmXbarRegs                     
1     00007a40  _ClbXbarRegs                      
1     00007a80  _OutputXbarRegs                   
1     00007c00  _GpioCtrlRegs                     
1     00007f00  _GpioDataRegs                     
1     00008000  _Cla1ConstLoadStart               
1     00008000  _Cla1ConstRunStart                
1     00008000  _IsrTicker                        
1     00008002  _rg_har_1st                       
1     00008010  _Set_ramp                         
1     0000801e  _ipark_voltref                    
1     0000802e  _park_curr                        
1     00008040  _park_volt                        
1     00008052  _park_volt_pll                    
1     00008064  _clarke_volt                      
1     00008070  _clarke_curr                      
1     0000807c  _clarke_volt_pll                  
1     00008088  _pll_3phase                       
1     000080ac  _pi_curr_id                       
1     000080c6  _pi_curr_iq                       
1     000080e0  _pi_curr_iz                       
1     000080fa  _pi_volt_Udc                      
1     00008114  _pi_volt_Usd                      
1     0000812e  _pi_volt_Usq                      
1     00008148  _Svm3d                            
1     0000816a  _Svm2d                            
1     0000818c  _pwm                              
1     0000819a  _UabtoUabc                        
1     000081a6  _rc_Ref                           
1     000081b4  _rc_Compen                        
1     000081c2  _Calculator_Ia_Rms                
1     000081ce  _AdcValue                         
1     000081e8  _adc_filter                       
1     00008202  _filter_Udc                       
1     0000820c  _filter_VaG                       
1     00008216  _filter_VbG                       
1     00008220  _filter_VcG                       
1     0000822a  _filter_Usd                       
1     00008234  _filter_Usq                       
1     0000823e  _loop_volt_Udc                    
1     0000823f  _count_start_CL                   
1     00008240  _ramp_switch                      
1     00008241  _switch_bdk                       
1     00008242  _controller_error_curr_isd        
1     00008243  _controller_error_curr_isq        
1     00008244  _controller_error_volt            
1     00008245  _controller_error_volt_Usd        
1     00008246  _controller_error_volt_Usq        
1     00008247  _OffsetCalCounter                 
1     00008248  _START_CONTROLLER                 
1     00008249  _START_ADC                        
1     0000824a  _ControlMode                      
1     0000824c  _loop_volt_Us                     
1     0000824e  _CLAsinTable                      
1     0000824e  _CLAsincosTable                   
1     0000824e  _CLAsincosTable_Sin0              
1     0000828e  _CLAcosTable                      
1     0000828e  _CLAsincosTable_Cos0              
1     0000834e  _CLAsinTableEnd                   
1     00008390  _CLAcosTableEnd                   
1     00008390  _CLAsincosTable_TABLE_SIZE        
1     00008392  _CLAsincosTable_TABLE_SIZEDivTwoPi
1     00008394  _CLAsincosTable_TwoPiDivTABLE_SIZE
1     00008396  _CLAsincosTable_TABLE_MASK        
1     00008398  _CLAsincosTable_Coef0             
1     0000839a  _CLAsincosTable_Coef1             
1     0000839c  _CLAsincosTable_Coef1_pos         
1     0000839e  _CLAsincosTable_Coef2             
1     000083a0  _CLAsincosTable_Coef3             
1     000083a2  _CLAsincosTable_Coef3_neg         
1     000083a4  _CLAsincosTableEnd                
1     000084a4  _Ki_curr_test                     
1     000084a6  _Set_point_rms                    
1     000084a8  _Set_point_curr                   
1     000084aa  _Kp_curr_test                     
1     000084ac  _Ki_volt_Us_test                  
1     000084ae  _Kp_volt_Us_test                  
1     000084b0  _test                             
1     000084b2  _count                            
1     0000e000  __stack                           
1     0000e200  _DataLog1                         
1     0000e200  __STACK_END                       
1     0000e600  _DataLog2                         
1     0000ea00  _DataLog3                         
1     00011000  _ndx1                             
1     00011001  _ndx2                             
1     00011002  _ndx3                             
1     00011003  _clkPrescale                      
1     00011004  _sampwin                          
1     00011005  _thresh                           
1     00011006  _LEM_curHi                        
1     00011007  _LEM_curLo                        
1     00011008  _RxID                             
1     00011009  _TxID                             
1     0001100a  _signal_mode                      
1     0001100b  _running_state                    
1     0001100c  _checking_state                   
1     0001100d  _config_state                     
1     0001100e  _stop_state                       
1     0001100f  _checking_error                   
1     00011010  _signal_view_can                  
1     00011011  _check_run_error                  
1     00011012  _check_stop_error                 
1     00011013  _send_can_loop                    
1     00011014  _signal_response                  
1     00011015  _run_flag                         
1     00011016  _stop_flag                        
1     00011017  _test_can                         
1     00011018  _START                            
1     00011019  _StartFlagAC                      
1     0001101a  _StopFlagAC                       
1     0001101b  _error                            
1     0001101c  _errorFlag                        
1     0001101d  _ChannelAdc                       
1     0001101e  _Task1_Isr                        
1     0001101f  _Task8_Isr                        
1     00011020  _Pwm_Isr                          
1     00011021  _trip1                            
1     00011022  _trip2                            
1     00011023  _trip3                            
1     00011024  _trip4                            
1     00011025  _RESET_IGBT                       
1     00011026  _ResetIGBTFlag                    
1     00011027  _TripFlagIGBT                     
1     00011028  _reset_charge                     
1     00011029  _OverCurrentMeasure               
1     0001102a  _clearTripFlagDMC                 
1     0001102b  _OverCurrentChargeCap             
1     0001102c  _ChargeCapFlag                    
1     0001102e  _Alpha_State_Ptr                  
1     00011030  _A_Task_Ptr                       
1     00011032  _B_Task_Ptr                       
1     00011034  _C_Task_Ptr                       
1     00011036  _curLimit                         
1     00011038  _curPeakLimit                     
1     0001103a  _g_ulTxMsgCount                   
1     0001103c  _g_ulRxMsgCount                   
1     0001103e  _u32CanAErrorStatus               
1     00011040  _g_bErrFlag                       
1     00011042  _ulStatus                         
1     00011044  _time_power                       
1     00011046  _Freq_AC                          
1     00011048  _Pow_AC_Grid                      
1     0001104a  _Pow_AC_Load                      
1     0001104c  _Pow_AC_Total                     
1     0001104e  _adc_cal                          
1     00011052  _canbit                           
1     00011056  _TxMsgData                        
1     0001105b  _RxMsgData                        
1     00011060  _sTXCANMessage                    
1     0001106a  _sRXCANMessage                    
1     00011080  _pwm1                             
1     0001108e  _Setting_PV                       
1     000110a0  _Limit                            
1     000110bc  _I2C                              
1     000110c0  _TILE1HLCInstr                    
1     000110e0  _TRIP_SEL                         
1     000110fe  __lock                            
1     00011100  _EPWM                             
1     0001111a  _ePWM                             
1     00011134  _ADC                              
1     0001113e  __unlock                          
1     00011140  _CpuTimer0                        
1     00011148  _CpuTimer1                        
1     00011150  _CpuTimer2                        
1     00011158  _ECAP                             
1     00011166  _EQEP                             
1     0001116e  _SPI                              
1     00011176  _ucRXMsgData                      
1     0001117e  _pga411_spi_frame                 
1     00011180  _ucTXMsgData                      
1     00011188  _tempSensor_tempSlope             
1     0001118a  _tempSensor_tempOffset            
1     0001118c  _tempSensor_scaleFactor           
1     0001118e  _SDFM                             
1     00011194  ___TI_enable_exit_profile_output  
1     00011196  ___TI_cleanup_ptr                 
1     00011198  ___TI_dtors_ptr                   
1     0001119a  _MCBSP                            
1     0001119e  _SCI                              
1     000111a2  _VTimer0                          
1     000111a6  _VTimer1                          
1     000111aa  _VTimer2                          
1     00047000  _Emif1Regs                        
1     00047800  _Emif2Regs                        
1     00050000  _IpcRegs                          
1     00050024  _FlashPumpSemaphoreRegs           
1     0005d000  _DevCfgRegs                       
1     0005d180  _AnalogSubsysRegs                 
1     0005d200  _ClkCfgRegs                       
1     0005d300  _CpuSysRegs                       
1     0005e608  _RomPrefetchRegs                  
1     0005f000  _DcsmZ1Regs                       
1     0005f040  _DcsmZ2Regs                       
1     0005f070  _DcsmCommonRegs                   
1     0005f400  _MemCfgRegs                       
1     0005f480  _Emif1ConfigRegs                  
1     0005f4a0  _Emif2ConfigRegs                  
1     0005f4c0  _AccessProtectionRegs             
1     0005f500  _MemoryErrorRegs                  
1     0005f540  _RomWaitStateRegs                 
1     0005f800  _Flash0CtrlRegs                   
1     0005fb00  _Flash0EccRegs                    
1     00078000  _DcsmZ1Otp                        
1     00078200  _DcsmZ2Otp                        
abs   00000000  _Cla1ConstLoadSize                
abs   00000100  CLA_SCRATCHPAD_SIZE               
abs   00000200  __STACK_SIZE                      
abs   ffffffff  .text                             
abs   ffffffff  ___TI_pprof_out_hndl              
abs   ffffffff  ___TI_prof_data_size              
abs   ffffffff  ___TI_prof_data_start             
abs   ffffffff  ___binit__                        
abs   ffffffff  ___c_args__                       
abs   ffffffff  ___etext__                        
abs   ffffffff  ___pinit__                        
abs   ffffffff  ___text__                         
abs   ffffffff  binit                             
abs   ffffffff  etext                             
abs   ffffffff  pinit                             

[566 symbols]
