<?xml version="1.0" encoding="ISO-8859-1" ?>
<link_info>
   <banner>TMS320C2000 Linker PC v22.6.1.LTS</banner>
   <copyright>Copyright (c) 1996-2018 Texas Instruments Incorporated</copyright>
   <link_time>0x667d24b2</link_time>
   <link_errors>0x26</link_errors>
   <output_file>TNR_DCAC_3P4D_50kHz.out</output_file>
   <entry_point>
      <name>_c_int00</name>
      <address>0x8fa3</address>
   </entry_point>
   <input_file_list>
      <input_file id="fl-2">
         <path>.\_1_PV_DC_AC\source\</path>
         <kind>object</kind>
         <file>PV_DevInit_F28377S.obj</file>
         <name>PV_DevInit_F28377S.obj</name>
      </input_file>
      <input_file id="fl-3">
         <path>.\_1_PV_DC_AC\source\</path>
         <kind>object</kind>
         <file>PV_Main.obj</file>
         <name>PV_Main.obj</name>
      </input_file>
      <input_file id="fl-4">
         <path>.\_1_PV_DC_AC\source\</path>
         <kind>object</kind>
         <file>PV_Task_C.obj</file>
         <name>PV_Task_C.obj</name>
      </input_file>
      <input_file id="fl-5">
         <path>.\_2_Libruary\Driver\source\</path>
         <kind>object</kind>
         <file>ADC_Conf.obj</file>
         <name>ADC_Conf.obj</name>
      </input_file>
      <input_file id="fl-6">
         <path>.\_2_Libruary\Driver\source\</path>
         <kind>object</kind>
         <file>PWM_3PHASE_Conf.obj</file>
         <name>PWM_3PHASE_Conf.obj</name>
      </input_file>
      <input_file id="fl-7">
         <path>.\_2_Libruary\Driver\source\</path>
         <kind>object</kind>
         <file>PWM_T_TYPE_Conf.obj</file>
         <name>PWM_T_TYPE_Conf.obj</name>
      </input_file>
      <input_file id="fl-8">
         <path>.\_2_Libruary\Driver\source\</path>
         <kind>object</kind>
         <file>hal.obj</file>
         <name>hal.obj</name>
      </input_file>
      <input_file id="fl-9">
         <path>.\_2_Libruary\Driver\source\</path>
         <kind>object</kind>
         <file>pga411.obj</file>
         <name>pga411.obj</name>
      </input_file>
      <input_file id="fl-a">
         <path>.\_3_Board\source\</path>
         <kind>object</kind>
         <file>Init_GPIO.obj</file>
         <name>Init_GPIO.obj</name>
      </input_file>
      <input_file id="fl-b">
         <path>.\_3_Board\source\</path>
         <kind>object</kind>
         <file>Led_debug.obj</file>
         <name>Led_debug.obj</name>
      </input_file>
      <input_file id="fl-c">
         <path>.\_3_Board\source\</path>
         <kind>object</kind>
         <file>delay.obj</file>
         <name>delay.obj</name>
      </input_file>
      <input_file id="fl-d">
         <path>.\_4_Device\F2837xD_common\driverlib\</path>
         <kind>object</kind>
         <file>can.obj</file>
         <name>can.obj</name>
      </input_file>
      <input_file id="fl-e">
         <path>.\_4_Device\F2837xD_common\driverlib\</path>
         <kind>object</kind>
         <file>clb.obj</file>
         <name>clb.obj</name>
      </input_file>
      <input_file id="fl-f">
         <path>.\_4_Device\F2837xD_common\driverlib\</path>
         <kind>object</kind>
         <file>clb_config.obj</file>
         <name>clb_config.obj</name>
      </input_file>
      <input_file id="fl-10">
         <path>.\_4_Device\F2837xD_common\driverlib\</path>
         <kind>object</kind>
         <file>interrupt.obj</file>
         <name>interrupt.obj</name>
      </input_file>
      <input_file id="fl-11">
         <path>.\_4_Device\F2837xD_common\driverlib\</path>
         <kind>object</kind>
         <file>sysctl.obj</file>
         <name>sysctl.obj</name>
      </input_file>
      <input_file id="fl-12">
         <path>.\_4_Device\F2837xD_common\driverlib\</path>
         <kind>object</kind>
         <file>systick.obj</file>
         <name>systick.obj</name>
      </input_file>
      <input_file id="fl-13">
         <path>.\_4_Device\F2837xD_common\driverlib\</path>
         <kind>object</kind>
         <file>uart.obj</file>
         <name>uart.obj</name>
      </input_file>
      <input_file id="fl-14">
         <path>.\_4_Device\F2837xD_common\source\</path>
         <kind>object</kind>
         <file>DelayUs.obj</file>
         <name>DelayUs.obj</name>
      </input_file>
      <input_file id="fl-15">
         <path>.\_4_Device\F2837xD_common\source\</path>
         <kind>object</kind>
         <file>F2837xD_CodeStartBranch.obj</file>
         <name>F2837xD_CodeStartBranch.obj</name>
      </input_file>
      <input_file id="fl-16">
         <path>.\_4_Device\F2837xD_common\source\</path>
         <kind>object</kind>
         <file>F2837xD_DBGIER.obj</file>
         <name>F2837xD_DBGIER.obj</name>
      </input_file>
      <input_file id="fl-17">
         <path>.\_4_Device\F2837xD_common\source\</path>
         <kind>object</kind>
         <file>F2837xD_DefaultISR.obj</file>
         <name>F2837xD_DefaultISR.obj</name>
      </input_file>
      <input_file id="fl-18">
         <path>.\_4_Device\F2837xD_common\source\</path>
         <kind>object</kind>
         <file>F2837xD_Dma.obj</file>
         <name>F2837xD_Dma.obj</name>
      </input_file>
      <input_file id="fl-19">
         <path>.\_4_Device\F2837xD_common\source\</path>
         <kind>object</kind>
         <file>F2837xD_ECap.obj</file>
         <name>F2837xD_ECap.obj</name>
      </input_file>
      <input_file id="fl-1a">
         <path>.\_4_Device\F2837xD_common\source\</path>
         <kind>object</kind>
         <file>F2837xD_I2C.obj</file>
         <name>F2837xD_I2C.obj</name>
      </input_file>
      <input_file id="fl-1b">
         <path>.\_4_Device\F2837xD_common\source\</path>
         <kind>object</kind>
         <file>F2837xD_PieCtrl.obj</file>
         <name>F2837xD_PieCtrl.obj</name>
      </input_file>
      <input_file id="fl-1c">
         <path>.\_4_Device\F2837xD_common\source\</path>
         <kind>object</kind>
         <file>F2837xD_Sci.obj</file>
         <name>F2837xD_Sci.obj</name>
      </input_file>
      <input_file id="fl-1d">
         <path>.\_4_Device\F2837xD_common\source\</path>
         <kind>object</kind>
         <file>F2837xD_TempSensorConv.obj</file>
         <name>F2837xD_TempSensorConv.obj</name>
      </input_file>
      <input_file id="fl-1e">
         <path>.\_4_Device\F2837xD_common\source\</path>
         <kind>object</kind>
         <file>F2837xD_sci_io.obj</file>
         <name>F2837xD_sci_io.obj</name>
      </input_file>
      <input_file id="fl-1f">
         <path>.\_4_Device\F2837xD_common\source\</path>
         <kind>object</kind>
         <file>F2837xD_sdfm_drivers.obj</file>
         <name>F2837xD_sdfm_drivers.obj</name>
      </input_file>
      <input_file id="fl-20">
         <path>.\_4_Device\F2837xD_common\source\</path>
         <kind>object</kind>
         <file>F2837xD_struct.obj</file>
         <name>F2837xD_struct.obj</name>
      </input_file>
      <input_file id="fl-21">
         <path>.\_4_Device\F2837xD_common\source\</path>
         <kind>object</kind>
         <file>F2837xD_usDelay.obj</file>
         <name>F2837xD_usDelay.obj</name>
      </input_file>
      <input_file id="fl-22">
         <path>.\_4_Device\F2837xD_headers\source\</path>
         <kind>object</kind>
         <file>F2837xD_GlobalVariableDefs.obj</file>
         <name>F2837xD_GlobalVariableDefs.obj</name>
      </input_file>
      <input_file id="fl-35">
         <kind>object</kind>
         <file>&lt;internal&gt;</file>
         <name>&lt;internal&gt;</name>
      </input_file>
      <input_file id="fl-36">
         <path>..\_2_Libruary\Math\CLAmath\lib\</path>
         <kind>archive</kind>
         <file>cla1_math_library_datarom_fpu32.lib</file>
         <name>CLAcosPU.obj</name>
      </input_file>
      <input_file id="fl-37">
         <path>..\_2_Libruary\Math\CLAmath\lib\</path>
         <kind>archive</kind>
         <file>cla1_math_library_datarom_fpu32.lib</file>
         <name>CLAsinPU.obj</name>
      </input_file>
      <input_file id="fl-43">
         <path>C:\ti\ccs1250\ccs\tools\compiler\ti-cgt-c2000_22.6.1.LTS\lib\</path>
         <kind>archive</kind>
         <file>rts2800_fpu32.lib</file>
         <name>boot28.asm.obj</name>
      </input_file>
      <input_file id="fl-44">
         <path>C:\ti\ccs1250\ccs\tools\compiler\ti-cgt-c2000_22.6.1.LTS\lib\</path>
         <kind>archive</kind>
         <file>rts2800_fpu32.lib</file>
         <name>fs_div28.asm.obj</name>
      </input_file>
      <input_file id="fl-45">
         <path>C:\ti\ccs1250\ccs\tools\compiler\ti-cgt-c2000_22.6.1.LTS\lib\</path>
         <kind>archive</kind>
         <file>rts2800_fpu32.lib</file>
         <name>cpy_tbl.c.obj</name>
      </input_file>
      <input_file id="fl-46">
         <path>C:\ti\ccs1250\ccs\tools\compiler\ti-cgt-c2000_22.6.1.LTS\lib\</path>
         <kind>archive</kind>
         <file>rts2800_fpu32.lib</file>
         <name>memcpy.c.obj</name>
      </input_file>
      <input_file id="fl-47">
         <path>C:\ti\ccs1250\ccs\tools\compiler\ti-cgt-c2000_22.6.1.LTS\lib\</path>
         <kind>archive</kind>
         <file>rts2800_fpu32.lib</file>
         <name>pre_init.c.obj</name>
      </input_file>
      <input_file id="fl-48">
         <path>C:\ti\ccs1250\ccs\tools\compiler\ti-cgt-c2000_22.6.1.LTS\lib\</path>
         <kind>archive</kind>
         <file>rts2800_fpu32.lib</file>
         <name>startup.c.obj</name>
      </input_file>
      <input_file id="fl-49">
         <path>C:\ti\ccs1250\ccs\tools\compiler\ti-cgt-c2000_22.6.1.LTS\lib\</path>
         <kind>archive</kind>
         <file>rts2800_fpu32.lib</file>
         <name>exit.c.obj</name>
      </input_file>
      <input_file id="fl-4a">
         <path>C:\ti\ccs1250\ccs\tools\compiler\ti-cgt-c2000_22.6.1.LTS\lib\</path>
         <kind>archive</kind>
         <file>rts2800_fpu32.lib</file>
         <name>_lock.c.obj</name>
      </input_file>
      <input_file id="fl-4b">
         <path>C:\ti\ccs1250\ccs\tools\compiler\ti-cgt-c2000_22.6.1.LTS\lib\</path>
         <kind>archive</kind>
         <file>rts2800_fpu32.lib</file>
         <name>args_main.c.obj</name>
      </input_file>
      <input_file id="fl-4c">
         <path>..\_2_Libruary\Math\CLAmath\lib\</path>
         <kind>archive</kind>
         <file>2837x_c1bootROM_CLADataROMSymbols_fpu32.lib</file>
         <name>F2837x_cpu01_bootROM_out__CLAsincosTable_Coef0_tmp.obj</name>
      </input_file>
      <input_file id="fl-4d">
         <path>..\_2_Libruary\Math\CLAmath\lib\</path>
         <kind>archive</kind>
         <file>2837x_c1bootROM_CLADataROMSymbols_fpu32.lib</file>
         <name>F2837x_cpu01_bootROM_out__CLAsincosTable_Coef1_pos_tmp.obj</name>
      </input_file>
      <input_file id="fl-4e">
         <path>..\_2_Libruary\Math\CLAmath\lib\</path>
         <kind>archive</kind>
         <file>2837x_c1bootROM_CLADataROMSymbols_fpu32.lib</file>
         <name>F2837x_cpu01_bootROM_out__CLAsincosTable_Coef1_tmp.obj</name>
      </input_file>
      <input_file id="fl-4f">
         <path>..\_2_Libruary\Math\CLAmath\lib\</path>
         <kind>archive</kind>
         <file>2837x_c1bootROM_CLADataROMSymbols_fpu32.lib</file>
         <name>F2837x_cpu01_bootROM_out__CLAsincosTable_Coef2_tmp.obj</name>
      </input_file>
      <input_file id="fl-50">
         <path>..\_2_Libruary\Math\CLAmath\lib\</path>
         <kind>archive</kind>
         <file>2837x_c1bootROM_CLADataROMSymbols_fpu32.lib</file>
         <name>F2837x_cpu01_bootROM_out__CLAsincosTable_Coef3_neg_tmp.obj</name>
      </input_file>
      <input_file id="fl-51">
         <path>..\_2_Libruary\Math\CLAmath\lib\</path>
         <kind>archive</kind>
         <file>2837x_c1bootROM_CLADataROMSymbols_fpu32.lib</file>
         <name>F2837x_cpu01_bootROM_out__CLAsincosTable_Coef3_tmp.obj</name>
      </input_file>
      <input_file id="fl-52">
         <path>..\_2_Libruary\Math\CLAmath\lib\</path>
         <kind>archive</kind>
         <file>2837x_c1bootROM_CLADataROMSymbols_fpu32.lib</file>
         <name>F2837x_cpu01_bootROM_out__CLAsincosTable_Cos0_tmp.obj</name>
      </input_file>
      <input_file id="fl-53">
         <path>..\_2_Libruary\Math\CLAmath\lib\</path>
         <kind>archive</kind>
         <file>2837x_c1bootROM_CLADataROMSymbols_fpu32.lib</file>
         <name>F2837x_cpu01_bootROM_out__CLAsincosTable_Sin0_tmp.obj</name>
      </input_file>
      <input_file id="fl-54">
         <path>..\_2_Libruary\Math\CLAmath\lib\</path>
         <kind>archive</kind>
         <file>2837x_c1bootROM_CLADataROMSymbols_fpu32.lib</file>
         <name>F2837x_cpu01_bootROM_out__CLAsincosTable_TABLE_MASK_tmp.obj</name>
      </input_file>
      <input_file id="fl-55">
         <path>..\_2_Libruary\Math\CLAmath\lib\</path>
         <kind>archive</kind>
         <file>2837x_c1bootROM_CLADataROMSymbols_fpu32.lib</file>
         <name>F2837x_cpu01_bootROM_out__CLAsincosTable_TABLE_SIZE_tmp.obj</name>
      </input_file>
      <input_file id="fl-56">
         <path>..\_2_Libruary\Math\CLAmath\lib\</path>
         <kind>archive</kind>
         <file>2837x_c1bootROM_CLADataROMSymbols_fpu32.lib</file>
         <name>F2837x_cpu01_bootROM_out__CLAsincosTable_TwoPiDivTABLE_SIZE_tmp.obj</name>
      </input_file>
   </input_file_list>
   <object_component_list>
      <object_component id="oc-11f">
         <name>codestart</name>
         <load_address>0x0</load_address>
         <run_address>0x0</run_address>
         <size>0x2</size>
         <input_file_ref idref="fl-15"/>
      </object_component>
      <object_component id="oc-21a">
         <name>.text</name>
         <load_address>0x0</load_address>
         <run_address>0x0</run_address>
         <size>0xac5</size>
         <input_file_ref idref="fl-3"/>
      </object_component>
      <object_component id="oc-217">
         <name>.text</name>
         <load_address>0x31f</load_address>
         <run_address>0x31f</run_address>
         <size>0x1</size>
         <input_file_ref idref="fl-48"/>
      </object_component>
      <object_component id="oc-1eb">
         <name>.text</name>
         <load_address>0x33a</load_address>
         <run_address>0x33a</run_address>
         <size>0x88</size>
         <input_file_ref idref="fl-44"/>
      </object_component>
      <object_component id="oc-219">
         <name>.text</name>
         <load_address>0x3c2</load_address>
         <run_address>0x3c2</run_address>
         <size>0x29</size>
         <input_file_ref idref="fl-49"/>
      </object_component>
      <object_component id="oc-218">
         <name>.text</name>
         <load_address>0x3eb</load_address>
         <run_address>0x3eb</run_address>
         <size>0x12</size>
         <input_file_ref idref="fl-4b"/>
      </object_component>
      <object_component id="oc-124">
         <name>.text</name>
         <load_address>0x3fd</load_address>
         <run_address>0x3fd</run_address>
         <size>0x3</size>
         <input_file_ref idref="fl-16"/>
      </object_component>
      <object_component id="oc-12a">
         <name>.text:retain</name>
         <load_address>0x8000</load_address>
         <run_address>0x8000</run_address>
         <size>0x585</size>
         <input_file_ref idref="fl-17"/>
      </object_component>
      <object_component id="oc-230">
         <name>.text</name>
         <load_address>0x8585</load_address>
         <run_address>0x8585</run_address>
         <size>0x257</size>
         <input_file_ref idref="fl-a"/>
      </object_component>
      <object_component id="oc-216">
         <name>.text</name>
         <load_address>0x87dc</load_address>
         <run_address>0x87dc</run_address>
         <size>0x24</size>
         <input_file_ref idref="fl-45"/>
      </object_component>
      <object_component id="oc-21b">
         <name>.text</name>
         <load_address>0x8800</load_address>
         <run_address>0x8800</run_address>
         <size>0x4ef</size>
         <input_file_ref idref="fl-d"/>
      </object_component>
      <object_component id="oc-22b">
         <name>.text</name>
         <load_address>0x8cef</load_address>
         <run_address>0x8cef</run_address>
         <size>0x1e9</size>
         <input_file_ref idref="fl-5"/>
      </object_component>
      <object_component id="oc-23d">
         <name>.text</name>
         <load_address>0x8ed8</load_address>
         <run_address>0x8ed8</run_address>
         <size>0xcb</size>
         <input_file_ref idref="fl-e"/>
      </object_component>
      <object_component id="oc-9d">
         <name>.text</name>
         <load_address>0x8fa3</load_address>
         <run_address>0x8fa3</run_address>
         <size>0x56</size>
         <input_file_ref idref="fl-43"/>
      </object_component>
      <object_component id="oc-215">
         <name>.text</name>
         <load_address>0x8ff9</load_address>
         <run_address>0x8ff9</run_address>
         <size>0x2</size>
         <input_file_ref idref="fl-47"/>
      </object_component>
      <object_component id="oc-b3">
         <name>.text:retain</name>
         <load_address>0x9000</load_address>
         <run_address>0x9000</run_address>
         <size>0x44a</size>
         <input_file_ref idref="fl-3"/>
      </object_component>
      <object_component id="oc-237">
         <name>.text</name>
         <load_address>0x944a</load_address>
         <run_address>0x944a</run_address>
         <size>0x1c4</size>
         <input_file_ref idref="fl-10"/>
      </object_component>
      <object_component id="oc-23b">
         <name>.text</name>
         <load_address>0x960e</load_address>
         <run_address>0x960e</run_address>
         <size>0x196</size>
         <input_file_ref idref="fl-f"/>
      </object_component>
      <object_component id="oc-227">
         <name>.text</name>
         <load_address>0x97a4</load_address>
         <run_address>0x97a4</run_address>
         <size>0x1d</size>
         <input_file_ref idref="fl-46"/>
      </object_component>
      <object_component id="oc-119">
         <name>.text</name>
         <load_address>0x97c1</load_address>
         <run_address>0x97c1</run_address>
         <size>0x10</size>
         <input_file_ref idref="fl-14"/>
      </object_component>
      <object_component id="oc-104">
         <name>.text:retain</name>
         <load_address>0x97d1</load_address>
         <run_address>0x97d1</run_address>
         <size>0xf</size>
         <input_file_ref idref="fl-10"/>
      </object_component>
      <object_component id="oc-238">
         <name>.text</name>
         <load_address>0x97e0</load_address>
         <run_address>0x97e0</run_address>
         <size>0x9</size>
         <input_file_ref idref="fl-4a"/>
      </object_component>
      <object_component id="oc-11e">
         <name>.text</name>
         <load_address>0x97e9</load_address>
         <run_address>0x97e9</run_address>
         <size>0x8</size>
         <input_file_ref idref="fl-15"/>
      </object_component>
      <object_component id="oc-22a">
         <name>.text</name>
         <load_address>0xb000</load_address>
         <run_address>0xb000</run_address>
         <size>0x69f</size>
         <input_file_ref idref="fl-2"/>
      </object_component>
      <object_component id="oc-22c">
         <name>.text</name>
         <load_address>0xb69f</load_address>
         <run_address>0xb69f</run_address>
         <size>0x130</size>
         <input_file_ref idref="fl-6"/>
      </object_component>
      <object_component id="oc-234">
         <name>.text</name>
         <load_address>0xb7cf</load_address>
         <run_address>0xb7cf</run_address>
         <size>0x26</size>
         <input_file_ref idref="fl-c"/>
      </object_component>
      <object_component id="oc-aa">
         <name>.text:retain</name>
         <load_address>0xb7f5</load_address>
         <run_address>0xb7f5</run_address>
         <size>0xa</size>
         <input_file_ref idref="fl-2"/>
      </object_component>
      <object_component id="oc-b0">
         <name>.cinit</name>
         <load_address>0x122</load_address>
         <run_address>0x122</run_address>
         <size>0xff</size>
         <input_file_ref idref="fl-3"/>
      </object_component>
      <object_component id="oc-23f">
         <name>.cinit:_TILE1HLCInstr</name>
         <load_address>0x221</load_address>
         <run_address>0x221</run_address>
         <size>0x23</size>
         <input_file_ref idref="fl-f"/>
      </object_component>
      <object_component id="oc-190">
         <name>.cinit:_TRIP_SEL</name>
         <load_address>0x244</load_address>
         <run_address>0x244</run_address>
         <size>0x21</size>
         <input_file_ref idref="fl-20"/>
      </object_component>
      <object_component id="oc-1c4">
         <name>.cinit:_EPWM</name>
         <load_address>0x265</load_address>
         <run_address>0x265</run_address>
         <size>0x1d</size>
         <input_file_ref idref="fl-20"/>
      </object_component>
      <object_component id="oc-1c3">
         <name>.cinit:_ePWM</name>
         <load_address>0x282</load_address>
         <run_address>0x282</run_address>
         <size>0x1d</size>
         <input_file_ref idref="fl-3"/>
      </object_component>
      <object_component id="oc-189">
         <name>.cinit:_ECAP</name>
         <load_address>0x29f</load_address>
         <run_address>0x29f</run_address>
         <size>0x11</size>
         <input_file_ref idref="fl-20"/>
      </object_component>
      <object_component id="oc-205">
         <name>.cinit</name>
         <load_address>0x2b0</load_address>
         <run_address>0x2b0</run_address>
         <size>0xe</size>
         <input_file_ref idref="fl-49"/>
      </object_component>
      <object_component id="oc-1b8">
         <name>.cinit:_ADC</name>
         <load_address>0x2be</load_address>
         <run_address>0x2be</run_address>
         <size>0xd</size>
         <input_file_ref idref="fl-20"/>
      </object_component>
      <object_component id="oc-195">
         <name>.cinit:_EQEP</name>
         <load_address>0x2cb</load_address>
         <run_address>0x2cb</run_address>
         <size>0xb</size>
         <input_file_ref idref="fl-20"/>
      </object_component>
      <object_component id="oc-175">
         <name>.cinit:_SPI</name>
         <load_address>0x2d6</load_address>
         <run_address>0x2d6</run_address>
         <size>0xb</size>
         <input_file_ref idref="fl-20"/>
      </object_component>
      <object_component id="oc-22e">
         <name>.cinit:_ucTXMsgData</name>
         <load_address>0x2e1</load_address>
         <run_address>0x2e1</run_address>
         <size>0xb</size>
         <input_file_ref idref="fl-3"/>
      </object_component>
      <object_component id="oc-1be">
         <name>.cinit:_SDFM</name>
         <load_address>0x2ec</load_address>
         <run_address>0x2ec</run_address>
         <size>0x9</size>
         <input_file_ref idref="fl-20"/>
      </object_component>
      <object_component id="oc-199">
         <name>.cinit:_I2C</name>
         <load_address>0x2f5</load_address>
         <run_address>0x2f5</run_address>
         <size>0x7</size>
         <input_file_ref idref="fl-20"/>
      </object_component>
      <object_component id="oc-19f">
         <name>.cinit:_MCBSP</name>
         <load_address>0x2fc</load_address>
         <run_address>0x2fc</run_address>
         <size>0x7</size>
         <input_file_ref idref="fl-20"/>
      </object_component>
      <object_component id="oc-170">
         <name>.cinit:_SCI</name>
         <load_address>0x303</load_address>
         <run_address>0x303</run_address>
         <size>0x7</size>
         <input_file_ref idref="fl-20"/>
      </object_component>
      <object_component id="oc-229">
         <name>.cinit:__lock</name>
         <load_address>0x30a</load_address>
         <run_address>0x30a</run_address>
         <size>0x5</size>
         <input_file_ref idref="fl-4a"/>
      </object_component>
      <object_component id="oc-239">
         <name>.cinit:__unlock</name>
         <load_address>0x30f</load_address>
         <run_address>0x30f</run_address>
         <size>0x5</size>
         <input_file_ref idref="fl-4a"/>
      </object_component>
      <object_component id="oc-df">
         <name>.cinit</name>
         <load_address>0x314</load_address>
         <run_address>0x314</run_address>
         <size>0x5</size>
         <input_file_ref idref="fl-9"/>
      </object_component>
      <object_component id="oc-14c">
         <name>.cinit</name>
         <load_address>0x319</load_address>
         <run_address>0x319</run_address>
         <size>0x4</size>
         <input_file_ref idref="fl-1e"/>
      </object_component>
      <object_component id="oc-235">
         <name>.switch:_SEND_CAN</name>
         <load_address>0x320</load_address>
         <run_address>0x320</run_address>
         <size>0x1a</size>
         <input_file_ref idref="fl-3"/>
      </object_component>
      <object_component id="oc-1e6">
         <name>.reset</name>
         <load_address>0x3fffc0</load_address>
         <run_address>0x3fffc0</run_address>
         <size>0x2</size>
         <input_file_ref idref="fl-43"/>
      </object_component>
      <object_component id="oc-1e5">
         <name>.stack</name>
         <uninitialized>true</uninitialized>
         <run_address>0x400</run_address>
         <size>0x0</size>
         <input_file_ref idref="fl-43"/>
      </object_component>
      <object_component id="oc-2eb">
         <name>.stack</name>
         <uninitialized>true</uninitialized>
         <run_address>0x400</run_address>
         <size>0x0</size>
      </object_component>
      <object_component id="oc-b1">
         <name>.ebss</name>
         <uninitialized>true</uninitialized>
         <run_address>0xa800</run_address>
         <size>0xbc</size>
         <input_file_ref idref="fl-3"/>
      </object_component>
      <object_component id="oc-231">
         <name>.ebss:_VTimer0</name>
         <uninitialized>true</uninitialized>
         <run_address>0xa988</run_address>
         <size>0x4</size>
         <input_file_ref idref="fl-3"/>
      </object_component>
      <object_component id="oc-232">
         <name>.ebss:_VTimer1</name>
         <uninitialized>true</uninitialized>
         <run_address>0xa98c</run_address>
         <size>0x4</size>
         <input_file_ref idref="fl-3"/>
      </object_component>
      <object_component id="oc-233">
         <name>.ebss:_VTimer2</name>
         <uninitialized>true</uninitialized>
         <run_address>0xa990</run_address>
         <size>0x4</size>
         <input_file_ref idref="fl-3"/>
      </object_component>
      <object_component id="oc-22d">
         <name>.ebss:_ucTXMsgData</name>
         <uninitialized>true</uninitialized>
         <run_address>0xa966</run_address>
         <size>0x8</size>
         <input_file_ref idref="fl-3"/>
      </object_component>
      <object_component id="oc-22f">
         <name>.ebss:_ucRXMsgData</name>
         <uninitialized>true</uninitialized>
         <run_address>0xa95e</run_address>
         <size>0x8</size>
         <input_file_ref idref="fl-3"/>
      </object_component>
      <object_component id="oc-225">
         <name>.ebss:_ePWM</name>
         <uninitialized>true</uninitialized>
         <run_address>0xa91a</run_address>
         <size>0x1a</size>
         <input_file_ref idref="fl-3"/>
      </object_component>
      <object_component id="oc-e0">
         <name>.ebss</name>
         <uninitialized>true</uninitialized>
         <run_address>0xa994</run_address>
         <size>0x2</size>
         <input_file_ref idref="fl-9"/>
      </object_component>
      <object_component id="oc-23e">
         <name>.ebss:_TILE1HLCInstr</name>
         <uninitialized>true</uninitialized>
         <run_address>0xa8c0</run_address>
         <size>0x20</size>
         <input_file_ref idref="fl-f"/>
      </object_component>
      <object_component id="oc-146">
         <name>.ebss</name>
         <uninitialized>true</uninitialized>
         <run_address>0xa96e</run_address>
         <size>0x6</size>
         <input_file_ref idref="fl-1d"/>
      </object_component>
      <object_component id="oc-14d">
         <name>.ebss</name>
         <uninitialized>true</uninitialized>
         <run_address>0xa996</run_address>
         <size>0x1</size>
         <input_file_ref idref="fl-1e"/>
      </object_component>
      <object_component id="oc-221">
         <name>.ebss:_I2C</name>
         <uninitialized>true</uninitialized>
         <run_address>0xa8bc</run_address>
         <size>0x4</size>
         <input_file_ref idref="fl-20"/>
      </object_component>
      <object_component id="oc-222">
         <name>.ebss:_MCBSP</name>
         <uninitialized>true</uninitialized>
         <run_address>0xa980</run_address>
         <size>0x4</size>
         <input_file_ref idref="fl-20"/>
      </object_component>
      <object_component id="oc-21c">
         <name>.ebss:_SCI</name>
         <uninitialized>true</uninitialized>
         <run_address>0xa984</run_address>
         <size>0x4</size>
         <input_file_ref idref="fl-20"/>
      </object_component>
      <object_component id="oc-224">
         <name>.ebss:_SDFM</name>
         <uninitialized>true</uninitialized>
         <run_address>0xa974</run_address>
         <size>0x6</size>
         <input_file_ref idref="fl-20"/>
      </object_component>
      <object_component id="oc-220">
         <name>.ebss:_EQEP</name>
         <uninitialized>true</uninitialized>
         <run_address>0xa94e</run_address>
         <size>0x8</size>
         <input_file_ref idref="fl-20"/>
      </object_component>
      <object_component id="oc-21d">
         <name>.ebss:_SPI</name>
         <uninitialized>true</uninitialized>
         <run_address>0xa956</run_address>
         <size>0x8</size>
         <input_file_ref idref="fl-20"/>
      </object_component>
      <object_component id="oc-223">
         <name>.ebss:_ADC</name>
         <uninitialized>true</uninitialized>
         <run_address>0xa934</run_address>
         <size>0xa</size>
         <input_file_ref idref="fl-20"/>
      </object_component>
      <object_component id="oc-21e">
         <name>.ebss:_ECAP</name>
         <uninitialized>true</uninitialized>
         <run_address>0xa940</run_address>
         <size>0xe</size>
         <input_file_ref idref="fl-20"/>
      </object_component>
      <object_component id="oc-226">
         <name>.ebss:_EPWM</name>
         <uninitialized>true</uninitialized>
         <run_address>0xa900</run_address>
         <size>0x1a</size>
         <input_file_ref idref="fl-20"/>
      </object_component>
      <object_component id="oc-21f">
         <name>.ebss:_TRIP_SEL</name>
         <uninitialized>true</uninitialized>
         <run_address>0xa8e0</run_address>
         <size>0x1e</size>
         <input_file_ref idref="fl-20"/>
      </object_component>
      <object_component id="oc-206">
         <name>.ebss</name>
         <uninitialized>true</uninitialized>
         <run_address>0xa97a</run_address>
         <size>0x6</size>
         <input_file_ref idref="fl-49"/>
      </object_component>
      <object_component id="oc-228">
         <name>.ebss:__lock</name>
         <uninitialized>true</uninitialized>
         <run_address>0xa8fe</run_address>
         <size>0x2</size>
         <input_file_ref idref="fl-4a"/>
      </object_component>
      <object_component id="oc-23c">
         <name>.ebss:__unlock</name>
         <uninitialized>true</uninitialized>
         <run_address>0xa93e</run_address>
         <size>0x2</size>
         <input_file_ref idref="fl-4a"/>
      </object_component>
      <object_component id="oc-236">
         <name>.econst:_g_ui16CANBitValues</name>
         <load_address>0xa997</load_address>
         <run_address>0xa997</run_address>
         <size>0x9</size>
         <input_file_ref idref="fl-d"/>
      </object_component>
      <object_component id="oc-23a">
         <name>ramfuncs</name>
         <load_address>0xbc000</load_address>
         <run_address>0x0</run_address>
         <size>0x25</size>
         <input_file_ref idref="fl-2"/>
      </object_component>
      <object_component id="oc-159">
         <name>ramfuncs</name>
         <load_address>0xbc025</load_address>
         <run_address>0x25</run_address>
         <size>0x4</size>
         <input_file_ref idref="fl-21"/>
      </object_component>
      <object_component id="oc-10a">
         <name>ramfuncs</name>
         <load_address>0xbc029</load_address>
         <run_address>0x29</run_address>
         <size>0x4</size>
         <input_file_ref idref="fl-11"/>
      </object_component>
      <object_component id="oc-bd">
         <name>Cla1Prog:_Cla1Task1</name>
         <load_address>0xb0000</load_address>
         <run_address>0x8800</run_address>
         <size>0x2410</size>
         <input_file_ref idref="fl-4"/>
      </object_component>
      <object_component id="oc-c5">
         <name>Cla1Prog:_Cla1Task8</name>
         <load_address>0xb2410</load_address>
         <run_address>0xac10</run_address>
         <size>0x338</size>
         <input_file_ref idref="fl-4"/>
      </object_component>
      <object_component id="oc-1d9">
         <name>Cla1Prog:_CLAcosPU</name>
         <load_address>0xb2748</load_address>
         <run_address>0xaf48</run_address>
         <size>0x38</size>
         <input_file_ref idref="fl-36"/>
      </object_component>
      <object_component id="oc-1df">
         <name>Cla1Prog:_CLAsinPU</name>
         <load_address>0xb2780</load_address>
         <run_address>0xaf80</run_address>
         <size>0x38</size>
         <input_file_ref idref="fl-37"/>
      </object_component>
      <object_component id="oc-bf">
         <name>Cla1Prog:_Cla1Task2</name>
         <load_address>0xb27b8</load_address>
         <run_address>0xafb8</run_address>
         <size>0x8</size>
         <input_file_ref idref="fl-4"/>
      </object_component>
      <object_component id="oc-c0">
         <name>Cla1Prog:_Cla1Task3</name>
         <load_address>0xb27c0</load_address>
         <run_address>0xafc0</run_address>
         <size>0x8</size>
         <input_file_ref idref="fl-4"/>
      </object_component>
      <object_component id="oc-c1">
         <name>Cla1Prog:_Cla1Task4</name>
         <load_address>0xb27c8</load_address>
         <run_address>0xafc8</run_address>
         <size>0x8</size>
         <input_file_ref idref="fl-4"/>
      </object_component>
      <object_component id="oc-c2">
         <name>Cla1Prog:_Cla1Task5</name>
         <load_address>0xb27d0</load_address>
         <run_address>0xafd0</run_address>
         <size>0x8</size>
         <input_file_ref idref="fl-4"/>
      </object_component>
      <object_component id="oc-c3">
         <name>Cla1Prog:_Cla1Task6</name>
         <load_address>0xb27d8</load_address>
         <run_address>0xafd8</run_address>
         <size>0x8</size>
         <input_file_ref idref="fl-4"/>
      </object_component>
      <object_component id="oc-c4">
         <name>Cla1Prog:_Cla1Task7</name>
         <load_address>0xb27e0</load_address>
         <run_address>0xafe0</run_address>
         <size>0x8</size>
         <input_file_ref idref="fl-4"/>
      </object_component>
      <object_component id="oc-b9">
         <name>CLADataLS0</name>
         <uninitialized>true</uninitialized>
         <run_address>0x8000</run_address>
         <size>0x24e</size>
         <input_file_ref idref="fl-4"/>
      </object_component>
      <object_component id="oc-bb">
         <name>Cla1ToCpuMsgRAM</name>
         <uninitialized>true</uninitialized>
         <run_address>0x1480</run_address>
         <size>0x74</size>
         <input_file_ref idref="fl-4"/>
      </object_component>
      <object_component id="oc-ba">
         <name>CpuToCla1MsgRAM</name>
         <uninitialized>true</uninitialized>
         <run_address>0x1500</run_address>
         <size>0x3a</size>
         <input_file_ref idref="fl-4"/>
      </object_component>
      <object_component id="oc-be">
         <name>.scratchpad:Cla1Prog:_Cla1Task1</name>
         <uninitialized>true</uninitialized>
         <run_address>0x835c</run_address>
         <size>0xa</size>
         <input_file_ref idref="fl-4"/>
      </object_component>
      <object_component id="oc-1da">
         <name>.scratchpad:Cla1Prog:_CLAcosPU</name>
         <uninitialized>true</uninitialized>
         <run_address>0x8366</run_address>
         <size>0x2</size>
         <input_file_ref idref="fl-36"/>
      </object_component>
      <object_component id="oc-1e0">
         <name>.scratchpad:Cla1Prog:_CLAsinPU</name>
         <uninitialized>true</uninitialized>
         <run_address>0x8366</run_address>
         <size>0x2</size>
         <input_file_ref idref="fl-37"/>
      </object_component>
      <object_component id="oc-bc">
         <name>.bss_cla</name>
         <uninitialized>true</uninitialized>
         <run_address>0x834e</run_address>
         <size>0xe</size>
         <input_file_ref idref="fl-4"/>
      </object_component>
      <object_component id="oc-1a6">
         <name>Clb1LogicCfgRegsFile</name>
         <uninitialized>true</uninitialized>
         <run_address>0x3000</run_address>
         <size>0x3e</size>
         <input_file_ref idref="fl-22"/>
      </object_component>
      <object_component id="oc-1aa">
         <name>Clb1LogicCtrlRegsFile</name>
         <uninitialized>true</uninitialized>
         <run_address>0x3100</run_address>
         <size>0x40</size>
         <input_file_ref idref="fl-22"/>
      </object_component>
      <object_component id="oc-1a7">
         <name>Clb2LogicCfgRegsFile</name>
         <uninitialized>true</uninitialized>
         <run_address>0x3400</run_address>
         <size>0x3e</size>
         <input_file_ref idref="fl-22"/>
      </object_component>
      <object_component id="oc-1ab">
         <name>Clb2LogicCtrlRegsFile</name>
         <uninitialized>true</uninitialized>
         <run_address>0x3500</run_address>
         <size>0x40</size>
         <input_file_ref idref="fl-22"/>
      </object_component>
      <object_component id="oc-1a8">
         <name>Clb3LogicCfgRegsFile</name>
         <uninitialized>true</uninitialized>
         <run_address>0x3800</run_address>
         <size>0x3e</size>
         <input_file_ref idref="fl-22"/>
      </object_component>
      <object_component id="oc-1ac">
         <name>Clb3LogicCtrlRegsFile</name>
         <uninitialized>true</uninitialized>
         <run_address>0x3900</run_address>
         <size>0x40</size>
         <input_file_ref idref="fl-22"/>
      </object_component>
      <object_component id="oc-1a9">
         <name>Clb4LogicCfgRegsFile</name>
         <uninitialized>true</uninitialized>
         <run_address>0x3c00</run_address>
         <size>0x3e</size>
         <input_file_ref idref="fl-22"/>
      </object_component>
      <object_component id="oc-1ad">
         <name>Clb4LogicCtrlRegsFile</name>
         <uninitialized>true</uninitialized>
         <run_address>0x3d00</run_address>
         <size>0x40</size>
         <input_file_ref idref="fl-22"/>
      </object_component>
      <object_component id="oc-1d7">
         <name>PieVectTableFile</name>
         <uninitialized>true</uninitialized>
         <run_address>0xd00</run_address>
         <size>0x1c0</size>
         <input_file_ref idref="fl-22"/>
      </object_component>
      <object_component id="oc-15f">
         <name>EmuKeyVar</name>
         <uninitialized>true</uninitialized>
         <run_address>0xd00</run_address>
         <size>0x1</size>
         <input_file_ref idref="fl-22"/>
      </object_component>
      <object_component id="oc-160">
         <name>EmuBModeVar</name>
         <uninitialized>true</uninitialized>
         <run_address>0xd01</run_address>
         <size>0x1</size>
         <input_file_ref idref="fl-22"/>
      </object_component>
      <object_component id="oc-178">
         <name>AdcaResultFile</name>
         <uninitialized>true</uninitialized>
         <run_address>0xb00</run_address>
         <size>0x18</size>
         <input_file_ref idref="fl-22"/>
      </object_component>
      <object_component id="oc-179">
         <name>AdcbResultFile</name>
         <uninitialized>true</uninitialized>
         <run_address>0xb20</run_address>
         <size>0x18</size>
         <input_file_ref idref="fl-22"/>
      </object_component>
      <object_component id="oc-17a">
         <name>AdccResultFile</name>
         <uninitialized>true</uninitialized>
         <run_address>0xb40</run_address>
         <size>0x18</size>
         <input_file_ref idref="fl-22"/>
      </object_component>
      <object_component id="oc-17b">
         <name>AdcdResultFile</name>
         <uninitialized>true</uninitialized>
         <run_address>0xb60</run_address>
         <size>0x18</size>
         <input_file_ref idref="fl-22"/>
      </object_component>
      <object_component id="oc-1b7">
         <name>AdcaRegsFile</name>
         <uninitialized>true</uninitialized>
         <run_address>0x7400</run_address>
         <size>0x80</size>
         <input_file_ref idref="fl-22"/>
      </object_component>
      <object_component id="oc-1b9">
         <name>AdcbRegsFile</name>
         <uninitialized>true</uninitialized>
         <run_address>0x7480</run_address>
         <size>0x80</size>
         <input_file_ref idref="fl-22"/>
      </object_component>
      <object_component id="oc-1ba">
         <name>AdccRegsFile</name>
         <uninitialized>true</uninitialized>
         <run_address>0x7500</run_address>
         <size>0x80</size>
         <input_file_ref idref="fl-22"/>
      </object_component>
      <object_component id="oc-1bb">
         <name>AdcdRegsFile</name>
         <uninitialized>true</uninitialized>
         <run_address>0x7580</run_address>
         <size>0x80</size>
         <input_file_ref idref="fl-22"/>
      </object_component>
      <object_component id="oc-1b3">
         <name>AnalogSubsysRegsFile</name>
         <uninitialized>true</uninitialized>
         <run_address>0x5d180</run_address>
         <size>0x48</size>
         <input_file_ref idref="fl-22"/>
      </object_component>
      <object_component id="oc-1a5">
         <name>Cla1RegsFile</name>
         <uninitialized>true</uninitialized>
         <run_address>0x1400</run_address>
         <size>0x3e</size>
         <input_file_ref idref="fl-22"/>
      </object_component>
      <object_component id="oc-164">
         <name>Cla1SoftIntRegsFile</name>
         <uninitialized>true</uninitialized>
         <run_address>0xce0</run_address>
         <size>0x4</size>
         <input_file_ref idref="fl-22"/>
      </object_component>
      <object_component id="oc-1ae">
         <name>ClbXbarRegsFile</name>
         <uninitialized>true</uninitialized>
         <run_address>0x7a40</run_address>
         <size>0x40</size>
         <input_file_ref idref="fl-22"/>
      </object_component>
      <object_component id="oc-17e">
         <name>Cmpss1RegsFile</name>
         <uninitialized>true</uninitialized>
         <run_address>0x5c80</run_address>
         <size>0x20</size>
         <input_file_ref idref="fl-22"/>
      </object_component>
      <object_component id="oc-17f">
         <name>Cmpss2RegsFile</name>
         <uninitialized>true</uninitialized>
         <run_address>0x5ca0</run_address>
         <size>0x20</size>
         <input_file_ref idref="fl-22"/>
      </object_component>
      <object_component id="oc-180">
         <name>Cmpss3RegsFile</name>
         <uninitialized>true</uninitialized>
         <run_address>0x5cc0</run_address>
         <size>0x20</size>
         <input_file_ref idref="fl-22"/>
      </object_component>
      <object_component id="oc-181">
         <name>Cmpss4RegsFile</name>
         <uninitialized>true</uninitialized>
         <run_address>0x5ce0</run_address>
         <size>0x20</size>
         <input_file_ref idref="fl-22"/>
      </object_component>
      <object_component id="oc-182">
         <name>Cmpss5RegsFile</name>
         <uninitialized>true</uninitialized>
         <run_address>0x5d00</run_address>
         <size>0x20</size>
         <input_file_ref idref="fl-22"/>
      </object_component>
      <object_component id="oc-183">
         <name>Cmpss6RegsFile</name>
         <uninitialized>true</uninitialized>
         <run_address>0x5d20</run_address>
         <size>0x20</size>
         <input_file_ref idref="fl-22"/>
      </object_component>
      <object_component id="oc-184">
         <name>Cmpss7RegsFile</name>
         <uninitialized>true</uninitialized>
         <run_address>0x5d40</run_address>
         <size>0x20</size>
         <input_file_ref idref="fl-22"/>
      </object_component>
      <object_component id="oc-185">
         <name>Cmpss8RegsFile</name>
         <uninitialized>true</uninitialized>
         <run_address>0x5d60</run_address>
         <size>0x20</size>
         <input_file_ref idref="fl-22"/>
      </object_component>
      <object_component id="oc-16a">
         <name>CpuTimer0RegsFile</name>
         <uninitialized>true</uninitialized>
         <run_address>0xc00</run_address>
         <size>0x8</size>
         <input_file_ref idref="fl-22"/>
      </object_component>
      <object_component id="oc-16b">
         <name>CpuTimer1RegsFile</name>
         <uninitialized>true</uninitialized>
         <run_address>0xc08</run_address>
         <size>0x8</size>
         <input_file_ref idref="fl-22"/>
      </object_component>
      <object_component id="oc-16c">
         <name>CpuTimer2RegsFile</name>
         <uninitialized>true</uninitialized>
         <run_address>0xc10</run_address>
         <size>0x8</size>
         <input_file_ref idref="fl-22"/>
      </object_component>
      <object_component id="oc-167">
         <name>DacaRegsFile</name>
         <uninitialized>true</uninitialized>
         <run_address>0x5c00</run_address>
         <size>0x8</size>
         <input_file_ref idref="fl-22"/>
      </object_component>
      <object_component id="oc-168">
         <name>DacbRegsFile</name>
         <uninitialized>true</uninitialized>
         <run_address>0x5c10</run_address>
         <size>0x8</size>
         <input_file_ref idref="fl-22"/>
      </object_component>
      <object_component id="oc-169">
         <name>DaccRegsFile</name>
         <uninitialized>true</uninitialized>
         <run_address>0x5c20</run_address>
         <size>0x8</size>
         <input_file_ref idref="fl-22"/>
      </object_component>
      <object_component id="oc-19b">
         <name>DcsmZ1RegsFile</name>
         <uninitialized>true</uninitialized>
         <run_address>0x5f000</run_address>
         <size>0x24</size>
         <input_file_ref idref="fl-22"/>
      </object_component>
      <object_component id="oc-19c">
         <name>DcsmZ2RegsFile</name>
         <uninitialized>true</uninitialized>
         <run_address>0x5f040</run_address>
         <size>0x24</size>
         <input_file_ref idref="fl-22"/>
      </object_component>
      <object_component id="oc-16d">
         <name>DcsmCommonRegsFile</name>
         <uninitialized>true</uninitialized>
         <run_address>0x5f070</run_address>
         <size>0x8</size>
         <input_file_ref idref="fl-22"/>
      </object_component>
      <object_component id="oc-186">
         <name>DcsmZ1OtpFile</name>
         <uninitialized>true</uninitialized>
         <run_address>0x78000</run_address>
         <size>0x20</size>
         <input_file_ref idref="fl-22"/>
      </object_component>
      <object_component id="oc-187">
         <name>DcsmZ2OtpFile</name>
         <uninitialized>true</uninitialized>
         <run_address>0x78200</run_address>
         <size>0x20</size>
         <input_file_ref idref="fl-22"/>
      </object_component>
      <object_component id="oc-1c1">
         <name>DmaRegsFile</name>
         <uninitialized>true</uninitialized>
         <run_address>0x1000</run_address>
         <size>0xe0</size>
         <input_file_ref idref="fl-22"/>
      </object_component>
      <object_component id="oc-17c">
         <name>DmaClaSrcSelRegsFile</name>
         <uninitialized>true</uninitialized>
         <run_address>0x7980</run_address>
         <size>0x1a</size>
         <input_file_ref idref="fl-22"/>
      </object_component>
      <object_component id="oc-188">
         <name>ECap1RegsFile</name>
         <uninitialized>true</uninitialized>
         <run_address>0x5000</run_address>
         <size>0x20</size>
         <input_file_ref idref="fl-22"/>
      </object_component>
      <object_component id="oc-18a">
         <name>ECap2RegsFile</name>
         <uninitialized>true</uninitialized>
         <run_address>0x5020</run_address>
         <size>0x20</size>
         <input_file_ref idref="fl-22"/>
      </object_component>
      <object_component id="oc-18b">
         <name>ECap3RegsFile</name>
         <uninitialized>true</uninitialized>
         <run_address>0x5040</run_address>
         <size>0x20</size>
         <input_file_ref idref="fl-22"/>
      </object_component>
      <object_component id="oc-18c">
         <name>ECap4RegsFile</name>
         <uninitialized>true</uninitialized>
         <run_address>0x5060</run_address>
         <size>0x20</size>
         <input_file_ref idref="fl-22"/>
      </object_component>
      <object_component id="oc-18d">
         <name>ECap5RegsFile</name>
         <uninitialized>true</uninitialized>
         <run_address>0x5080</run_address>
         <size>0x20</size>
         <input_file_ref idref="fl-22"/>
      </object_component>
      <object_component id="oc-18e">
         <name>ECap6RegsFile</name>
         <uninitialized>true</uninitialized>
         <run_address>0x50a0</run_address>
         <size>0x20</size>
         <input_file_ref idref="fl-22"/>
      </object_component>
      <object_component id="oc-1b5">
         <name>Emif1RegsFile</name>
         <uninitialized>true</uninitialized>
         <run_address>0x47000</run_address>
         <size>0x70</size>
         <input_file_ref idref="fl-22"/>
      </object_component>
      <object_component id="oc-1b6">
         <name>Emif2RegsFile</name>
         <uninitialized>true</uninitialized>
         <run_address>0x47800</run_address>
         <size>0x70</size>
         <input_file_ref idref="fl-22"/>
      </object_component>
      <object_component id="oc-1c2">
         <name>EPwm1RegsFile</name>
         <uninitialized>true</uninitialized>
         <run_address>0x4000</run_address>
         <size>0x100</size>
         <input_file_ref idref="fl-22"/>
      </object_component>
      <object_component id="oc-1c5">
         <name>EPwm2RegsFile</name>
         <uninitialized>true</uninitialized>
         <run_address>0x4100</run_address>
         <size>0x100</size>
         <input_file_ref idref="fl-22"/>
      </object_component>
      <object_component id="oc-1c6">
         <name>EPwm3RegsFile</name>
         <uninitialized>true</uninitialized>
         <run_address>0x4200</run_address>
         <size>0x100</size>
         <input_file_ref idref="fl-22"/>
      </object_component>
      <object_component id="oc-1c7">
         <name>EPwm4RegsFile</name>
         <uninitialized>true</uninitialized>
         <run_address>0x4300</run_address>
         <size>0x100</size>
         <input_file_ref idref="fl-22"/>
      </object_component>
      <object_component id="oc-1c8">
         <name>EPwm5RegsFile</name>
         <uninitialized>true</uninitialized>
         <run_address>0x4400</run_address>
         <size>0x100</size>
         <input_file_ref idref="fl-22"/>
      </object_component>
      <object_component id="oc-1c9">
         <name>EPwm6RegsFile</name>
         <uninitialized>true</uninitialized>
         <run_address>0x4500</run_address>
         <size>0x100</size>
         <input_file_ref idref="fl-22"/>
      </object_component>
      <object_component id="oc-1ca">
         <name>EPwm7RegsFile</name>
         <uninitialized>true</uninitialized>
         <run_address>0x4600</run_address>
         <size>0x100</size>
         <input_file_ref idref="fl-22"/>
      </object_component>
      <object_component id="oc-1cb">
         <name>EPwm8RegsFile</name>
         <uninitialized>true</uninitialized>
         <run_address>0x4700</run_address>
         <size>0x100</size>
         <input_file_ref idref="fl-22"/>
      </object_component>
      <object_component id="oc-1cc">
         <name>EPwm9RegsFile</name>
         <uninitialized>true</uninitialized>
         <run_address>0x4800</run_address>
         <size>0x100</size>
         <input_file_ref idref="fl-22"/>
      </object_component>
      <object_component id="oc-1cd">
         <name>EPwm10RegsFile</name>
         <uninitialized>true</uninitialized>
         <run_address>0x4900</run_address>
         <size>0x100</size>
         <input_file_ref idref="fl-22"/>
      </object_component>
      <object_component id="oc-1ce">
         <name>EPwm11RegsFile</name>
         <uninitialized>true</uninitialized>
         <run_address>0x4a00</run_address>
         <size>0x100</size>
         <input_file_ref idref="fl-22"/>
      </object_component>
      <object_component id="oc-1cf">
         <name>EPwm12RegsFile</name>
         <uninitialized>true</uninitialized>
         <run_address>0x4b00</run_address>
         <size>0x100</size>
         <input_file_ref idref="fl-22"/>
      </object_component>
      <object_component id="oc-1af">
         <name>EPwmXbarRegsFile</name>
         <uninitialized>true</uninitialized>
         <run_address>0x7a00</run_address>
         <size>0x40</size>
         <input_file_ref idref="fl-22"/>
      </object_component>
      <object_component id="oc-194">
         <name>EQep1RegsFile</name>
         <uninitialized>true</uninitialized>
         <run_address>0x5100</run_address>
         <size>0x22</size>
         <input_file_ref idref="fl-22"/>
      </object_component>
      <object_component id="oc-196">
         <name>EQep2RegsFile</name>
         <uninitialized>true</uninitialized>
         <run_address>0x5140</run_address>
         <size>0x22</size>
         <input_file_ref idref="fl-22"/>
      </object_component>
      <object_component id="oc-197">
         <name>EQep3RegsFile</name>
         <uninitialized>true</uninitialized>
         <run_address>0x5180</run_address>
         <size>0x22</size>
         <input_file_ref idref="fl-22"/>
      </object_component>
      <object_component id="oc-1d6">
         <name>Flash0CtrlRegsFile</name>
         <uninitialized>true</uninitialized>
         <run_address>0x5f800</run_address>
         <size>0x182</size>
         <input_file_ref idref="fl-22"/>
      </object_component>
      <object_component id="oc-1a1">
         <name>Flash0EccRegsFile</name>
         <uninitialized>true</uninitialized>
         <run_address>0x5fb00</run_address>
         <size>0x28</size>
         <input_file_ref idref="fl-22"/>
      </object_component>
      <object_component id="oc-1d5">
         <name>GpioCtrlRegsFile</name>
         <uninitialized>true</uninitialized>
         <run_address>0x7c00</run_address>
         <size>0x180</size>
         <input_file_ref idref="fl-22"/>
      </object_component>
      <object_component id="oc-1a3">
         <name>GpioDataRegsFile</name>
         <uninitialized>true</uninitialized>
         <run_address>0x7f00</run_address>
         <size>0x30</size>
         <input_file_ref idref="fl-22"/>
      </object_component>
      <object_component id="oc-1b0">
         <name>OutputXbarRegsFile</name>
         <uninitialized>true</uninitialized>
         <run_address>0x7a80</run_address>
         <size>0x40</size>
         <input_file_ref idref="fl-22"/>
      </object_component>
      <object_component id="oc-198">
         <name>I2caRegsFile</name>
         <uninitialized>true</uninitialized>
         <run_address>0x7300</run_address>
         <size>0x22</size>
         <input_file_ref idref="fl-22"/>
      </object_component>
      <object_component id="oc-19a">
         <name>I2cbRegsFile</name>
         <uninitialized>true</uninitialized>
         <run_address>0x7340</run_address>
         <size>0x22</size>
         <input_file_ref idref="fl-22"/>
      </object_component>
      <object_component id="oc-18f">
         <name>InputXbarRegsFile</name>
         <uninitialized>true</uninitialized>
         <run_address>0x7900</run_address>
         <size>0x20</size>
         <input_file_ref idref="fl-22"/>
      </object_component>
      <object_component id="oc-191">
         <name>XbarRegsFile</name>
         <uninitialized>true</uninitialized>
         <run_address>0x7920</run_address>
         <size>0x20</size>
         <input_file_ref idref="fl-22"/>
      </object_component>
      <object_component id="oc-19d">
         <name>IpcRegsFile</name>
         <uninitialized>true</uninitialized>
         <run_address>0x50000</run_address>
         <size>0x24</size>
         <input_file_ref idref="fl-22"/>
      </object_component>
      <object_component id="oc-161">
         <name>FlashPumpSemaphoreRegsFile</name>
         <uninitialized>true</uninitialized>
         <run_address>0x50024</run_address>
         <size>0x2</size>
         <input_file_ref idref="fl-22"/>
      </object_component>
      <object_component id="oc-162">
         <name>RomPrefetchRegsFile</name>
         <uninitialized>true</uninitialized>
         <run_address>0x5e608</run_address>
         <size>0x2</size>
         <input_file_ref idref="fl-22"/>
      </object_component>
      <object_component id="oc-1bc">
         <name>MemCfgRegsFile</name>
         <uninitialized>true</uninitialized>
         <run_address>0x5f400</run_address>
         <size>0x80</size>
         <input_file_ref idref="fl-22"/>
      </object_component>
      <object_component id="oc-192">
         <name>Emif1ConfigRegsFile</name>
         <uninitialized>true</uninitialized>
         <run_address>0x5f480</run_address>
         <size>0x20</size>
         <input_file_ref idref="fl-22"/>
      </object_component>
      <object_component id="oc-193">
         <name>Emif2ConfigRegsFile</name>
         <uninitialized>true</uninitialized>
         <run_address>0x5f4a0</run_address>
         <size>0x20</size>
         <input_file_ref idref="fl-22"/>
      </object_component>
      <object_component id="oc-1b1">
         <name>AccessProtectionRegsFile</name>
         <uninitialized>true</uninitialized>
         <run_address>0x5f4c0</run_address>
         <size>0x40</size>
         <input_file_ref idref="fl-22"/>
      </object_component>
      <object_component id="oc-1b2">
         <name>MemoryErrorRegsFile</name>
         <uninitialized>true</uninitialized>
         <run_address>0x5f500</run_address>
         <size>0x40</size>
         <input_file_ref idref="fl-22"/>
      </object_component>
      <object_component id="oc-163">
         <name>RomWaitStateRegsFile</name>
         <uninitialized>true</uninitialized>
         <run_address>0x5f540</run_address>
         <size>0x2</size>
         <input_file_ref idref="fl-22"/>
      </object_component>
      <object_component id="oc-19e">
         <name>McbspaRegsFile</name>
         <uninitialized>true</uninitialized>
         <run_address>0x6000</run_address>
         <size>0x24</size>
         <input_file_ref idref="fl-22"/>
      </object_component>
      <object_component id="oc-1a0">
         <name>McbspbRegsFile</name>
         <uninitialized>true</uninitialized>
         <run_address>0x6040</run_address>
         <size>0x24</size>
         <input_file_ref idref="fl-22"/>
      </object_component>
      <object_component id="oc-1b4">
         <name>UppRegsFile</name>
         <uninitialized>true</uninitialized>
         <run_address>0x6200</run_address>
         <size>0x48</size>
         <input_file_ref idref="fl-22"/>
      </object_component>
      <object_component id="oc-166">
         <name>NmiIntruptRegsFile</name>
         <uninitialized>true</uninitialized>
         <run_address>0x7060</run_address>
         <size>0x7</size>
         <input_file_ref idref="fl-22"/>
      </object_component>
      <object_component id="oc-17d">
         <name>PieCtrlRegsFile</name>
         <uninitialized>true</uninitialized>
         <run_address>0xce0</run_address>
         <size>0x1a</size>
         <input_file_ref idref="fl-22"/>
      </object_component>
      <object_component id="oc-16f">
         <name>SciaRegsFile</name>
         <uninitialized>true</uninitialized>
         <run_address>0x7200</run_address>
         <size>0x10</size>
         <input_file_ref idref="fl-22"/>
      </object_component>
      <object_component id="oc-171">
         <name>ScibRegsFile</name>
         <uninitialized>true</uninitialized>
         <run_address>0x7210</run_address>
         <size>0x10</size>
         <input_file_ref idref="fl-22"/>
      </object_component>
      <object_component id="oc-172">
         <name>ScicRegsFile</name>
         <uninitialized>true</uninitialized>
         <run_address>0x7220</run_address>
         <size>0x10</size>
         <input_file_ref idref="fl-22"/>
      </object_component>
      <object_component id="oc-173">
         <name>ScidRegsFile</name>
         <uninitialized>true</uninitialized>
         <run_address>0x7230</run_address>
         <size>0x10</size>
         <input_file_ref idref="fl-22"/>
      </object_component>
      <object_component id="oc-1bd">
         <name>Sdfm1RegsFile</name>
         <uninitialized>true</uninitialized>
         <run_address>0x5e00</run_address>
         <size>0x80</size>
         <input_file_ref idref="fl-22"/>
      </object_component>
      <object_component id="oc-1bf">
         <name>Sdfm2RegsFile</name>
         <uninitialized>true</uninitialized>
         <run_address>0x5e80</run_address>
         <size>0x80</size>
         <input_file_ref idref="fl-22"/>
      </object_component>
      <object_component id="oc-174">
         <name>SpiaRegsFile</name>
         <uninitialized>true</uninitialized>
         <run_address>0x6100</run_address>
         <size>0x10</size>
         <input_file_ref idref="fl-22"/>
      </object_component>
      <object_component id="oc-176">
         <name>SpibRegsFile</name>
         <uninitialized>true</uninitialized>
         <run_address>0x6110</run_address>
         <size>0x10</size>
         <input_file_ref idref="fl-22"/>
      </object_component>
      <object_component id="oc-177">
         <name>SpicRegsFile</name>
         <uninitialized>true</uninitialized>
         <run_address>0x6120</run_address>
         <size>0x10</size>
         <input_file_ref idref="fl-22"/>
      </object_component>
      <object_component id="oc-1d4">
         <name>DevCfgRegsFile</name>
         <uninitialized>true</uninitialized>
         <run_address>0x5d000</run_address>
         <size>0x12e</size>
         <input_file_ref idref="fl-22"/>
      </object_component>
      <object_component id="oc-1a4">
         <name>ClkCfgRegsFile</name>
         <uninitialized>true</uninitialized>
         <run_address>0x5d200</run_address>
         <size>0x32</size>
         <input_file_ref idref="fl-22"/>
      </object_component>
      <object_component id="oc-1c0">
         <name>CpuSysRegsFile</name>
         <uninitialized>true</uninitialized>
         <run_address>0x5d300</run_address>
         <size>0x82</size>
         <input_file_ref idref="fl-22"/>
      </object_component>
      <object_component id="oc-165">
         <name>SyncSocRegsFile</name>
         <uninitialized>true</uninitialized>
         <run_address>0x7940</run_address>
         <size>0x6</size>
         <input_file_ref idref="fl-22"/>
      </object_component>
      <object_component id="oc-1a2">
         <name>WdRegsFile</name>
         <uninitialized>true</uninitialized>
         <run_address>0x7000</run_address>
         <size>0x2b</size>
         <input_file_ref idref="fl-22"/>
      </object_component>
      <object_component id="oc-16e">
         <name>XintRegsFile</name>
         <uninitialized>true</uninitialized>
         <run_address>0x7070</run_address>
         <size>0xb</size>
         <input_file_ref idref="fl-22"/>
      </object_component>
      <object_component id="oc-a9">
         <name>.debug_info</name>
         <load_address>0x0</load_address>
         <run_address>0x0</run_address>
         <size>0x28fb8</size>
         <input_file_ref idref="fl-2"/>
      </object_component>
      <object_component id="oc-af">
         <name>.debug_info</name>
         <load_address>0x28fb8</load_address>
         <run_address>0x28fb8</run_address>
         <size>0x2e23c</size>
         <input_file_ref idref="fl-3"/>
      </object_component>
      <object_component id="oc-b8">
         <name>.debug_info</name>
         <load_address>0x571f4</load_address>
         <run_address>0x571f4</run_address>
         <size>0x7b23</size>
         <input_file_ref idref="fl-4"/>
      </object_component>
      <object_component id="oc-ca">
         <name>.debug_info</name>
         <load_address>0x5ed17</load_address>
         <run_address>0x5ed17</run_address>
         <size>0x4a56</size>
         <input_file_ref idref="fl-5"/>
      </object_component>
      <object_component id="oc-cf">
         <name>.debug_info</name>
         <load_address>0x6376d</load_address>
         <run_address>0x6376d</run_address>
         <size>0x53c0</size>
         <input_file_ref idref="fl-6"/>
      </object_component>
      <object_component id="oc-d4">
         <name>.debug_info</name>
         <load_address>0x68b2d</load_address>
         <run_address>0x68b2d</run_address>
         <size>0x52fd</size>
         <input_file_ref idref="fl-7"/>
      </object_component>
      <object_component id="oc-d9">
         <name>.debug_info</name>
         <load_address>0x6de2a</load_address>
         <run_address>0x6de2a</run_address>
         <size>0x1209c</size>
         <input_file_ref idref="fl-8"/>
      </object_component>
      <object_component id="oc-de">
         <name>.debug_info</name>
         <load_address>0x7fec6</load_address>
         <run_address>0x7fec6</run_address>
         <size>0x14ff0</size>
         <input_file_ref idref="fl-9"/>
      </object_component>
      <object_component id="oc-e5">
         <name>.debug_info</name>
         <load_address>0x94eb6</load_address>
         <run_address>0x94eb6</run_address>
         <size>0x1b5ff</size>
         <input_file_ref idref="fl-a"/>
      </object_component>
      <object_component id="oc-ea">
         <name>.debug_info</name>
         <load_address>0xb04b5</load_address>
         <run_address>0xb04b5</run_address>
         <size>0x14d3d</size>
         <input_file_ref idref="fl-b"/>
      </object_component>
      <object_component id="oc-ef">
         <name>.debug_info</name>
         <load_address>0xc51f2</load_address>
         <run_address>0xc51f2</run_address>
         <size>0x49b</size>
         <input_file_ref idref="fl-c"/>
      </object_component>
      <object_component id="oc-f4">
         <name>.debug_info</name>
         <load_address>0xc568d</load_address>
         <run_address>0xc568d</run_address>
         <size>0x39a8</size>
         <input_file_ref idref="fl-d"/>
      </object_component>
      <object_component id="oc-f9">
         <name>.debug_info</name>
         <load_address>0xc9035</load_address>
         <run_address>0xc9035</run_address>
         <size>0x9ad</size>
         <input_file_ref idref="fl-e"/>
      </object_component>
      <object_component id="oc-fe">
         <name>.debug_info</name>
         <load_address>0xc99e2</load_address>
         <run_address>0xc99e2</run_address>
         <size>0x1509</size>
         <input_file_ref idref="fl-f"/>
      </object_component>
      <object_component id="oc-103">
         <name>.debug_info</name>
         <load_address>0xcaeeb</load_address>
         <run_address>0xcaeeb</run_address>
         <size>0x5f7a</size>
         <input_file_ref idref="fl-10"/>
      </object_component>
      <object_component id="oc-109">
         <name>.debug_info</name>
         <load_address>0xd0e65</load_address>
         <run_address>0xd0e65</run_address>
         <size>0x7d32</size>
         <input_file_ref idref="fl-11"/>
      </object_component>
      <object_component id="oc-10f">
         <name>.debug_info</name>
         <load_address>0xd8b97</load_address>
         <run_address>0xd8b97</run_address>
         <size>0x7a3</size>
         <input_file_ref idref="fl-12"/>
      </object_component>
      <object_component id="oc-114">
         <name>.debug_info</name>
         <load_address>0xd933a</load_address>
         <run_address>0xd933a</run_address>
         <size>0x469</size>
         <input_file_ref idref="fl-13"/>
      </object_component>
      <object_component id="oc-11b">
         <name>.debug_info</name>
         <load_address>0xd97a3</load_address>
         <run_address>0xd97a3</run_address>
         <size>0x11f</size>
         <input_file_ref idref="fl-14"/>
      </object_component>
      <object_component id="oc-121">
         <name>.debug_info</name>
         <load_address>0xd98c2</load_address>
         <run_address>0xd98c2</run_address>
         <size>0x185</size>
         <input_file_ref idref="fl-15"/>
      </object_component>
      <object_component id="oc-126">
         <name>.debug_info</name>
         <load_address>0xd9a47</load_address>
         <run_address>0xd9a47</run_address>
         <size>0x12d</size>
         <input_file_ref idref="fl-16"/>
      </object_component>
      <object_component id="oc-129">
         <name>.debug_info</name>
         <load_address>0xd9b74</load_address>
         <run_address>0xd9b74</run_address>
         <size>0x5835</size>
         <input_file_ref idref="fl-17"/>
      </object_component>
      <object_component id="oc-12f">
         <name>.debug_info</name>
         <load_address>0xdf3a9</load_address>
         <run_address>0xdf3a9</run_address>
         <size>0x4726</size>
         <input_file_ref idref="fl-18"/>
      </object_component>
      <object_component id="oc-134">
         <name>.debug_info</name>
         <load_address>0xe3acf</load_address>
         <run_address>0xe3acf</run_address>
         <size>0x13e60</size>
         <input_file_ref idref="fl-19"/>
      </object_component>
      <object_component id="oc-139">
         <name>.debug_info</name>
         <load_address>0xf792f</load_address>
         <run_address>0xf792f</run_address>
         <size>0xf3ed</size>
         <input_file_ref idref="fl-1a"/>
      </object_component>
      <object_component id="oc-13e">
         <name>.debug_info</name>
         <load_address>0x106d1c</load_address>
         <run_address>0x106d1c</run_address>
         <size>0x34a5</size>
         <input_file_ref idref="fl-1b"/>
      </object_component>
      <object_component id="oc-143">
         <name>.debug_info</name>
         <load_address>0x10a1c1</load_address>
         <run_address>0x10a1c1</run_address>
         <size>0x1a5</size>
         <input_file_ref idref="fl-1c"/>
      </object_component>
      <object_component id="oc-145">
         <name>.debug_info</name>
         <load_address>0x10a366</load_address>
         <run_address>0x10a366</run_address>
         <size>0x4db8</size>
         <input_file_ref idref="fl-1d"/>
      </object_component>
      <object_component id="oc-14b">
         <name>.debug_info</name>
         <load_address>0x10f11e</load_address>
         <run_address>0x10f11e</run_address>
         <size>0x342b</size>
         <input_file_ref idref="fl-1e"/>
      </object_component>
      <object_component id="oc-152">
         <name>.debug_info</name>
         <load_address>0x112549</load_address>
         <run_address>0x112549</run_address>
         <size>0x1fdf</size>
         <input_file_ref idref="fl-1f"/>
      </object_component>
      <object_component id="oc-157">
         <name>.debug_info</name>
         <load_address>0x114528</load_address>
         <run_address>0x114528</run_address>
         <size>0xff4d</size>
         <input_file_ref idref="fl-20"/>
      </object_component>
      <object_component id="oc-15b">
         <name>.debug_info</name>
         <load_address>0x124475</load_address>
         <run_address>0x124475</run_address>
         <size>0x12f</size>
         <input_file_ref idref="fl-21"/>
      </object_component>
      <object_component id="oc-15e">
         <name>.debug_info</name>
         <load_address>0x1245a4</load_address>
         <run_address>0x1245a4</run_address>
         <size>0x54f39</size>
         <input_file_ref idref="fl-22"/>
      </object_component>
      <object_component id="oc-1db">
         <name>.debug_info</name>
         <load_address>0x1794dd</load_address>
         <run_address>0x1794dd</run_address>
         <size>0x133</size>
         <input_file_ref idref="fl-36"/>
      </object_component>
      <object_component id="oc-1e1">
         <name>.debug_info</name>
         <load_address>0x179610</load_address>
         <run_address>0x179610</run_address>
         <size>0x133</size>
         <input_file_ref idref="fl-37"/>
      </object_component>
      <object_component id="oc-1e7">
         <name>.debug_info</name>
         <load_address>0x179743</load_address>
         <run_address>0x179743</run_address>
         <size>0x173</size>
         <input_file_ref idref="fl-43"/>
      </object_component>
      <object_component id="oc-1ec">
         <name>.debug_info</name>
         <load_address>0x1798b6</load_address>
         <run_address>0x1798b6</run_address>
         <size>0x114</size>
         <input_file_ref idref="fl-44"/>
      </object_component>
      <object_component id="oc-1f0">
         <name>.debug_info</name>
         <load_address>0x1799ca</load_address>
         <run_address>0x1799ca</run_address>
         <size>0x561</size>
         <input_file_ref idref="fl-45"/>
      </object_component>
      <object_component id="oc-1f5">
         <name>.debug_info</name>
         <load_address>0x179f2b</load_address>
         <run_address>0x179f2b</run_address>
         <size>0x43a</size>
         <input_file_ref idref="fl-46"/>
      </object_component>
      <object_component id="oc-1fa">
         <name>.debug_info</name>
         <load_address>0x17a365</load_address>
         <run_address>0x17a365</run_address>
         <size>0x3ad</size>
         <input_file_ref idref="fl-47"/>
      </object_component>
      <object_component id="oc-1ff">
         <name>.debug_info</name>
         <load_address>0x17a712</load_address>
         <run_address>0x17a712</run_address>
         <size>0x3aa</size>
         <input_file_ref idref="fl-48"/>
      </object_component>
      <object_component id="oc-204">
         <name>.debug_info</name>
         <load_address>0x17aabc</load_address>
         <run_address>0x17aabc</run_address>
         <size>0x544</size>
         <input_file_ref idref="fl-49"/>
      </object_component>
      <object_component id="oc-20b">
         <name>.debug_info</name>
         <load_address>0x17b000</load_address>
         <run_address>0x17b000</run_address>
         <size>0x4cc</size>
         <input_file_ref idref="fl-4a"/>
      </object_component>
      <object_component id="oc-210">
         <name>.debug_info</name>
         <load_address>0x17b4cc</load_address>
         <run_address>0x17b4cc</run_address>
         <size>0x467</size>
         <input_file_ref idref="fl-4b"/>
      </object_component>
      <object_component id="oc-2f3">
         <name>.debug_info</name>
         <load_address>0x17b933</load_address>
         <run_address>0x17b933</run_address>
         <size>0xaa</size>
      </object_component>
      <object_component id="oc-ab">
         <name>.debug_frame</name>
         <load_address>0x0</load_address>
         <run_address>0x0</run_address>
         <size>0x1f8</size>
         <input_file_ref idref="fl-2"/>
      </object_component>
      <object_component id="oc-b4">
         <name>.debug_frame</name>
         <load_address>0x1f8</load_address>
         <run_address>0x1f8</run_address>
         <size>0x440</size>
         <input_file_ref idref="fl-3"/>
      </object_component>
      <object_component id="oc-c6">
         <name>.debug_frame</name>
         <load_address>0x638</load_address>
         <run_address>0x638</run_address>
         <size>0x94</size>
         <input_file_ref idref="fl-4"/>
      </object_component>
      <object_component id="oc-cb">
         <name>.debug_frame</name>
         <load_address>0x6cc</load_address>
         <run_address>0x6cc</run_address>
         <size>0xb4</size>
         <input_file_ref idref="fl-5"/>
      </object_component>
      <object_component id="oc-d0">
         <name>.debug_frame</name>
         <load_address>0x780</load_address>
         <run_address>0x780</run_address>
         <size>0x48</size>
         <input_file_ref idref="fl-6"/>
      </object_component>
      <object_component id="oc-d5">
         <name>.debug_frame</name>
         <load_address>0x7c8</load_address>
         <run_address>0x7c8</run_address>
         <size>0x28</size>
         <input_file_ref idref="fl-7"/>
      </object_component>
      <object_component id="oc-da">
         <name>.debug_frame</name>
         <load_address>0x7f0</load_address>
         <run_address>0x7f0</run_address>
         <size>0x28</size>
         <input_file_ref idref="fl-8"/>
      </object_component>
      <object_component id="oc-e1">
         <name>.debug_frame</name>
         <load_address>0x818</load_address>
         <run_address>0x818</run_address>
         <size>0x28</size>
         <input_file_ref idref="fl-9"/>
      </object_component>
      <object_component id="oc-e6">
         <name>.debug_frame</name>
         <load_address>0x840</load_address>
         <run_address>0x840</run_address>
         <size>0x100</size>
         <input_file_ref idref="fl-a"/>
      </object_component>
      <object_component id="oc-eb">
         <name>.debug_frame</name>
         <load_address>0x940</load_address>
         <run_address>0x940</run_address>
         <size>0x28</size>
         <input_file_ref idref="fl-b"/>
      </object_component>
      <object_component id="oc-f0">
         <name>.debug_frame</name>
         <load_address>0x968</load_address>
         <run_address>0x968</run_address>
         <size>0x60</size>
         <input_file_ref idref="fl-c"/>
      </object_component>
      <object_component id="oc-f5">
         <name>.debug_frame</name>
         <load_address>0x9c8</load_address>
         <run_address>0x9c8</run_address>
         <size>0x328</size>
         <input_file_ref idref="fl-d"/>
      </object_component>
      <object_component id="oc-fa">
         <name>.debug_frame</name>
         <load_address>0xcf0</load_address>
         <run_address>0xcf0</run_address>
         <size>0xb4</size>
         <input_file_ref idref="fl-e"/>
      </object_component>
      <object_component id="oc-ff">
         <name>.debug_frame</name>
         <load_address>0xda4</load_address>
         <run_address>0xda4</run_address>
         <size>0x19c</size>
         <input_file_ref idref="fl-f"/>
      </object_component>
      <object_component id="oc-105">
         <name>.debug_frame</name>
         <load_address>0xf40</load_address>
         <run_address>0xf40</run_address>
         <size>0x10c</size>
         <input_file_ref idref="fl-10"/>
      </object_component>
      <object_component id="oc-10b">
         <name>.debug_frame</name>
         <load_address>0x104c</load_address>
         <run_address>0x104c</run_address>
         <size>0x28</size>
         <input_file_ref idref="fl-11"/>
      </object_component>
      <object_component id="oc-110">
         <name>.debug_frame</name>
         <load_address>0x1074</load_address>
[...]
      </symbol>
      <symbol id="sm-8d9">
         <name>_Flash0EccRegs</name>
         <value>0x5fb00</value>
         <object_component_ref idref="oc-1a1"/>
      </symbol>
      <symbol id="sm-8da">
         <name>_IpcRegs</name>
         <value>0x50000</value>
         <object_component_ref idref="oc-19d"/>
      </symbol>
      <symbol id="sm-8db">
         <name>_Clb2LogicCfgRegs</name>
         <value>0x3400</value>
         <object_component_ref idref="oc-1a7"/>
      </symbol>
      <symbol id="sm-8dc">
         <name>_Clb2LogicCtrlRegs</name>
         <value>0x3500</value>
         <object_component_ref idref="oc-1ab"/>
      </symbol>
      <symbol id="sm-8dd">
         <name>_InputXbarRegs</name>
         <value>0x7900</value>
         <object_component_ref idref="oc-18f"/>
      </symbol>
      <symbol id="sm-8de">
         <name>_EPwmXbarRegs</name>
         <value>0x7a00</value>
         <object_component_ref idref="oc-1af"/>
      </symbol>
      <symbol id="sm-8df">
         <name>_Cmpss7Regs</name>
         <value>0x5d40</value>
         <object_component_ref idref="oc-184"/>
      </symbol>
      <symbol id="sm-8e0">
         <name>_DcsmZ2Regs</name>
         <value>0x5f040</value>
         <object_component_ref idref="oc-19c"/>
      </symbol>
      <symbol id="sm-8e1">
         <name>_EPwm4Regs</name>
         <value>0x4300</value>
         <object_component_ref idref="oc-1c7"/>
      </symbol>
      <symbol id="sm-8e2">
         <name>_FlashPumpSemaphoreRegs</name>
         <value>0x50024</value>
         <object_component_ref idref="oc-161"/>
      </symbol>
      <symbol id="sm-8e3">
         <name>_ECap5Regs</name>
         <value>0x5080</value>
         <object_component_ref idref="oc-18d"/>
      </symbol>
      <symbol id="sm-8e4">
         <name>_I2cbRegs</name>
         <value>0x7340</value>
         <object_component_ref idref="oc-19a"/>
      </symbol>
      <symbol id="sm-8e5">
         <name>_CpuTimer1Regs</name>
         <value>0xc08</value>
         <object_component_ref idref="oc-16b"/>
      </symbol>
      <symbol id="sm-8e6">
         <name>_RomPrefetchRegs</name>
         <value>0x5e608</value>
         <object_component_ref idref="oc-162"/>
      </symbol>
      <symbol id="sm-8e7">
         <name>_Clb4LogicCtrlRegs</name>
         <value>0x3d00</value>
         <object_component_ref idref="oc-1ad"/>
      </symbol>
      <symbol id="sm-8e8">
         <name>_Cmpss4Regs</name>
         <value>0x5ce0</value>
         <object_component_ref idref="oc-181"/>
      </symbol>
      <symbol id="sm-8e9">
         <name>_Clb1DataExchRegs</name>
         <value>0x40</value>
         <object_component_ref idref="oc-1d0"/>
      </symbol>
      <symbol id="sm-8ea">
         <name>_EPwm5Regs</name>
         <value>0x4400</value>
         <object_component_ref idref="oc-1c8"/>
      </symbol>
      <symbol id="sm-8eb">
         <name>_UppRegs</name>
         <value>0x6200</value>
         <object_component_ref idref="oc-1b4"/>
      </symbol>
      <symbol id="sm-8ec">
         <name>_SpiaRegs</name>
         <value>0x6100</value>
         <object_component_ref idref="oc-174"/>
      </symbol>
      <symbol id="sm-8ed">
         <name>_CpuSysRegs</name>
         <value>0x5d300</value>
         <object_component_ref idref="oc-1c0"/>
      </symbol>
      <symbol id="sm-8ee">
         <name>_Cla1SoftIntRegs</name>
         <value>0xce0</value>
         <object_component_ref idref="oc-164"/>
      </symbol>
      <symbol id="sm-8ef">
         <name>_ECap6Regs</name>
         <value>0x50a0</value>
         <object_component_ref idref="oc-18e"/>
      </symbol>
      <symbol id="sm-8f0">
         <name>_ClbXbarRegs</name>
         <value>0x7a40</value>
         <object_component_ref idref="oc-1ae"/>
      </symbol>
      <symbol id="sm-8f1">
         <name>_DmaRegs</name>
         <value>0x1000</value>
         <object_component_ref idref="oc-1c1"/>
      </symbol>
      <symbol id="sm-8f2">
         <name>_XintRegs</name>
         <value>0x7070</value>
         <object_component_ref idref="oc-16e"/>
      </symbol>
      <symbol id="sm-8f3">
         <name>_CpuTimer0Regs</name>
         <value>0xc00</value>
         <object_component_ref idref="oc-16a"/>
      </symbol>
      <symbol id="sm-8f4">
         <name>_Cmpss5Regs</name>
         <value>0x5d00</value>
         <object_component_ref idref="oc-182"/>
      </symbol>
      <symbol id="sm-8f5">
         <name>_Emif1Regs</name>
         <value>0x47000</value>
         <object_component_ref idref="oc-1b5"/>
      </symbol>
      <symbol id="sm-8f6">
         <name>_AccessProtectionRegs</name>
         <value>0x5f4c0</value>
         <object_component_ref idref="oc-1b1"/>
      </symbol>
      <symbol id="sm-8f7">
         <name>_MemCfgRegs</name>
         <value>0x5f400</value>
         <object_component_ref idref="oc-1bc"/>
      </symbol>
      <symbol id="sm-8f8">
         <name>_DacaRegs</name>
         <value>0x5c00</value>
         <object_component_ref idref="oc-167"/>
      </symbol>
      <symbol id="sm-8f9">
         <name>_McbspbRegs</name>
         <value>0x6040</value>
         <object_component_ref idref="oc-1a0"/>
      </symbol>
      <symbol id="sm-8fa">
         <name>_EPwm6Regs</name>
         <value>0x4500</value>
         <object_component_ref idref="oc-1c9"/>
      </symbol>
      <symbol id="sm-8fb">
         <name>_AdcaRegs</name>
         <value>0x7400</value>
         <object_component_ref idref="oc-1b7"/>
      </symbol>
      <symbol id="sm-8fc">
         <name>_SciaRegs</name>
         <value>0x7200</value>
         <object_component_ref idref="oc-16f"/>
      </symbol>
      <symbol id="sm-8fd">
         <name>_EPwm11Regs</name>
         <value>0x4a00</value>
         <object_component_ref idref="oc-1ce"/>
      </symbol>
      <symbol id="sm-8fe">
         <name>_GpioDataRegs</name>
         <value>0x7f00</value>
         <object_component_ref idref="oc-1a3"/>
      </symbol>
      <symbol id="sm-8ff">
         <name>_Sdfm1Regs</name>
         <value>0x5e00</value>
         <object_component_ref idref="oc-1bd"/>
      </symbol>
      <symbol id="sm-900">
         <name>_Cmpss2Regs</name>
         <value>0x5ca0</value>
         <object_component_ref idref="oc-17f"/>
      </symbol>
      <symbol id="sm-901">
         <name>_Emif2Regs</name>
         <value>0x47800</value>
         <object_component_ref idref="oc-1b6"/>
      </symbol>
      <symbol id="sm-902">
         <name>_DcsmZ1Regs</name>
         <value>0x5f000</value>
         <object_component_ref idref="oc-19b"/>
      </symbol>
      <symbol id="sm-903">
         <name>_Flash0CtrlRegs</name>
         <value>0x5f800</value>
         <object_component_ref idref="oc-1d6"/>
      </symbol>
      <symbol id="sm-904">
         <name>_EPwm7Regs</name>
         <value>0x4600</value>
         <object_component_ref idref="oc-1ca"/>
      </symbol>
      <symbol id="sm-905">
         <name>_SpicRegs</name>
         <value>0x6120</value>
         <object_component_ref idref="oc-177"/>
      </symbol>
      <symbol id="sm-906">
         <name>_Clb4DataExchRegs</name>
         <value>0x540</value>
         <object_component_ref idref="oc-1d3"/>
      </symbol>
      <symbol id="sm-907">
         <name>_EPwm10Regs</name>
         <value>0x4900</value>
         <object_component_ref idref="oc-1cd"/>
      </symbol>
      <symbol id="sm-908">
         <name>_CpuTimer2Regs</name>
         <value>0xc10</value>
         <object_component_ref idref="oc-16c"/>
      </symbol>
      <symbol id="sm-909">
         <name>_Clb3LogicCfgRegs</name>
         <value>0x3800</value>
         <object_component_ref idref="oc-1a8"/>
      </symbol>
      <symbol id="sm-90a">
         <name>_DmaClaSrcSelRegs</name>
         <value>0x7980</value>
         <object_component_ref idref="oc-17c"/>
      </symbol>
      <symbol id="sm-90b">
         <name>_AnalogSubsysRegs</name>
         <value>0x5d180</value>
         <object_component_ref idref="oc-1b3"/>
      </symbol>
      <symbol id="sm-90c">
         <name>_Cmpss3Regs</name>
         <value>0x5cc0</value>
         <object_component_ref idref="oc-180"/>
      </symbol>
      <symbol id="sm-90d">
         <name>_DaccRegs</name>
         <value>0x5c20</value>
         <object_component_ref idref="oc-169"/>
      </symbol>
      <symbol id="sm-90e">
         <name>_PieCtrlRegs</name>
         <value>0xce0</value>
         <object_component_ref idref="oc-17d"/>
      </symbol>
      <symbol id="sm-90f">
         <name>_DevCfgRegs</name>
         <value>0x5d000</value>
         <object_component_ref idref="oc-1d4"/>
      </symbol>
      <symbol id="sm-910">
         <name>_SpibRegs</name>
         <value>0x6110</value>
         <object_component_ref idref="oc-176"/>
      </symbol>
      <symbol id="sm-911">
         <name>_Clb1LogicCtrlRegs</name>
         <value>0x3100</value>
         <object_component_ref idref="oc-1aa"/>
      </symbol>
      <symbol id="sm-912">
         <name>_AdccRegs</name>
         <value>0x7500</value>
         <object_component_ref idref="oc-1ba"/>
      </symbol>
      <symbol id="sm-913">
         <name>_ScicRegs</name>
         <value>0x7220</value>
         <object_component_ref idref="oc-172"/>
      </symbol>
      <symbol id="sm-914">
         <name>_ECap1Regs</name>
         <value>0x5000</value>
         <object_component_ref idref="oc-188"/>
      </symbol>
      <symbol id="sm-915">
         <name>_EmuKey</name>
         <value>0xd00</value>
         <object_component_ref idref="oc-15f"/>
      </symbol>
      <symbol id="sm-916">
         <name>_OutputXbarRegs</name>
         <value>0x7a80</value>
         <object_component_ref idref="oc-1b0"/>
      </symbol>
      <symbol id="sm-917">
         <name>_MemoryErrorRegs</name>
         <value>0x5f500</value>
         <object_component_ref idref="oc-1b2"/>
      </symbol>
      <symbol id="sm-918">
         <name>_Cla1Regs</name>
         <value>0x1400</value>
         <object_component_ref idref="oc-1a5"/>
      </symbol>
      <symbol id="sm-919">
         <name>_DcsmZ2Otp</name>
         <value>0x78200</value>
         <object_component_ref idref="oc-187"/>
      </symbol>
      <symbol id="sm-91a">
         <name>_EQep1Regs</name>
         <value>0x5100</value>
         <object_component_ref idref="oc-194"/>
      </symbol>
      <symbol id="sm-91b">
         <name>_DacbRegs</name>
         <value>0x5c10</value>
         <object_component_ref idref="oc-168"/>
      </symbol>
      <symbol id="sm-91c">
         <name>_Clb2DataExchRegs</name>
         <value>0x600</value>
         <object_component_ref idref="oc-1d1"/>
      </symbol>
      <symbol id="sm-91d">
         <name>_Clb4LogicCfgRegs</name>
         <value>0x3c00</value>
         <object_component_ref idref="oc-1a9"/>
      </symbol>
      <symbol id="sm-91e">
         <name>_McbspaRegs</name>
         <value>0x6000</value>
         <object_component_ref idref="oc-19e"/>
      </symbol>
      <symbol id="sm-91f">
         <name>_EPwm1Regs</name>
         <value>0x4000</value>
         <object_component_ref idref="oc-1c2"/>
      </symbol>
      <symbol id="sm-920">
         <name>_Clb3LogicCtrlRegs</name>
         <value>0x3900</value>
         <object_component_ref idref="oc-1ac"/>
      </symbol>
      <symbol id="sm-921">
         <name>_AdcbRegs</name>
         <value>0x7480</value>
         <object_component_ref idref="oc-1b9"/>
      </symbol>
      <symbol id="sm-922">
         <name>_ScibRegs</name>
         <value>0x7210</value>
         <object_component_ref idref="oc-171"/>
      </symbol>
      <symbol id="sm-923">
         <name>_AdcaResultRegs</name>
         <value>0xb00</value>
         <object_component_ref idref="oc-178"/>
      </symbol>
      <symbol id="sm-924">
         <name>_ECap2Regs</name>
         <value>0x5020</value>
         <object_component_ref idref="oc-18a"/>
      </symbol>
      <symbol id="sm-925">
         <name>_EPwm12Regs</name>
         <value>0x4b00</value>
         <object_component_ref idref="oc-1cf"/>
      </symbol>
      <symbol id="sm-926">
         <name>_AdcbResultRegs</name>
         <value>0xb20</value>
         <object_component_ref idref="oc-179"/>
      </symbol>
      <symbol id="sm-927">
         <name>_Clb1LogicCfgRegs</name>
         <value>0x3000</value>
         <object_component_ref idref="oc-1a6"/>
      </symbol>
      <symbol id="sm-928">
         <name>_AdccResultRegs</name>
         <value>0xb40</value>
         <object_component_ref idref="oc-17a"/>
      </symbol>
      <symbol id="sm-929">
         <name>_Emif1ConfigRegs</name>
         <value>0x5f480</value>
         <object_component_ref idref="oc-192"/>
      </symbol>
      <symbol id="sm-92a">
         <name>_Sdfm2Regs</name>
         <value>0x5e80</value>
         <object_component_ref idref="oc-1bf"/>
      </symbol>
      <symbol id="sm-92b">
         <name>_AdcdResultRegs</name>
         <value>0xb60</value>
         <object_component_ref idref="oc-17b"/>
      </symbol>
      <symbol id="sm-92c">
         <name>_EQep2Regs</name>
         <value>0x5140</value>
         <object_component_ref idref="oc-196"/>
      </symbol>
      <symbol id="sm-92d">
         <name>_Cmpss1Regs</name>
         <value>0x5c80</value>
         <object_component_ref idref="oc-17e"/>
      </symbol>
      <symbol id="sm-92e">
         <name>_EPwm8Regs</name>
         <value>0x4700</value>
         <object_component_ref idref="oc-1cb"/>
      </symbol>
      <symbol id="sm-92f">
         <name>_Emif2ConfigRegs</name>
         <value>0x5f4a0</value>
         <object_component_ref idref="oc-193"/>
      </symbol>
      <symbol id="sm-930">
         <name>_DcsmCommonRegs</name>
         <value>0x5f070</value>
         <object_component_ref idref="oc-16d"/>
      </symbol>
      <symbol id="sm-931">
         <name>_EPwm2Regs</name>
         <value>0x4100</value>
         <object_component_ref idref="oc-1c5"/>
      </symbol>
      <symbol id="sm-932">
         <name>_ECap3Regs</name>
         <value>0x5040</value>
         <object_component_ref idref="oc-18b"/>
      </symbol>
      <symbol id="sm-933">
         <name>_Cmpss8Regs</name>
         <value>0x5d60</value>
         <object_component_ref idref="oc-185"/>
      </symbol>
      <symbol id="sm-934">
         <name>_EQep3Regs</name>
         <value>0x5180</value>
         <object_component_ref idref="oc-197"/>
      </symbol>
      <symbol id="sm-935">
         <name>_SyncSocRegs</name>
         <value>0x7940</value>
         <object_component_ref idref="oc-165"/>
      </symbol>
      <symbol id="sm-936">
         <name>_EPwm9Regs</name>
         <value>0x4800</value>
         <object_component_ref idref="oc-1cc"/>
      </symbol>
      <symbol id="sm-937">
         <name>_NmiIntruptRegs</name>
         <value>0x7060</value>
         <object_component_ref idref="oc-166"/>
      </symbol>
      <symbol id="sm-938">
         <name>_EPwm3Regs</name>
         <value>0x4200</value>
         <object_component_ref idref="oc-1c6"/>
      </symbol>
      <symbol id="sm-939">
         <name>_I2caRegs</name>
         <value>0x7300</value>
         <object_component_ref idref="oc-198"/>
      </symbol>
      <symbol id="sm-949">
         <name>_CLAcosPU</name>
         <value>0xaf48</value>
         <object_component_ref idref="oc-1d9"/>
      </symbol>
      <symbol id="sm-959">
         <name>_CLAsinPU</name>
         <value>0xaf80</value>
         <object_component_ref idref="oc-1df"/>
      </symbol>
      <symbol id="sm-974">
         <name>_c_int00</name>
         <value>0x8fa3</value>
         <object_component_ref idref="oc-9d"/>
      </symbol>
      <symbol id="sm-975">
         <name>__stack</name>
         <value>0x400</value>
         <object_component_ref idref="oc-1e5"/>
      </symbol>
      <symbol id="sm-986">
         <name>FS$$DIV</name>
         <value>0x33a</value>
         <object_component_ref idref="oc-1eb"/>
      </symbol>
      <symbol id="sm-995">
         <name>_copy_in</name>
         <value>0x87dc</value>
         <object_component_ref idref="oc-216"/>
      </symbol>
      <symbol id="sm-9a7">
         <name>_memcpy</name>
         <value>0x97a4</value>
         <object_component_ref idref="oc-227"/>
      </symbol>
      <symbol id="sm-9b4">
         <name>__system_pre_init</name>
         <value>0x8ff9</value>
         <object_component_ref idref="oc-215"/>
      </symbol>
      <symbol id="sm-9c2">
         <name>__system_post_cinit</name>
         <value>0x31f</value>
         <object_component_ref idref="oc-217"/>
      </symbol>
      <symbol id="sm-9d7">
         <name>C$$EXIT</name>
         <value>0x3c2</value>
         <object_component_ref idref="oc-219"/>
      </symbol>
      <symbol id="sm-9d8">
         <name>_exit</name>
         <value>0x3c4</value>
         <object_component_ref idref="oc-219"/>
      </symbol>
      <symbol id="sm-9da">
         <name>___TI_cleanup_ptr</name>
         <value>0xa97c</value>
         <object_component_ref idref="oc-206"/>
      </symbol>
      <symbol id="sm-9db">
         <name>___TI_enable_exit_profile_output</name>
         <value>0xa97a</value>
         <object_component_ref idref="oc-206"/>
      </symbol>
      <symbol id="sm-9dc">
         <name>_abort</name>
         <value>0x3c2</value>
         <object_component_ref idref="oc-219"/>
      </symbol>
      <symbol id="sm-9de">
         <name>___TI_dtors_ptr</name>
         <value>0xa97e</value>
         <object_component_ref idref="oc-206"/>
      </symbol>
      <symbol id="sm-9f2">
         <name>__unlock</name>
         <value>0xa93e</value>
         <object_component_ref idref="oc-23c"/>
      </symbol>
      <symbol id="sm-9f3">
         <name>__lock</name>
         <value>0xa8fe</value>
         <object_component_ref idref="oc-228"/>
      </symbol>
      <symbol id="sm-9f4">
         <name>__register_lock</name>
         <value>0x97e4</value>
         <object_component_ref idref="oc-238"/>
      </symbol>
      <symbol id="sm-9f6">
         <name>__nop</name>
         <value>0x97e8</value>
         <object_component_ref idref="oc-238"/>
      </symbol>
      <symbol id="sm-9f8">
         <name>__register_unlock</name>
         <value>0x97e0</value>
         <object_component_ref idref="oc-238"/>
      </symbol>
      <symbol id="sm-a08">
         <name>__args_main</name>
         <value>0x3eb</value>
         <object_component_ref idref="oc-218"/>
      </symbol>
      <symbol id="sm-a0b">
         <name>_CLAsincosTable_Coef0</name>
         <value>0xfe54</value>
      </symbol>
      <symbol id="sm-a0d">
         <name>_CLAsincosTable_Coef1_pos</name>
         <value>0xfe58</value>
      </symbol>
      <symbol id="sm-a0f">
         <name>_CLAsincosTable_Coef1</name>
         <value>0xfe56</value>
      </symbol>
      <symbol id="sm-a11">
         <name>_CLAsincosTable_Coef2</name>
         <value>0xfe5a</value>
      </symbol>
      <symbol id="sm-a13">
         <name>_CLAsincosTable_Coef3_neg</name>
         <value>0xfe5e</value>
      </symbol>
      <symbol id="sm-a15">
         <name>_CLAsincosTable_Coef3</name>
         <value>0xfe5c</value>
      </symbol>
      <symbol id="sm-a17">
         <name>_CLAsincosTable_Cos0</name>
         <value>0xfd4a</value>
      </symbol>
      <symbol id="sm-a19">
         <name>_CLAsincosTable_Sin0</name>
         <value>0xfd0a</value>
      </symbol>
      <symbol id="sm-a1b">
         <name>_CLAsincosTable_TABLE_MASK</name>
         <value>0xfe52</value>
      </symbol>
      <symbol id="sm-a1d">
         <name>_CLAsincosTable_TABLE_SIZE</name>
         <value>0xfe4c</value>
      </symbol>
      <symbol id="sm-a1f">
         <name>_CLAsincosTable_TwoPiDivTABLE_SIZE</name>
         <value>0xfe50</value>
      </symbol>
   </symbol_table>
   <title>Link errors: red sections failed placement,available memory ranges in purple</title>
</link_info>
